============================================================
  Generated by:           Genus(TM) Synthesis Solution 21.18-s082_1
  Generated on:           Jul 10 2026  11:18:36 am
  Module:                 cache_ECC
  Operating conditions:   PVT_0P9V_125C 
  Operating conditions:   PVT_1P32V_0C 
  Interconnect mode:      global
  Area mode:              physical library
============================================================


Path 1: VIOLATED (-290 ps) Late External Delay Assertion at pin data_cpu[4]
          Group: clk
     Startpoint: (R) memory_cache/data_out1_raw_reg[redun2][5]/CK
          Clock: (R) clk
       Endpoint: (F) data_cpu[4]
          Clock: (R) clk

                     Capture       Launch     
        Clock Edge:+    2976            0     
       Src Latency:+       0            0     
       Net Latency:+     100 (I)      100 (I) 
           Arrival:=    3076          100     
                                              
      Output Delay:-     300                  
       Uncertainty:-      50                  
     Required Time:=    2726                  
      Launch Clock:-     100                  
         Data Path:-    2916                  
             Slack:=    -290                  

Exceptions/Constraints:
  output_delay             300             cache_ECC.sdc_line_35_38_1 

#-----------------------------------------------------------------------------------------------------------------------
#                Timing Point                  Flags    Arc   Edge    Cell     Fanout Load Trans Delay Arrival Instance 
#                                                                                     (fF)  (ps)  (ps)   (ps)  Location 
#-----------------------------------------------------------------------------------------------------------------------
  memory_cache/data_out1_raw_reg[redun2][5]/CK -       -      R     (arrival)     712    -     0     0     100    (-,-) 
  memory_cache/data_out1_raw_reg[redun2][5]/Q  -       CK->Q  F     DFFHQX4         3 11.8    92   260     360    (-,-) 
  dec_way1/u_decoder/fopt3/Y                   -       A->Y   R     CLKINVX8        2  8.4    46    60     420    (-,-) 
  dec_way1/u_decoder/g739__5115/Y              -       B->Y   F     NOR2X8          1  5.8    51    45     465    (-,-) 
  dec_way1/u_decoder/g725__8428/Y              -       A->Y   R     NOR2X8          2  5.6    59    71     537    (-,-) 
  dec_way1/u_decoder/g710__9945/Y              -       S0->Y  F     CLKMX2X3        3  7.2    91   220     757    (-,-) 
  dec_way1/u_decoder/g703__1881/Y              -       S0->Y  R     CLKMX2X3        1  5.3    67   229     986    (-,-) 
  dec_way1/u_decoder/g699/Y                    -       A->Y   F     CLKINVX6        3  9.7    63    66    1052    (-,-) 
  dec_way1/g18691__9945/Y                      -       B->Y   R     NOR2BX4         1  6.1    96    85    1137    (-,-) 
  dec_way1/g18627__1666/Y                      -       A->Y   F     NOR2X8          2  6.6    54    77    1214    (-,-) 
  dec_way1/g18619/Y                            -       A->Y   F     BUFX6           2  7.8    52    97    1311    (-,-) 
  dec_way1/g18610__5115/Y                      -       B->Y   R     NOR2X8          1  6.1    65    61    1372    (-,-) 
  dec_way1/g18603__5122/Y                      -       A->Y   F     NOR2X8          3  7.8    59    65    1437    (-,-) 
  dec_way1/g18572__2346/Y                      -       A1N->Y F     AOI2BB2X4       1  3.3   119   168    1606    (-,-) 
  dec_way1/g18567__9315/Y                      -       S0->Y  F     MXI2X4          2  9.5    81   280    1886    (-,-) 
  dec_way1/g18557/Y                            -       A->Y   R     CLKINVX6        2  8.4    49    60    1946    (-,-) 
  dec_way1/g18554__7098/Y                      -       B0->Y  F     AOI2BB1X4       1  5.8    76    64    2010    (-,-) 
  dec_way1/g18548__2802/Y                      -       B->Y   R     NOR2X8          2  8.4    78    78    2088    (-,-) 
  dec_way1/g18546/Y                            -       A->Y   F     CLKINVX6        2  7.3    54    65    2153    (-,-) 
  dec_way1/g18543__3680/Y                      -       B->Y   R     NOR2X6          1  5.3    66    65    2217    (-,-) 
  dec_way1/g18539__4319/Y                      -       A->Y   F     NOR2X6          1  4.3    46    62    2279    (-,-) 
  dec_way1/g18538__6260/Y                      -       B0->Y  R     AOI21X4         1  4.4    82    74    2354    (-,-) 
  dec_way1/g18537__5107/Y                      -       B->Y   R     CLKAND2X12      8 17.7    57   139    2492    (-,-) 
  dec_way1/g18532__1666/Y                      -       S0->Y  F     CLKMX2X3        1  4.4    68   206    2699    (-,-) 
  cache_controller_u/g6975__2346/Y             -       A1->Y  R     AOI21X4         1  3.9    84    90    2788    (-,-) 
  cache_controller_u/g6953__5526/Y             -       A->Y   R     CLKAND2X6       1  7.8    47   135    2923    (-,-) 
  cache_controller_u/g6949/Y                   -       A->Y   F     CLKINVX12       1 47.9   126    93    3016    (-,-) 
  data_cpu[4]                                  <<<     -      F     (port)          -    -     -     0    3016    (-,-) 
#-----------------------------------------------------------------------------------------------------------------------

