============================================================
  Generated by:           Genus(TM) Synthesis Solution 21.18-s082_1
  Generated on:           Jul 10 2026  11:18:36 am
  Module:                 cache_ECC
  Operating conditions:   PVT_0P9V_125C 
  Operating conditions:   PVT_1P32V_0C 
  Interconnect mode:      global
  Area mode:              physical library
============================================================

                                                Library 
   Gate     Instances    Area        Library     Domain 
--------------------------------------------------------
ACHCONX2            1     12.654    slow_vdd1v0   worst 
ADDFHX2             4     32.832    slow_vdd1v0   worst 
ADDHX2              3     15.390    slow_vdd1v0   worst 
ADDHX4              1      7.182    slow_vdd1v0   worst 
AND2X1            158    216.144    slow_vdd1v0   worst 
AND2X2              5      8.550    slow_vdd1v0   worst 
AND2X4             24     65.664    slow_vdd1v0   worst 
AND2X6             18     67.716    slow_vdd1v0   worst 
AND2X8              8     35.568    slow_vdd1v0   worst 
AO21X1              1      2.394    slow_vdd1v0   worst 
AO22X1              9     24.624    slow_vdd1v0   worst 
AOI211X1            1      2.394    slow_vdd1v0   worst 
AOI21X2             3      8.208    slow_vdd1v0   worst 
AOI21X4            23    117.990    slow_vdd1v0   worst 
AOI221X4            1      7.866    slow_vdd1v0   worst 
AOI222X4            8     76.608    slow_vdd1v0   worst 
AOI22X1           309    634.068    slow_vdd1v0   worst 
AOI22X2             2      7.524    slow_vdd1v0   worst 
AOI22X4             2     12.312    slow_vdd1v0   worst 
AOI2BB1X2           1      3.078    slow_vdd1v0   worst 
AOI2BB1X4           5     20.520    slow_vdd1v0   worst 
AOI2BB2X4           4     30.096    slow_vdd1v0   worst 
BMXIX2              1      7.524    slow_vdd1v0   worst 
BUFX2              41     70.110    slow_vdd1v0   worst 
BUFX3               4      8.208    slow_vdd1v0   worst 
BUFX6              26     80.028    slow_vdd1v0   worst 
CLKAND2X12          2     15.048    slow_vdd1v0   worst 
CLKAND2X2           3      6.156    slow_vdd1v0   worst 
CLKAND2X3           6     18.468    slow_vdd1v0   worst 
CLKAND2X6          20     95.760    slow_vdd1v0   worst 
CLKAND2X8           8     46.512    slow_vdd1v0   worst 
CLKBUFX16           2     13.680    slow_vdd1v0   worst 
CLKBUFX4            1      2.394    slow_vdd1v0   worst 
CLKINVX12          14     57.456    slow_vdd1v0   worst 
CLKINVX16           8     43.776    slow_vdd1v0   worst 
CLKINVX2            6      8.208    slow_vdd1v0   worst 
CLKINVX3            3      5.130    slow_vdd1v0   worst 
CLKINVX4           47     80.370    slow_vdd1v0   worst 
CLKINVX6           47    112.518    slow_vdd1v0   worst 
CLKINVX8           30     92.340    slow_vdd1v0   worst 
CLKMX2X2            3      9.234    slow_vdd1v0   worst 
CLKMX2X3           66    270.864    slow_vdd1v0   worst 
CLKMX2X6            8     35.568    slow_vdd1v0   worst 
CLKXOR2X1          19     51.984    slow_vdd1v0   worst 
CLKXOR2X2           7     23.940    slow_vdd1v0   worst 
DFFHQX1             8     43.776    slow_vdd1v0   worst 
DFFHQX4            46    377.568    slow_vdd1v0   worst 
DFFQX2             17    110.466    slow_vdd1v0   worst 
DFFQX4              4     28.728    slow_vdd1v0   worst 
DFFRHQX1           53    326.268    slow_vdd1v0   worst 
DFFRHQX2            1      7.866    slow_vdd1v0   worst 
DFFRHQX4            1      9.576    slow_vdd1v0   worst 
DFFRX1              1      6.840    slow_vdd1v0   worst 
DFFRX2              5     37.620    slow_vdd1v0   worst 
EDFFHQX1          576   4924.800    slow_vdd1v0   worst 
INVX1              41     28.044    slow_vdd1v0   worst 
INVX2              31     31.806    slow_vdd1v0   worst 
INVX3              12     16.416    slow_vdd1v0   worst 
INVX4               1      1.710    slow_vdd1v0   worst 
INVX6               2      4.788    slow_vdd1v0   worst 
INVX8               2      6.156    slow_vdd1v0   worst 
MX2X1              35     83.790    slow_vdd1v0   worst 
MXI2X1              5     13.680    slow_vdd1v0   worst 
MXI2X2              6     26.676    slow_vdd1v0   worst 
MXI2X4             11     56.430    slow_vdd1v0   worst 
NAND2BX1            9     12.312    slow_vdd1v0   worst 
NAND2BX2            4      9.576    slow_vdd1v0   worst 
NAND2BX4            7     26.334    slow_vdd1v0   worst 
NAND2X1            75     76.950    slow_vdd1v0   worst 
NAND2X2            12     20.520    slow_vdd1v0   worst 
NAND2X4            16     54.720    slow_vdd1v0   worst 
NAND2X6            22    105.336    slow_vdd1v0   worst 
NAND2X8            13     71.136    slow_vdd1v0   worst 
NAND4X8             2     20.520    slow_vdd1v0   worst 
NOR2BX1             9     12.312    slow_vdd1v0   worst 
NOR2BX2            32     87.552    slow_vdd1v0   worst 
NOR2BX4            20     75.240    slow_vdd1v0   worst 
NOR2X1             13     13.338    slow_vdd1v0   worst 
NOR2X2             25     42.750    slow_vdd1v0   worst 
NOR2X4             71    218.538    slow_vdd1v0   worst 
NOR2X6             76    311.904    slow_vdd1v0   worst 
NOR2X8             39    213.408    slow_vdd1v0   worst 
NOR3BX4             5     29.070    slow_vdd1v0   worst 
NOR3X2              1      2.736    slow_vdd1v0   worst 
NOR3X4              1      5.130    slow_vdd1v0   worst 
NOR3X6              2     14.364    slow_vdd1v0   worst 
NOR3X8              6     53.352    slow_vdd1v0   worst 
OA21X1              8     16.416    slow_vdd1v0   worst 
OAI21X1             3      5.130    slow_vdd1v0   worst 
OAI21X2             2      6.156    slow_vdd1v0   worst 
OAI21X4             9     43.092    slow_vdd1v0   worst 
OAI22X1             6     12.312    slow_vdd1v0   worst 
OAI22X2             3     10.260    slow_vdd1v0   worst 
OAI22X4             2     12.996    slow_vdd1v0   worst 
OAI2BB1X1          24     41.040    slow_vdd1v0   worst 
OAI2BB2X2           2     10.944    slow_vdd1v0   worst 
OAI2BB2X4           9     76.950    slow_vdd1v0   worst 
OR2X1              13     17.784    slow_vdd1v0   worst 
OR2X2              14     23.940    slow_vdd1v0   worst 
OR2X4               2      5.472    slow_vdd1v0   worst 
OR2X6               1      3.762    slow_vdd1v0   worst 
OR3X1               2      4.104    slow_vdd1v0   worst 
OR4X2               2      6.840    slow_vdd1v0   worst 
OR4X6               1      5.472    slow_vdd1v0   worst 
XNOR2X1            35     83.790    slow_vdd1v0   worst 
XNOR2X2            12     36.936    slow_vdd1v0   worst 
XNOR2X4            14     52.668    slow_vdd1v0   worst 
XNOR3X1             7     52.668    slow_vdd1v0   worst 
XNOR3XL             1      7.524    slow_vdd1v0   worst 
XOR2X2              2      6.840    slow_vdd1v0   worst 
XOR2X4              6     24.624    slow_vdd1v0   worst 
XOR3X1              6     45.144    slow_vdd1v0   worst 
--------------------------------------------------------
total            2467  10797.624                


                                          
     Type      Instances    Area   Area % 
------------------------------------------
sequential           712  5873.508   54.4 
inverter             244   488.718    4.5 
buffer                74   174.420    1.6 
logic               1437  4260.978   39.5 
physical_cells         0     0.000    0.0 
------------------------------------------
total               2467 10797.624  100.0 

