============================================================
  Generated by:           Genus(TM) Synthesis Solution 21.18-s082_1
  Generated on:           Jul 10 2026  11:18:35 am
  Module:                 cache_ECC
  Library domain:         worst
    Domain index:         0
    Technology library:   slow_vdd1v0 1.0
  Library domain:         best
    Domain index:         1
    Technology library:   fast_vdd1v2 1.0
  Operating conditions:   PVT_0P9V_125C 
  Operating conditions:   PVT_1P32V_0C 
  Interconnect mode:      global
  Area mode:              physical library
============================================================

      Instance              Module         Cell Count  Normalized Cell Area  Normalized Net Area   Normalized Total Area 
-------------------------------------------------------------------------------------------------------------------------
cache_ECC                                        2467             10524.000             2861.403               13385.403 
  cache_controller_u cache_controller             313               993.333              292.239                1285.572 
  dec_way1           ECC_full_decoder             441              1448.000              414.406                1862.406 
    u_decoder        ECC_decoder                   74               261.667               57.036                 318.703 
    u_encoder        ECC_encoder_316               78               259.333               57.462                 316.796 
  dec_way2           ECC_full_decoder_193         428              1474.333              402.235                1876.569 
    u_decoder        ECC_decoder_314               80               290.667               61.019                 351.686 
    u_encoder        ECC_encoder_315               72               236.667               53.128                 289.794 
  enc                ECC_full_encoder              28                88.667               13.597                 102.263 
    u_encoder        ECC_encoder                   28                88.667               13.597                 102.263 
  memory_cache       cache_SRAM                  1257              6519.667             1281.933                7801.600 
