============================================================
  Generated by:           Genus(TM) Synthesis Solution 21.18-s082_1
  Generated on:           Jul 10 2026  11:18:35 am
  Module:                 cache_ECC
  Library domain:         worst
    Domain index:         0
    Technology library:   slow_vdd1v0 1.0
  Library domain:         best
    Domain index:         1
    Technology library:   fast_vdd1v2 1.0
  Operating conditions:   PVT_0P9V_125C 
  Operating conditions:   PVT_1P32V_0C 
  Interconnect mode:      global
  Area mode:              physical library
============================================================

Max_transition design rule (violation total = 1)
Pin                                         Slew           Max     Violation
------------------------------------------------------------------------------
dec_way2/u_decoder/g2__7410/B                280           280             0
  --> Other violations on net                        0
dec_way2/u_decoder/g640__1617/Y              280           280             0
  --> Other violations on net                        0


Max_capacitance design rule: no violations.


Max_fanout design rule: no constraints.



