============================================================
  Generated by:           Genus(TM) Synthesis Solution 21.18-s082_1
  Generated on:           Jul 10 2026  11:18:35 am
  Module:                 cache_ECC
  Library domain:         worst
    Domain index:         0
    Technology library:   slow_vdd1v0 1.0
  Library domain:         best
    Domain index:         1
    Technology library:   fast_vdd1v2 1.0
  Operating conditions:   PVT_0P9V_125C 
  Operating conditions:   PVT_1P32V_0C 
  Interconnect mode:      global
  Area mode:              physical library
============================================================

      Instance              Module         Cell Count  Cell Area  Net Area   Total Area 
----------------------------------------------------------------------------------------
cache_ECC                                        2467  10797.624  2935.800    13733.424 
  cache_controller_u cache_controller             313   1019.160   299.837     1318.997 
  dec_way1           ECC_full_decoder             441   1485.648   425.180     1910.828 
    u_decoder        ECC_decoder                   74    268.470    58.519      326.989 
    u_encoder        ECC_encoder_316               78    266.076    58.956      325.032 
  dec_way2           ECC_full_decoder_193         428   1512.666   412.694     1925.360 
    u_decoder        ECC_decoder_314               80    298.224    62.605      360.829 
    u_encoder        ECC_encoder_315               72    242.820    54.509      297.329 
  enc                ECC_full_encoder              28     90.972    13.950      104.922 
    u_encoder        ECC_encoder                   28     90.972    13.950      104.922 
  memory_cache       cache_SRAM                  1257   6689.178  1315.264     8004.442 
