============================================================
  Generated by:           Genus(TM) Synthesis Solution 21.18-s082_1
  Generated on:           Jul 10 2026  11:18:36 am
  Module:                 cache_ECC
  Operating conditions:   PVT_0P9V_125C 
  Operating conditions:   PVT_1P32V_0C 
  Interconnect mode:      global
  Area mode:              physical library
============================================================

Timing
--------

Clock Period 
-------------
clk   2976.0 


  Cost    Critical             Violating 
 Group   Path Slack    TNS       Paths   
-----------------------------------------
clk          -289.9   -2317.9          8 
default    No paths       0.0            
-----------------------------------------
Total                 -2317.9          8 

Instance Count
--------------
Leaf Instance Count             2467 
Physical Instance count            0 
Sequential Instance Count        712 
Combinational Instance Count    1755 
Hierarchical Instance Count       10 

Area
----
Cell Area                          10797.624
Physical Cell Area                 0.000
Total Cell Area (Cell+Physical)    10797.624
Net Area                           2935.800
Total Area (Cell+Physical+Net)     13733.424

Max Fanout                         712 (clk)
Min Fanout                         0 (n_0)
Average Fanout                     2.5
Terms to net ratio                 3.4749
Terms to instance ratio            3.5383
Runtime                            56.642389999999985 seconds
Elapsed Runtime                    59 seconds
Genus peak memory usage            1737.73 
Innovus peak memory usage          no_value 
Hostname                           gmicro02
