###############################################################
#  Generated by:      Cadence Innovus 25.10-p002_1
#  OS:                Linux x86_64(Host ID gmicro02)
#  Generated on:      Wed Jul  8 16:17:39 2026
#  Design:            cache_ECC
#  Command:           report_gates -out_file /home/epiphane/projets/cache_ECC/backend/layout/reports/cache_ECC_stdcell_worst_250_0/cache_ECC_gates_layout.rpt
###############################################################
Library cell information:
 ----------------------------------------
| Cell       |  Instance  |  Area(um^2)  |
|----------------------------------------|
| ACHCONX2   |          1 |       12.654 | 
| ADDFX1     |         19 |       97.470 | 
| ADDHX1     |         10 |       37.620 | 
| AND2X1     |        172 |      235.296 | 
| AND2X2     |         14 |       23.940 | 
| AND2X4     |          8 |       21.888 | 
| AND2X6     |         16 |       60.192 | 
| AND2X8     |         16 |       71.136 | 
| AND3X1     |          3 |        7.182 | 
| AO21X1     |          4 |        9.576 | 
| AO22X1     |          8 |       21.888 | 
| AOI21X1    |         11 |       18.810 | 
| AOI221X1   |          1 |        2.394 | 
| AOI222X1   |          1 |        3.078 | 
| AOI22X1    |        322 |      660.744 | 
| AOI2BB1X1  |         13 |       26.676 | 
| AOI2BB1X4  |          1 |        4.104 | 
| AOI2BB2X1  |          1 |        3.420 | 
| BMXIX2     |          1 |        7.524 | 
| BUFX2      |         40 |       68.400 | 
| BUFX3      |         10 |       20.520 | 
| CLKAND2X12 |          1 |        7.524 | 
| CLKBUFX6   |          6 |       18.468 | 
| CLKBUFX8   |          4 |       15.048 | 
| CLKINVX6   |          6 |       14.364 | 
| CLKINVX8   |          2 |        6.156 | 
| CLKXOR2X1  |         76 |      207.936 | 
| CLKXOR2X2  |          6 |       20.520 | 
| DFFHQX1    |         75 |      410.400 | 
| DFFRHQX1   |         56 |      344.736 | 
| DFFRX1     |          5 |       34.200 | 
| EDFFHQX1   |        576 |     4924.800 | 
| INVX1      |         83 |       56.772 | 
| INVX2      |          2 |        2.052 | 
| INVXL      |          4 |        2.736 | 
| MX2X1      |         79 |      189.126 | 
| MXI2XL     |          3 |        7.182 | 
| NAND2BX1   |         18 |       24.624 | 
| NAND2BX2   |          1 |        2.394 | 
| NAND2X1    |        101 |      103.626 | 
| NAND2X2    |          2 |        3.420 | 
| NAND2X4    |          1 |        3.420 | 
| NAND3X1    |          2 |        3.420 | 
| NOR2BX1    |         29 |       39.672 | 
| NOR2BX2    |          2 |        5.472 | 
| NOR2BX4    |          2 |        7.524 | 
| NOR2X1     |         62 |       63.612 | 
| NOR2X2     |          5 |        8.550 | 
| NOR3X1     |          4 |        6.840 | 
| OA21X1     |          5 |       10.260 | 
| OA22X1     |          3 |        7.182 | 
| OAI21X1    |         14 |       23.940 | 
| OAI222X1   |          1 |        2.736 | 
| OAI22X1    |          7 |       14.364 | 
| OAI2BB1X1  |         27 |       46.170 | 
| OAI2BB1X2  |          6 |       18.468 | 
| OAI31X1    |          2 |        4.104 | 
| OR2X1      |         40 |       54.720 | 
| OR2XL      |         16 |       21.888 | 
| OR3X1      |          2 |        4.104 | 
| OR3X8      |          8 |       43.776 | 
| OR4X1      |          1 |        2.052 | 
| OR4X2      |          1 |        3.420 | 
| XNOR2X1    |         85 |      203.490 | 
| XNOR2X2    |          9 |       27.702 | 
| XNOR2X4    |          1 |        3.762 | 
| XNOR3X1    |          3 |       22.572 | 
| XOR2X1     |          2 |        5.472 | 
| XOR3X1     |          4 |       30.096 | 
| XOR3XL     |          1 |        7.524 | 
|----------------------------------------|
| Total      |       2123 |     8506.908 |
 ----------------------------------------
Library cell type information:
 -------------------------------------------------------
| Cell Type        |   Instance   |        Area         |
|                  |              |       um^2  |   %   |
|-------------------------------------------------------|
| Buffer           |           60 |     122.436 |   1.4 | 
| Inverter         |           97 |      82.080 |   1.0 | 
| Combinational    |         1254 |    2588.256 |  30.4 | 
| Flop             |          712 |    5714.136 |  67.2 | 
| Multi-Bit Flop   |            0 |       0.000 |   0.0 | 
| Latch            |            0 |       0.000 |   0.0 | 
| Clock Gater      |            0 |       0.000 |   0.0 | 
| Macro            |            0 |       0.000 |   0.0 | 
| Physical Cell    |            0 |       0.000 |   0.0 | 
|-------------------------------------------------------|
| Total            |         2123 |    8506.908 | 100.0 | 
 -------------------------------------------------------
