###############################################################
#  Generated by:      Cadence Innovus 25.10-p002_1
#  OS:                Linux x86_64(Host ID gmicro02)
#  Generated on:      Wed Jul  8 16:17:39 2026
#  Design:            cache_ECC
#  Command:           report_timing -late > "${OUT_RPT}/setup_timing.rpt"
###############################################################
Path 1: MET (0.609 ns) Late Output Delay Assertion
               View: analysis_normal_slow_max
              Group: clk
         Startpoint: (R) memory_cache/data_out2_raw_reg[redun1][3]/CK
              Clock: (R) clk
           Endpoint: (F) data_cpu[3]
              Clock: (R) clk

                       Capture       Launch
         Clock Edge:+    4.000        0.000
        Src Latency:+    0.000        0.100
        Net Latency:+    0.100 (P)    0.000 (P)
            Arrival:=    4.100        0.100

       Output Delay:-    0.300
        Uncertainty:-    0.050
      Required Time:=    3.750
       Launch Clock:=    0.100
          Data Path:+    3.041
              Slack:=    0.609

#------------------------------------------------------------------------------------------------------------------
# Timing Point                                  Flags  Arc          Edge  Cell       Fanout  Trans   Delay  Arrival  
#                                                                                             (ns)    (ns)     (ns)  
#------------------------------------------------------------------------------------------------------------------
  memory_cache/data_out2_raw_reg[redun1][3]/CK  -      CK           R     (arrival)     712  0.004       -    0.100  
  memory_cache/data_out2_raw_reg[redun1][3]/Q   -      CK->Q        F     DFFHQX1         4  0.004   0.268    0.368  
  dec_way2/u_decoder/g402/Y                     -      A->Y         R     INVX1           1  0.147   0.097    0.465  
  dec_way2/u_decoder/g385__2802/Y               -      B->Y         F     NOR2X1          1  0.043   0.054    0.520  
  dec_way2/u_decoder/g376__5107/Y               -      B->Y         R     NOR2X1          5  0.060   0.150    0.670  
  dec_way2/u_decoder/g359__4733/Y               -      A->Y         F     CLKXOR2X1       2  0.198   0.271    0.941  
  dec_way2/g1887__6161/Y                        -      B->Y         R     XNOR2X1         3  0.046   0.197    1.138  
  dec_way2/g1809__7482/Y                        -      B->Y         F     NAND2X1         1  0.078   0.098    1.236  
  dec_way2/g1882__7098/Y                        -      B0->Y        R     AOI2BB2X1       2  0.087   0.114    1.350  
  dec_way2/g1872__6260/S                        -      A->S         R     ADDHX1          1  0.113   0.203    1.553  
  dec_way2/g1871__2398/Y                        -      A->Y         F     CLKXOR2X1       2  0.026   0.200    1.753  
  dec_way2/g1866/Y                              -      A->Y         R     INVX1           1  0.069   0.053    1.806  
  dec_way2/g1864__9315/Y                        -      A1->Y        F     OAI21X1         2  0.029   0.100    1.906  
  dec_way2/g1863/Y                              -      A->Y         R     INVX1           1  0.127   0.087    1.993  
  dec_way2/g1860__6131/Y                        -      B0->Y        F     OAI21X1         1  0.042   0.093    2.086  
  dec_way2/g1858__8246/Y                        -      A0->Y        R     AOI22X1         1  0.093   0.125    2.211  
  dec_way2/g1857__5122/Y                        -      B->Y         R     AND2X1          8  0.082   0.231    2.442  
  dec_way2/g1855__2802/Y                        -      S0->Y        F     MX2X1           1  0.156   0.245    2.687  
  cache_controller_u/g4542__2346/Y              -      AN->Y        F     NOR2BX1         1  0.106   0.114    2.802  
  cache_controller_u/g4528__2802/Y              -      A->Y         F     OR3X8           1  0.060   0.339    3.141  
  data_cpu[3]                                   -      data_cpu[3]  F     -               1  0.219   0.000    3.141  
#------------------------------------------------------------------------------------------------------------------

