             0V	    VSS
          1.62V	    VDD
             0V	    VSS
          1.62V	    VDD
Using Power View: analysis_normal_slow_max.
AAE_INFO: opIsDesignInPostRouteState() is 1
#################################################################################
# Design Stage: PostRoute
# Design Name: cache_ECC
# Design Mode: 130nm
# Analysis Mode: MMMC Non-OCV 
# Parasitics Mode: SPEF/RCDB 
# Signoff Settings: SI Off 
#################################################################################
Calculate delays in BcWc mode...
Start delay calculation (fullDC) (8 T). (MEM=3724.18)
Initializing multi-corner capacitance tables ... 
Initializing multi-corner resistance tables ...
AAE_INFO: 8 threads acquired from CTE.
Total number of fetched objects 4166
AAE_INFO: Total number of nets for which stage creation was skipped for all views 0
End delay calculation. (MEM=3765.23 CPU=0:00:00.9 REAL=0:00:00.0)
End delay calculation (fullDC). (MEM=3765.23 CPU=0:00:01.1 REAL=0:00:00.0)
Load RC corner of view analysis_normal_slow_max

Begin Power Analysis

             0V	    VSS
          1.62V	    VDD
Begin Processing Timing Library for Power Calculation

Ended Processing Timing Library for Power Calculation: (cpu=0:00:00, real=0:00:00, mem(process/total/peak)=3696.50MB/13215.86MB/3918.94MB)



Begin Processing Power Net/Grid for Power Calculation

Ended Processing Power Net/Grid for Power Calculation: (cpu=0:00:00, real=0:00:00, mem(process/total/peak)=3696.50MB/13215.86MB/3918.94MB)

Begin Processing Timing Window Data for Power Calculation

CK: assigning clock clk to net clk
Ended Processing Timing Window Data for Power Calculation: (cpu=0:00:00, real=0:00:00, mem(process/total/peak)=3711.21MB/13735.89MB/3918.94MB)

Begin Processing User Attributes

Ended Processing User Attributes: (cpu=0:00:00, real=0:00:00, mem(process/total/peak)=3711.43MB/13735.89MB/3918.94MB)

Begin Processing Signal Activity


Starting Levelizing
2026-Jul-09 16:35:43 (2026-Jul-09 19:35:43 GMT)
2026-Jul-09 16:35:43 (2026-Jul-09 19:35:43 GMT): 10%
2026-Jul-09 16:35:43 (2026-Jul-09 19:35:43 GMT): 20%
2026-Jul-09 16:35:43 (2026-Jul-09 19:35:43 GMT): 30%
2026-Jul-09 16:35:43 (2026-Jul-09 19:35:43 GMT): 40%
2026-Jul-09 16:35:43 (2026-Jul-09 19:35:43 GMT): 50%
2026-Jul-09 16:35:43 (2026-Jul-09 19:35:43 GMT): 60%
2026-Jul-09 16:35:43 (2026-Jul-09 19:35:43 GMT): 70%
2026-Jul-09 16:35:43 (2026-Jul-09 19:35:43 GMT): 80%
2026-Jul-09 16:35:43 (2026-Jul-09 19:35:43 GMT): 90%

Finished Levelizing
2026-Jul-09 16:35:43 (2026-Jul-09 19:35:43 GMT)

Starting Activity Propagation
2026-Jul-09 16:35:43 (2026-Jul-09 19:35:43 GMT)
2026-Jul-09 16:35:43 (2026-Jul-09 19:35:43 GMT): 10%
2026-Jul-09 16:35:44 (2026-Jul-09 19:35:44 GMT): 20%

Finished Activity Propagation
2026-Jul-09 16:35:44 (2026-Jul-09 19:35:44 GMT)
Ended Processing Signal Activity: (cpu=0:00:00, real=0:00:00, mem(process/total/peak)=3711.43MB/13735.89MB/3918.94MB)

Begin Power Computation

      ----------------------------------------------------------
      # of cell(s) missing both power/leakage table: 0
      # of cell(s) missing power table: 0
      # of cell(s) missing leakage table: 0
      ----------------------------------------------------------



Starting Calculating power
2026-Jul-09 16:35:44 (2026-Jul-09 19:35:44 GMT)
2026-Jul-09 16:35:44 (2026-Jul-09 19:35:44 GMT): 10%
2026-Jul-09 16:35:44 (2026-Jul-09 19:35:44 GMT): 20%
2026-Jul-09 16:35:44 (2026-Jul-09 19:35:44 GMT): 30%
2026-Jul-09 16:35:44 (2026-Jul-09 19:35:44 GMT): 40%
2026-Jul-09 16:35:44 (2026-Jul-09 19:35:44 GMT): 50%
2026-Jul-09 16:35:44 (2026-Jul-09 19:35:44 GMT): 60%
2026-Jul-09 16:35:44 (2026-Jul-09 19:35:44 GMT): 70%
2026-Jul-09 16:35:44 (2026-Jul-09 19:35:44 GMT): 80%
2026-Jul-09 16:35:44 (2026-Jul-09 19:35:44 GMT): 90%

Finished Calculating power
2026-Jul-09 16:35:44 (2026-Jul-09 19:35:44 GMT)
      # of MSMV cell(s) missing power_level: 0
Ended Power Computation: (cpu=0:00:00, real=0:00:00, mem(process/total/peak)=3718.39MB/13823.93MB/3918.94MB)

Begin Processing User Attributes

Begin Processing set_power
Ended Processing set_power: (cpu=0:00:00, real=0:00:00,
mem(process/total/peak)=3718.39MB/13823.93MB/3918.94MB)
Ended Processing User Attributes: (cpu=0:00:00, real=0:00:00, mem(process/total/peak)=3718.39MB/13823.93MB/3918.94MB)

Ended Power Analysis: (cpu=0:00:00, real=0:00:00, mem(process/total/peak)=3718.39MB/13823.93MB/3918.94MB)

Begin Boundary Leakage Calculation
Ended Boundary Leakage Calculation: (cpu=0:00:00, real=0:00:00,
mem(process/total/peak)=3718.39MB/13823.93MB/3918.94MB)
Begin Static Power Report Generation
*----------------------------------------------------------------------------------------
*	Innovus 25.10-p002_1 (64bit) 04/23/2025 12:43 (Linux 4.18.0-305.el8.x86_64)
*	
*
* 	Date & Time:	2026-Jul-09 16:35:44 (2026-Jul-09 19:35:44 GMT)
*
*----------------------------------------------------------------------------------------
*
*	Design: cache_ECC
*
*	Liberty Libraries used:
*	        analysis_normal_slow_max: /home/epiphane/FSM_counter_RH/diglibs/xh018/D_CELLS_RH/liberty/D_CELLS_RH_LPMOS_slow_1_62V_125C.lib
*
*	Parasitic Files used:
*
*       Power View : analysis_normal_slow_max
*
*       User-Defined Activity : N.A.
*
*       Activity File: N.A.
*
*       Hierarchical Global Activity: N.A.
*
*       Global Activity: N.A.
*
*       Sequential Element Activity: 0.200000
*
*       Primary Input Activity: 0.200000
*
*       Default icg ratio: N.A.
*
*       Global Comb ClockGate Ratio: N.A.
*
*	Power Units = 1mW
*
*	Time Units = 1e-09 secs
*
*       report_power
*
-----------------------------------------------------------------------------------------
*



Total Power
-----------------------------------------------------------------------------------------
Total Internal Power:       41.42780215 	   88.8679%
Total Switching Power:       5.18738053 	   11.1276%
Total Leakage Power:         0.00208837 	    0.0045%
Total Power:                46.61727105
-----------------------------------------------------------------------------------------


Group                           Internal   Switching     Leakage       Total  Percentage 
                                Power      Power         Power         Power  (%)        
-----------------------------------------------------------------------------------------
Sequential                         32.27       0.759    0.001371       33.03       70.85
Macro                                  0           0           0           0           0
IO                                     0           0           0           0           0
Combinational                       8.77       4.069   0.0007131       12.84       27.54
Clock (Combinational)             0.3903       0.359   3.995e-06      0.7493       1.607
Clock (Sequential)                     0           0           0           0           0
-----------------------------------------------------------------------------------------
Total                              41.43       5.187    0.002088       46.62         100
-----------------------------------------------------------------------------------------


Rail                  Voltage   Internal   Switching     Leakage       Total  Percentage 
                                Power      Power         Power         Power  (%)        
-----------------------------------------------------------------------------------------
VDD                      1.62      41.43       5.187    0.002088       46.62         100


Clock                           Internal   Switching     Leakage       Total  Percentage 
                                Power      Power         Power         Power  (%)        
-----------------------------------------------------------------------------------------
clk                               0.3903       0.359   3.995e-06      0.7493       1.607
-----------------------------------------------------------------------------------------
Total                             0.3903       0.359   3.995e-06      0.7493       1.607
-----------------------------------------------------------------------------------------
Clock: clk
Clock Period: 0.012500 usec 
Clock Toggle Rate:   160.0000 Mhz 
Clock Static Probability:  0.5000
  
 
 
-----------------------------------------------------------------------------------------
*	Power Distribution Summary: 
*              Highest Average Power: cache_controller_u/CTS_ccl_a_buf_00002 (BURHX4):           0.3132
*              Highest Leakage Power: memory_cache/cache_reg[0][0][data1][0] (SDFRRHX1):         1.96e-06
*                Total Cap:      2.14376e-10 F
*                Total instances in design:  3417
*                Total instances in design with no power:     0
*                Total instances in design with no activty:     0

*                Total Fillers and Decap:     0
-----------------------------------------------------------------------------------------
 
** INFO:  (VOLTUS_POWR-3465): There are 0 decaps and 0 fillers in the design

Ended Static Power Report Generation: (cpu=0:00:00, real=0:00:00,
mem(process/total/peak)=3719.85MB/13823.93MB/3918.94MB)

