###############################################################
#  Generated by:      Cadence Innovus 25.10-p002_1
#  OS:                Linux x86_64(Host ID gmicro02)
#  Generated on:      Thu Jul  9 16:35:38 2026
#  Design:            cache_ECC
#  Command:           report_gates -out_file /home/epiphane/projets/cache_ECC/backend/layout/reports/cache_ECC_rhbd_worst_80_0/cache_ECC_gates_layout.rpt
###############################################################
Library cell information:
 ---------------------------------------
| Cell      |  Instance  |  Area(um^2)  |
|---------------------------------------|
| BURHX1    |         84 |     4939.024 | 
| BURHX2    |         69 |     5409.407 | 
| BURHX4    |         13 |     1783.536 | 
| DFFRHRSX1 |         61 |    31881.528 | 
| DFRRHX1   |         75 |    28908.968 | 
| EORH2X1   |        272 |    30209.054 | 
| INRHX1    |        437 |    17129.788 | 
| INRHX2    |         28 |     1646.341 | 
| INRHX4    |         88 |     6898.954 | 
| MAJRH3X1  |         14 |     2560.975 | 
| MURH2X1   |        109 |    19939.021 | 
| NARH2X1   |       1213 |    71321.853 | 
| NARH3X1   |        119 |     9329.267 | 
| NORH2X1   |        173 |    10172.037 | 
| NORH3X1   |         86 |     6742.159 | 
| SDFRRHX1  |        576 |   278466.854 | 
|---------------------------------------|
| Total     |       3417 |   527338.766 |
 ---------------------------------------
Library cell type information:
 -------------------------------------------------------
| Cell Type        |   Instance   |        Area         |
|                  |              |       um^2  |   %   |
|-------------------------------------------------------|
| Buffer           |          166 |   12131.967 |   2.3 | 
| Inverter         |          553 |   25675.083 |   4.9 | 
| Combinational    |         1986 |  150274.366 |  28.5 | 
| Flop             |          712 |  339257.350 |  64.3 | 
| Multi-Bit Flop   |            0 |       0.000 |   0.0 | 
| Latch            |            0 |       0.000 |   0.0 | 
| Clock Gater      |            0 |       0.000 |   0.0 | 
| Macro            |            0 |       0.000 |   0.0 | 
| Physical Cell    |            0 |       0.000 |   0.0 | 
|-------------------------------------------------------|
| Total            |         3417 |  527338.766 | 100.0 | 
 -------------------------------------------------------
