###############################################################
#  Generated by:      Cadence Innovus 25.10-p002_1
#  OS:                Linux x86_64(Host ID gmicro02)
#  Generated on:      Thu Jul  9 16:35:38 2026
#  Design:            cache_ECC
#  Command:           report_timing -early > "${OUT_RPT}/hold_timing.rpt"
###############################################################
Path 1: MET (0.008 ns) Removal Check with Pin memory_cache/valid_array_reg[7][0]/CN->RN
               View: analysis_normal_fast_min
              Group: async_default
         Startpoint: (R) rst_n
              Clock: (R) clk
           Endpoint: (R) memory_cache/valid_array_reg[7][0]/RN
              Clock: (R) clk

                       Capture       Launch
         Clock Edge:+    0.000        0.000
        Src Latency:+    0.052        0.000
        Net Latency:+    0.522 (P)    0.100 (I)
            Arrival:=    0.575        0.100

            Removal:+   -0.118
        Uncertainty:+    0.050
      Required Time:=    0.507
       Launch Clock:=    0.100
        Input Delay:+    0.300
          Data Path:+    0.115
              Slack:=    0.008

#-----------------------------------------------------------------------------------------------------
# Timing Point                           Flags  Arc    Edge  Cell       Fanout  Trans   Delay  Arrival  
#                                                                                (ns)    (ns)     (ns)  
#-----------------------------------------------------------------------------------------------------
  rst_n                                  -      rst_n  R     (arrival)      15  0.146   0.115    0.515  
  memory_cache/valid_array_reg[7][0]/RN  -      RN     R     DFFRHRSX1      15  0.211   0.000    0.515  
#-----------------------------------------------------------------------------------------------------

