###############################################################
#  Generated by:      Cadence Innovus 25.10-p002_1
#  OS:                Linux x86_64(Host ID gmicro02)
#  Generated on:      Thu Jul  9 16:35:38 2026
#  Design:            cache_ECC
#  Command:           report_timing -late > "${OUT_RPT}/setup_timing.rpt"
###############################################################
Path 1: MET (0.166 ns) Late Output Delay Assertion
               View: analysis_normal_slow_max
              Group: clk
         Startpoint: (R) memory_cache/data_out2_raw_reg[redun2][7]/C
              Clock: (R) clk
           Endpoint: (F) data_cpu[7]
              Clock: (R) clk

                       Capture       Launch
         Clock Edge:+   12.500        0.000
        Src Latency:+    0.000       -0.002
        Net Latency:+    0.100 (P)    0.000 (P)
            Arrival:=   12.600       -0.002

       Output Delay:-    0.300
        Uncertainty:-    0.050
      Required Time:=   12.250
       Launch Clock:=   -0.002
          Data Path:+   12.086
              Slack:=    0.166

#-----------------------------------------------------------------------------------------------------------------
# Timing Point                                 Flags  Arc          Edge  Cell       Fanout  Trans   Delay  Arrival  
#                                                                                            (ns)    (ns)     (ns)  
#-----------------------------------------------------------------------------------------------------------------
  memory_cache/data_out2_raw_reg[redun2][7]/C  -      C            R     (arrival)     652  0.003       -   -0.002  
  memory_cache/data_out2_raw_reg[redun2][7]/Q  -      C->Q         F     DFRRHX1         4  0.003   1.009    1.007  
  dec_way2/u_decoder/FE_RC_170_0/Q             -      B->Q         R     EORH2X1         1  0.324   0.702    1.709  
  dec_way2/u_decoder/g665__7482/Q              -      A->Q         R     EORH2X1         1  0.334   0.724    2.434  
  dec_way2/u_decoder/g654__6783/Q              -      S->Q         F     MURH2X1         3  0.370   1.005    3.439  
  dec_way2/u_decoder/g647__5477/Q              -      A->Q         R     EORH2X1         2  0.291   0.746    4.184  
  dec_way2/g25010__8428/Q                      -      A->Q         R     EORH2X1         2  0.441   0.783    4.968  
  dec_way2/FE_RC_242_0/Q                       -      A->Q         R     BURHX1          3  0.362   0.612    5.579  
  dec_way2/g24985__4733/Q                      -      A->Q         F     NARH2X1         3  0.234   0.552    6.131  
  dec_way2/g24961__7410/Q                      -      B->Q         R     NARH2X1         1  0.365   0.476    6.607  
  dec_way2/g24935__5526/Q                      -      A->Q         R     EORH2X1         1  0.190   0.604    7.211  
  dec_way2/g24927__6417/Q                      -      B->Q         R     EORH2X1         2  0.345   0.728    7.939  
  dec_way2/g24921__9945/Q                      -      A->Q         F     NORH2X1         1  0.361   0.354    8.294  
  dec_way2/g24914__1881/Q                      -      B->Q         R     NORH3X1         1  0.119   0.573    8.866  
  dec_way2/g24912__7098/Q                      -      B->Q         F     NORH2X1         1  0.360   0.540    9.406  
  dec_way2/FE_OCPC414_n_193/Q                  -      A->Q         R     INRHX4          8  0.227   0.455    9.860  
  dec_way2/g24905__3680/Q                      -      S->Q         F     MURH2X1         1  0.252   0.707   10.567  
  cache_controller_u/FE_RC_122_0/Q             -      A->Q         R     NARH2X1         1  0.125   0.226   10.793  
  cache_controller_u/FE_RC_121_0/Q             -      A->Q         F     NARH2X1         1  0.148   0.351   11.144  
  cache_controller_u/FE_OFC971_n_385/Q         -      A->Q         R     INRHX1          1  0.205   0.287   11.432  
  cache_controller_u/FE_RC_200_0/Q             -      A->Q         F     NARH2X1         1  0.124   0.653   12.084  
  data_cpu[7]                                  -      data_cpu[7]  F     -               1  0.490   0.000   12.084  
#-----------------------------------------------------------------------------------------------------------------

