###############################################################
#  Generated by:      Cadence Innovus 25.10-p002_1
#  OS:                Linux x86_64(Host ID gmicro02)
#  Generated on:      Fri Jul 10 11:43:42 2026
#  Design:            cache_ECC
#  Command:           report_gates -out_file /home/epiphane/projets/cache_ECC/backend/layout/reports/cache_ECC_stdcell_worst_100_0/cache_ECC_gates_layout.rpt
###############################################################
Library cell information:
 ---------------------------------------
| Cell      |  Instance  |  Area(um^2)  |
|---------------------------------------|
| ADDFX1    |         28 |      143.640 | 
| ADDHX1    |          8 |       30.096 | 
| AND2X1    |        185 |      253.080 | 
| AND2X2    |         17 |       29.070 | 
| AND2X4    |          4 |       10.944 | 
| AND2X6    |         16 |       60.192 | 
| AND2X8    |         16 |       71.136 | 
| AND3X8    |          1 |        5.130 | 
| AO21X1    |          4 |        9.576 | 
| AO22X1    |         21 |       57.456 | 
| AOI21X1   |          4 |        6.840 | 
| AOI22X1   |        310 |      636.120 | 
| AOI2BB1X1 |          3 |        6.156 | 
| BUFX2     |         37 |       63.270 | 
| BUFX3     |          6 |       12.312 | 
| BUFX4     |          1 |        2.394 | 
| CLKBUFX12 |          1 |        5.130 | 
| CLKBUFX6  |          4 |       12.312 | 
| CLKBUFX8  |         13 |       48.906 | 
| CLKINVX4  |          2 |        3.420 | 
| CLKINVX6  |          4 |        9.576 | 
| CLKINVX8  |          3 |        9.234 | 
| CLKXOR2X1 |         62 |      169.632 | 
| CLKXOR2X2 |          4 |       13.680 | 
| DFFHQX1   |         75 |      410.400 | 
| DFFRHQX1  |         55 |      338.580 | 
| DFFRX1    |          6 |       41.040 | 
| EDFFHQX1  |        576 |     4924.800 | 
| INVX1     |         20 |       13.680 | 
| INVX3     |          1 |        1.368 | 
| INVXL     |          5 |        3.420 | 
| MX2X1     |         56 |      134.064 | 
| MXI2XL    |          3 |        7.182 | 
| NAND2BX1  |         10 |       13.680 | 
| NAND2X1   |         93 |       95.418 | 
| NAND3X1   |          2 |        3.420 | 
| NOR2BX1   |          6 |        8.208 | 
| NOR2BX2   |          1 |        2.736 | 
| NOR2BX4   |          1 |        3.762 | 
| NOR2X1    |         10 |       10.260 | 
| NOR2X4    |          2 |        6.156 | 
| NOR3X1    |          3 |        5.130 | 
| OA21X1    |          1 |        2.052 | 
| OA22X1    |          8 |       19.152 | 
| OAI21X1   |         10 |       17.100 | 
| OAI22X1   |          5 |       10.260 | 
| OAI2BB1X1 |         33 |       56.430 | 
| OAI31X1   |          2 |        4.104 | 
| OR2X1     |         62 |       84.816 | 
| OR2X2     |          1 |        1.710 | 
| OR3X1     |          5 |       10.260 | 
| OR3X8     |          1 |        5.472 | 
| OR4X1     |         10 |       20.520 | 
| XNOR2X1   |        146 |      349.524 | 
| XNOR2X2   |         12 |       36.936 | 
|---------------------------------------|
| Total     |       1975 |     8310.942 |
 ---------------------------------------
Library cell type information:
 -------------------------------------------------------
| Cell Type        |   Instance   |        Area         |
|                  |              |       um^2  |   %   |
|-------------------------------------------------------|
| Buffer           |           62 |     144.324 |   1.7 | 
| Inverter         |           35 |      40.698 |   0.5 | 
| Combinational    |         1166 |    2411.100 |  29.0 | 
| Flop             |          712 |    5714.820 |  68.8 | 
| Multi-Bit Flop   |            0 |       0.000 |   0.0 | 
| Latch            |            0 |       0.000 |   0.0 | 
| Clock Gater      |            0 |       0.000 |   0.0 | 
| Macro            |            0 |       0.000 |   0.0 | 
| Physical Cell    |            0 |       0.000 |   0.0 | 
|-------------------------------------------------------|
| Total            |         1975 |    8310.942 | 100.0 | 
 -------------------------------------------------------
