###############################################################
#  Generated by:      Cadence Innovus 25.10-p002_1
#  OS:                Linux x86_64(Host ID gmicro02)
#  Generated on:      Fri Jul 10 11:43:42 2026
#  Design:            cache_ECC
#  Command:           report_timing -late > "${OUT_RPT}/setup_timing.rpt"
###############################################################
Path 1: MET (6.415 ns) Late Output Delay Assertion
               View: analysis_normal_slow_max
              Group: clk
         Startpoint: (R) memory_cache/data_out1_raw_reg[redun2][7]/CK
              Clock: (R) clk
           Endpoint: (F) data_cpu[1]
              Clock: (R) clk

                       Capture       Launch
         Clock Edge:+   10.000        0.000
        Src Latency:+    0.000        0.100
        Net Latency:+    0.100 (P)    0.000 (P)
            Arrival:=   10.100        0.100

       Output Delay:-    0.300
        Uncertainty:-    0.050
      Required Time:=    9.750
       Launch Clock:=    0.100
          Data Path:+    3.235
              Slack:=    6.415

#------------------------------------------------------------------------------------------------------------------
# Timing Point                                  Flags  Arc          Edge  Cell       Fanout  Trans   Delay  Arrival  
#                                                                                             (ns)    (ns)     (ns)  
#------------------------------------------------------------------------------------------------------------------
  memory_cache/data_out1_raw_reg[redun2][7]/CK  -      CK           R     (arrival)     712  0.004       -    0.100  
  memory_cache/data_out1_raw_reg[redun2][7]/Q   -      CK->Q        F     DFFHQX1         3  0.004   0.252    0.352  
  dec_way1/u_decoder/g365__5107/Y               -      A->Y         R     XNOR2X1         2  0.117   0.243    0.595  
  dec_way1/u_decoder/g350__6131/Y               -      B->Y         R     XNOR2X1         1  0.045   0.135    0.730  
  dec_way1/u_decoder/g342__6783/Y               -      B->Y         F     XNOR2X1         3  0.035   0.154    0.884  
  dec_way1/u_decoder/g341__5526/Y               -      B->Y         R     XNOR2X1         2  0.074   0.189    1.073  
  dec_way1/g1328__6131/Y                        -      B->Y         F     CLKXOR2X1       1  0.043   0.166    1.239  
  dec_way1/g1319__5526/CO                       -      CI->CO       F     ADDFX1          1  0.053   0.180    1.419  
  dec_way1/g1308__2883/S                        -      CI->S        R     ADDFX1          1  0.046   0.293    1.712  
  dec_way1/g1306__9315/S                        -      CI->S        F     ADDFX1          2  0.046   0.281    1.993  
  dec_way1/g1305__6161/Y                        -      B->Y         R     NOR2X1          1  0.057   0.066    2.059  
  dec_way1/g1304__4733/Y                        -      B0->Y        F     AOI21X1         1  0.056   0.053    2.112  
  dec_way1/g1303__7482/Y                        -      B0->Y        F     AO21X1          2  0.082   0.148    2.261  
  dec_way1/g1301__1881/Y                        -      A1->Y        R     OAI21X1         1  0.050   0.078    2.338  
  dec_way1/g1300__6131/Y                        -      B->Y         R     AND2X1          8  0.072   0.215    2.554  
  dec_way1/g1296__1705/Y                        -      S0->Y        F     MX2X1           1  0.138   0.211    2.765  
  cache_controller_u/g4911__3680/Y              -      A->Y         F     AND2X1          1  0.058   0.084    2.849  
  cache_controller_u/g4886__1705/Y              -      B->Y         F     OR4X1           1  0.032   0.295    3.144  
  FE_OFC30_data_cpu_1/Y                         -      A->Y         F     CLKBUFX8        1  0.078   0.191    3.335  
  data_cpu[1]                                   -      data_cpu[1]  F     -               1  0.183   0.000    3.335  
#------------------------------------------------------------------------------------------------------------------

