============================================================
  Generated by:           Genus(TM) Synthesis Solution 21.18-s082_1
  Generated on:           Jul 08 2026  04:12:48 pm
  Module:                 cache_ECC
  Library domain:         worst
    Domain index:         0
    Technology library:   slow_vdd1v0 1.0
  Library domain:         best
    Domain index:         1
    Technology library:   fast_vdd1v2 1.0
  Operating conditions:   PVT_0P9V_125C 
  Operating conditions:   PVT_1P32V_0C 
  Interconnect mode:      global
  Area mode:              physical library
============================================================

      Instance              Module         Cell Count  Cell Area  Net Area   Total Area 
----------------------------------------------------------------------------------------
cache_ECC                                        1937   8368.740  2414.640    10783.380 
  cache_controller_u cache_controller             318    922.032   304.265     1226.297 
  dec_way1           ECC_full_decoder             159    412.110   156.171      568.281 
    u_decoder        ECC_decoder                   29     71.136    15.053       86.189 
    u_encoder        ECC_encoder_316               28     69.084    13.950       83.034 
  dec_way2           ECC_full_decoder_193         159    412.110   156.171      568.281 
    u_decoder        ECC_decoder_314               29     71.136    15.053       86.189 
    u_encoder        ECC_encoder_315               28     69.084    13.950       83.034 
  enc                ECC_full_encoder              30     95.760    14.711      110.471 
    u_encoder        ECC_encoder                   30     95.760    14.711      110.471 
  memory_cache       cache_SRAM                  1271   6526.728  1327.808     7854.536 
