============================================================
  Generated by:           Genus(TM) Synthesis Solution 21.18-s082_1
  Generated on:           Jul 08 2026  04:12:48 pm
  Module:                 cache_ECC
  Operating conditions:   PVT_0P9V_125C 
  Operating conditions:   PVT_1P32V_0C 
  Interconnect mode:      global
  Area mode:              physical library
============================================================

                                               Library 
   Gate     Instances    Area       Library     Domain 
-------------------------------------------------------
ADDFX1             28   143.640    slow_vdd1v0   worst 
ADDHX1              8    30.096    slow_vdd1v0   worst 
AND2X1            161   220.248    slow_vdd1v0   worst 
AND2X2              2     3.420    slow_vdd1v0   worst 
AND2X4             22    60.192    slow_vdd1v0   worst 
AND2X6             16    60.192    slow_vdd1v0   worst 
AND2X8             16    71.136    slow_vdd1v0   worst 
AND3X2              2     5.472    slow_vdd1v0   worst 
AO21X2              1     2.736    slow_vdd1v0   worst 
AO22X1             20    54.720    slow_vdd1v0   worst 
AOI21X1             8    13.680    slow_vdd1v0   worst 
AOI21X2             1     2.736    slow_vdd1v0   worst 
AOI22X1           308   632.016    slow_vdd1v0   worst 
AOI2BB1X1           2     4.104    slow_vdd1v0   worst 
AOI2BB1X4           1     4.104    slow_vdd1v0   worst 
BUFX2               1     1.710    slow_vdd1v0   worst 
CLKAND2X12          1     7.524    slow_vdd1v0   worst 
CLKINVX12           4    16.416    slow_vdd1v0   worst 
CLKINVX4            4     6.840    slow_vdd1v0   worst 
CLKINVX6            1     2.394    slow_vdd1v0   worst 
CLKINVX8            4    12.312    slow_vdd1v0   worst 
CLKMX2X2            2     6.156    slow_vdd1v0   worst 
CLKMX2X6            8    35.568    slow_vdd1v0   worst 
CLKXOR2X1          64   175.104    slow_vdd1v0   worst 
DFFHQX1            74   404.928    slow_vdd1v0   worst 
DFFQX2              1     6.498    slow_vdd1v0   worst 
DFFRHQX1           51   313.956    slow_vdd1v0   worst 
DFFRHQX2            2    15.732    slow_vdd1v0   worst 
DFFRHQX4            3    28.728    slow_vdd1v0   worst 
DFFRX1              1     6.840    slow_vdd1v0   worst 
DFFRX2              4    30.096    slow_vdd1v0   worst 
EDFFHQX1          576  4924.800    slow_vdd1v0   worst 
INVX1              37    25.308    slow_vdd1v0   worst 
INVX2               2     2.052    slow_vdd1v0   worst 
INVX8               5    15.390    slow_vdd1v0   worst 
MX2X1              61   146.034    slow_vdd1v0   worst 
MXI2X1              4    10.944    slow_vdd1v0   worst 
NAND2BX1            9    12.312    slow_vdd1v0   worst 
NAND2BX2            4     9.576    slow_vdd1v0   worst 
NAND2BX4            2     7.524    slow_vdd1v0   worst 
NAND2X1            82    84.132    slow_vdd1v0   worst 
NAND2X2            18    30.780    slow_vdd1v0   worst 
NAND2X4             2     6.840    slow_vdd1v0   worst 
NAND3BX2            8    24.624    slow_vdd1v0   worst 
NOR2BX1            24    32.832    slow_vdd1v0   worst 
NOR2BX2             3     8.208    slow_vdd1v0   worst 
NOR2BX4             3    11.286    slow_vdd1v0   worst 
NOR2X1              5     5.130    slow_vdd1v0   worst 
NOR2X2              7    11.970    slow_vdd1v0   worst 
NOR2X4              3     9.234    slow_vdd1v0   worst 
OA21X1              1     2.052    slow_vdd1v0   worst 
OA22X1              5    11.970    slow_vdd1v0   worst 
OAI21X1             9    15.390    slow_vdd1v0   worst 
OAI22X1             6    12.312    slow_vdd1v0   worst 
OAI2BB1X1          33    56.430    slow_vdd1v0   worst 
OR2X1              28    38.304    slow_vdd1v0   worst 
OR2X2               6    10.260    slow_vdd1v0   worst 
OR3X2               6    14.364    slow_vdd1v0   worst 
OR3X6               1     4.788    slow_vdd1v0   worst 
OR4X1               2     4.104    slow_vdd1v0   worst 
OR4X6               8    43.776    slow_vdd1v0   worst 
XNOR2X1           140   335.160    slow_vdd1v0   worst 
XNOR2X4            12    45.144    slow_vdd1v0   worst 
XOR2X4              4    16.416    slow_vdd1v0   worst 
-------------------------------------------------------
total            1937  8368.740                


                                         
     Type      Instances   Area   Area % 
-----------------------------------------
sequential           712 5731.578   68.5 
inverter              57   80.712    1.0 
buffer                 1    1.710    0.0 
logic               1167 2554.740   30.5 
physical_cells         0    0.000    0.0 
-----------------------------------------
total               1937 8368.740  100.0 

