============================================================
  Generated by:           Genus(TM) Synthesis Solution 21.18-s082_1
  Generated on:           Jul 08 2026  04:12:48 pm
  Module:                 cache_ECC
  Operating conditions:   PVT_0P9V_125C 
  Operating conditions:   PVT_1P32V_0C 
  Interconnect mode:      global
  Area mode:              physical library
============================================================


Path 1: MET (1980 ps) Late External Delay Assertion at pin data_cpu[5]
          Group: clk
     Startpoint: (R) memory_cache/data_out1_raw_reg[redun1][7]/CK
          Clock: (R) clk
       Endpoint: (F) data_cpu[5]
          Clock: (R) clk

                     Capture       Launch     
        Clock Edge:+    6667            0     
       Src Latency:+       0            0     
       Net Latency:+     100 (I)      100 (I) 
           Arrival:=    6767          100     
                                              
      Output Delay:-     300                  
       Uncertainty:-      50                  
     Required Time:=    6417                  
      Launch Clock:-     100                  
         Data Path:-    4336                  
             Slack:=    1980                  

Exceptions/Constraints:
  output_delay             300             cache_ECC.sdc_line_35_37_1 

#----------------------------------------------------------------------------------------------------------------------
#                Timing Point                  Flags    Arc   Edge   Cell     Fanout Load Trans Delay Arrival Instance 
#                                                                                    (fF)  (ps)  (ps)   (ps)  Location 
#----------------------------------------------------------------------------------------------------------------------
  memory_cache/data_out1_raw_reg[redun1][7]/CK -       -      R     (arrival)    712    -     0     0     100    (-,-) 
  memory_cache/data_out1_raw_reg[redun1][7]/Q  -       CK->Q  F     DFFHQX1        3  6.4   170   277     377    (-,-) 
  dec_way1/u_decoder/g362__9945/Y              -       A->Y   R     XNOR2X1        3  6.6   154   326     703    (-,-) 
  dec_way1/u_decoder/g358__7482/Y              -       B->Y   F     XNOR2X1        2  5.0   142   246     949    (-,-) 
  dec_way1/u_decoder/g343__6260/Y              -       B->Y   F     XNOR2X1        3  6.8   187   254    1203    (-,-) 
  dec_way1/u_decoder/g340__5477/Y              -       B->Y   R     XNOR2X1        2  5.0   121   277    1480    (-,-) 
  dec_way1/g1378__5115/Y                       -       B->Y   F     CLKXOR2X1      1  3.4   102   228    1708    (-,-) 
  dec_way1/g1358__1666/CO                      -       CI->CO F     ADDFX1         1  3.4   111   238    1946    (-,-) 
  dec_way1/g1347__7098/S                       -       CI->S  R     ADDFX1         1  3.5   101   354    2301    (-,-) 
  dec_way1/g1344__1705/S                       -       CI->S  F     ADDFX1         3  7.2   205   390    2690    (-,-) 
  dec_way1/g1343__2802/Y                       -       C->Y   R     NAND3BX2       1  3.1    82   138    2828    (-,-) 
  dec_way1/g1339__5526/Y                       -       AN->Y  R     NOR2BX1        1  3.3   184   191    3019    (-,-) 
  dec_way1/g1337__4319/Y                       -       B0->Y  F     AOI21X1        1  3.1   220   164    3183    (-,-) 
  dec_way1/g1336__6260/Y                       -       B->Y   F     OR3X2          8 16.1   245   420    3603    (-,-) 
  dec_way1/g1328__2883/Y                       -       S0->Y  F     MX2X1          1  3.1    97   250    3853    (-,-) 
  cache_controller_u/g4598__9945/Y             -       B1->Y  F     AO22X1         1  3.6   112   200    4053    (-,-) 
  cache_controller_u/g4590__7098/Y             -       D->Y   F     OR4X6          1 47.9   271   382    4436    (-,-) 
  data_cpu[5]                                  <<<     -      F     (port)         -    -     -     0    4436    (-,-) 
#----------------------------------------------------------------------------------------------------------------------

