============================================================
  Generated by:           Genus(TM) Synthesis Solution 21.18-s082_1
  Generated on:           Jul 08 2026  04:12:48 pm
  Module:                 cache_ECC
  Operating conditions:   PVT_0P9V_125C 
  Operating conditions:   PVT_1P32V_0C 
  Interconnect mode:      global
  Area mode:              physical library
============================================================

Timing
--------

Clock Period 
-------------
clk   6667.0 


  Cost    Critical         Violating 
 Group   Path Slack  TNS     Paths   
-------------------------------------
clk          1980.4   0.0          0 
default    No paths   0.0            
-------------------------------------
Total                 0.0          0 

Instance Count
--------------
Leaf Instance Count             1937 
Physical Instance count            0 
Sequential Instance Count        712 
Combinational Instance Count    1225 
Hierarchical Instance Count       10 

Area
----
Cell Area                          8368.740
Physical Cell Area                 0.000
Total Cell Area (Cell+Physical)    8368.740
Net Area                           2414.640
Total Area (Cell+Physical+Net)     10783.380

Max Fanout                         712 (clk)
Min Fanout                         0 (n_0)
Average Fanout                     2.6
Terms to net ratio                 3.6271
Terms to instance ratio            3.7713
Runtime                            42.928928 seconds
Elapsed Runtime                    45 seconds
Genus peak memory usage            1696.25 
Innovus peak memory usage          no_value 
Hostname                           gmicro02
