============================================================
  Generated by:           Genus(TM) Synthesis Solution 21.18-s082_1
  Generated on:           Jul 08 2026  04:12:48 pm
  Module:                 cache_ECC
  Library domain:         worst
    Domain index:         0
    Technology library:   slow_vdd1v0 1.0
  Library domain:         best
    Domain index:         1
    Technology library:   fast_vdd1v2 1.0
  Operating conditions:   PVT_0P9V_125C 
  Operating conditions:   PVT_1P32V_0C 
  Interconnect mode:      global
  Area mode:              physical library
============================================================

      Instance              Module         Cell Count  Normalized Cell Area  Normalized Net Area   Normalized Total Area 
-------------------------------------------------------------------------------------------------------------------------
cache_ECC                                        1937              8156.667             2353.450               10510.117 
  cache_controller_u cache_controller             318               898.667              296.555                1195.221 
  dec_way1           ECC_full_decoder             159               401.667              152.214                 553.880 
    u_decoder        ECC_decoder                   29                69.333               14.671                  84.005 
    u_encoder        ECC_encoder_316               28                67.333               13.597                  80.930 
  dec_way2           ECC_full_decoder_193         159               401.667              152.214                 553.880 
    u_decoder        ECC_decoder_314               29                69.333               14.671                  84.005 
    u_encoder        ECC_encoder_315               28                67.333               13.597                  80.930 
  enc                ECC_full_encoder              30                93.333               14.338                 107.671 
    u_encoder        ECC_encoder                   30                93.333               14.338                 107.671 
  memory_cache       cache_SRAM                  1271              6361.333             1294.159                7655.493 
