============================================================
  Generated by:           Genus(TM) Synthesis Solution 21.18-s082_1
  Generated on:           Jul 10 2026  11:53:36 am
  Module:                 cache_ECC
  Library domain:         worst
    Domain index:         0
    Technology library:   slow_vdd1v0 1.0
  Library domain:         best
    Domain index:         1
    Technology library:   fast_vdd1v2 1.0
  Operating conditions:   PVT_0P9V_125C 
  Operating conditions:   PVT_1P32V_0C 
  Interconnect mode:      global
  Area mode:              physical library
============================================================

      Instance              Module         Cell Count  Cell Area  Net Area   Total Area 
----------------------------------------------------------------------------------------
cache_ECC                                        1853   8307.864  2345.230    10653.094 
  cache_controller_u cache_controller             327    923.400   319.964     1243.364 
  dec_way1           ECC_full_decoder             148    398.430   142.278      540.708 
    u_decoder        ECC_decoder                   29     70.794    15.053       85.847 
    u_encoder        ECC_encoder_316               30     73.872    14.711       88.583 
  dec_way2           ECC_full_decoder_193         148    398.430   142.278      540.708 
    u_decoder        ECC_decoder_314               29     70.794    15.053       85.847 
    u_encoder        ECC_encoder_315               30     73.872    14.711       88.583 
  enc                ECC_full_encoder              30     95.760    14.711      110.471 
    u_encoder        ECC_encoder                   30     95.760    14.711      110.471 
  memory_cache       cache_SRAM                  1200   6491.844  1274.458     7766.302 
