============================================================
  Generated by:           Genus(TM) Synthesis Solution 21.18-s082_1
  Generated on:           Jul 10 2026  11:53:37 am
  Module:                 cache_ECC
  Operating conditions:   PVT_0P9V_125C 
  Operating conditions:   PVT_1P32V_0C 
  Interconnect mode:      global
  Area mode:              physical library
============================================================


Path 1: MET (14894 ps) Late External Delay Assertion at pin data_cpu[2]
          Group: clk
     Startpoint: (R) memory_cache/data_out2_raw_reg[redun1][7]/CK
          Clock: (R) clk
       Endpoint: (F) data_cpu[2]
          Clock: (R) clk

                     Capture       Launch     
        Clock Edge:+   20000            0     
       Src Latency:+       0            0     
       Net Latency:+     100 (I)      100 (I) 
           Arrival:=   20100          100     
                                              
      Output Delay:-     300                  
       Uncertainty:-      50                  
     Required Time:=   19750                  
      Launch Clock:-     100                  
         Data Path:-    4756                  
             Slack:=   14894                  

Exceptions/Constraints:
  output_delay             300             cache_ECC.sdc_line_35_40_1 

#----------------------------------------------------------------------------------------------------------------------
#                Timing Point                  Flags    Arc   Edge   Cell     Fanout Load Trans Delay Arrival Instance 
#                                                                                    (fF)  (ps)  (ps)   (ps)  Location 
#----------------------------------------------------------------------------------------------------------------------
  memory_cache/data_out2_raw_reg[redun1][7]/CK -       -      R     (arrival)    712    -     0     0     100    (-,-) 
  memory_cache/data_out2_raw_reg[redun1][7]/Q  -       CK->Q  F     DFFHQX1        3  6.4   170   277     377    (-,-) 
  dec_way2/u_decoder/g362__2802/Y              -       A->Y   R     XNOR2X1        3  6.8   158   329     706    (-,-) 
  dec_way2/u_decoder/g358__5526/Y              -       B->Y   F     XNOR2X1        2  5.0   142   248     953    (-,-) 
  dec_way2/u_decoder/g343__4733/Y              -       B->Y   F     XNOR2X1        3  6.8   187   254    1207    (-,-) 
  dec_way2/u_decoder/g339__6131/Y              -       B->Y   R     XNOR2X1        2  5.0   121   277    1484    (-,-) 
  dec_way2/g1377__8246/Y                       -       B->Y   F     CLKXOR2X1      1  3.4   102   228    1712    (-,-) 
  dec_way2/g1367__6260/CO                      -       CI->CO F     ADDFX1         1  3.4   111   238    1951    (-,-) 
  dec_way2/g1361__1666/S                       -       CI->S  R     ADDFX1         1  3.5   101   354    2305    (-,-) 
  dec_way2/g1356__6161/S                       -       CI->S  F     ADDFX1         2  4.8   146   358    2662    (-,-) 
  dec_way2/g1355__4733/Y                       -       A->Y   F     AND2X1         2  4.9   135   180    2842    (-,-) 
  dec_way2/g1353__5115/Y                       -       A->Y   F     AND2X1         1  3.3    96   154    2996    (-,-) 
  dec_way2/g1351__6131/Y                       -       A1->Y  R     OAI22X1        1  3.1   205   174    3170    (-,-) 
  dec_way2/g1350__7098/Y                       -       C->Y   R     AND3X2         8 16.1   216   425    3595    (-,-) 
  dec_way2/g1347__1705/Y                       -       S0->Y  F     MX2X1          1  3.1    98   267    3862    (-,-) 
  cache_controller_u/g4859__7482/Y             -       B1->Y  F     AO22X1         1  3.2   102   195    4057    (-,-) 
  cache_controller_u/g4857__1881/Y             -       B0->Y  R     AOI21X1        1  3.3   189   167    4224    (-,-) 
  cache_controller_u/g4855__7098/Y             -       B0->Y  F     OAI2BB1X1      1  3.6   235   252    4476    (-,-) 
  cache_controller_u/g4849__3680/Y             -       C->Y   F     OR3X6          1 47.9   255   379    4855    (-,-) 
  data_cpu[2]                                  <<<     -      F     (port)         -    -     -     0    4856    (-,-) 
#----------------------------------------------------------------------------------------------------------------------

