============================================================
  Generated by:           Genus(TM) Synthesis Solution 21.18-s082_1
  Generated on:           Jul 10 2026  11:53:37 am
  Module:                 cache_ECC
  Operating conditions:   PVT_0P9V_125C 
  Operating conditions:   PVT_1P32V_0C 
  Interconnect mode:      global
  Area mode:              physical library
============================================================

Timing
--------

Clock  Period 
--------------
clk   20000.0 


  Cost    Critical         Violating 
 Group   Path Slack  TNS     Paths   
-------------------------------------
clk         14894.5   0.0          0 
default    No paths   0.0            
-------------------------------------
Total                 0.0          0 

Instance Count
--------------
Leaf Instance Count             1853 
Physical Instance count            0 
Sequential Instance Count        712 
Combinational Instance Count    1141 
Hierarchical Instance Count       10 

Area
----
Cell Area                          8307.864
Physical Cell Area                 0.000
Total Cell Area (Cell+Physical)    8307.864
Net Area                           2345.230
Total Area (Cell+Physical+Net)     10653.094

Max Fanout                         712 (clk)
Min Fanout                         0 (n_0)
Average Fanout                     2.7
Terms to net ratio                 3.6794
Terms to instance ratio            3.8403
Runtime                            118.989039 seconds
Elapsed Runtime                    123 seconds
Genus peak memory usage            1686.79 
Innovus peak memory usage          no_value 
Hostname                           gmicro02
