============================================================
  Generated by:           Genus(TM) Synthesis Solution 21.18-s082_1
  Generated on:           Jul 10 2026  11:53:37 am
  Module:                 cache_ECC
  Operating conditions:   PVT_0P9V_125C 
  Operating conditions:   PVT_1P32V_0C 
  Interconnect mode:      global
  Area mode:              physical library
============================================================

                                              Library 
   Gate    Instances    Area       Library     Domain 
------------------------------------------------------
ADDFX1            32   164.160    slow_vdd1v0   worst 
ADDHX1             8    30.096    slow_vdd1v0   worst 
AND2X1            34    46.512    slow_vdd1v0   worst 
AND2X2             7    11.970    slow_vdd1v0   worst 
AND2X4            20    54.720    slow_vdd1v0   worst 
AND2X6            16    60.192    slow_vdd1v0   worst 
AND2X8            16    71.136    slow_vdd1v0   worst 
AND3X1             1     2.394    slow_vdd1v0   worst 
AND3X2             2     5.472    slow_vdd1v0   worst 
AND3X4             1     3.078    slow_vdd1v0   worst 
AND3XL            72   147.744    slow_vdd1v0   worst 
AND4X2             2     6.156    slow_vdd1v0   worst 
AO21X1             1     2.394    slow_vdd1v0   worst 
AO21X2             1     2.736    slow_vdd1v0   worst 
AO22X1            16    43.776    slow_vdd1v0   worst 
AOI21X1            4     6.840    slow_vdd1v0   worst 
AOI221X2           1     4.446    slow_vdd1v0   worst 
AOI22X1          310   636.120    slow_vdd1v0   worst 
AOI2BB1X2          1     3.078    slow_vdd1v0   worst 
BUFX2              1     1.710    slow_vdd1v0   worst 
BUFX6              1     3.078    slow_vdd1v0   worst 
CLKINVX12          2     8.208    slow_vdd1v0   worst 
CLKINVX4           2     3.420    slow_vdd1v0   worst 
CLKINVX6           1     2.394    slow_vdd1v0   worst 
CLKINVX8           7    21.546    slow_vdd1v0   worst 
CLKMX2X2           3     9.234    slow_vdd1v0   worst 
CLKMX2X6           8    35.568    slow_vdd1v0   worst 
CLKXOR2X1         58   158.688    slow_vdd1v0   worst 
DFFHQX1           71   388.512    slow_vdd1v0   worst 
DFFQX2             4    25.992    slow_vdd1v0   worst 
DFFRHQX1          51   313.956    slow_vdd1v0   worst 
DFFRHQX2           1     7.866    slow_vdd1v0   worst 
DFFRHQX4           5    47.880    slow_vdd1v0   worst 
DFFRX2             4    30.096    slow_vdd1v0   worst 
EDFFHQX1         576  4924.800    slow_vdd1v0   worst 
INVX1             41    28.044    slow_vdd1v0   worst 
INVX8              6    18.468    slow_vdd1v0   worst 
INVXL              1     0.684    slow_vdd1v0   worst 
MX2X1             61   146.034    slow_vdd1v0   worst 
MXI2X1             3     8.208    slow_vdd1v0   worst 
MXI2X2             1     4.446    slow_vdd1v0   worst 
NAND2BX1           9    12.312    slow_vdd1v0   worst 
NAND2BX2           6    14.364    slow_vdd1v0   worst 
NAND2BX4           1     3.762    slow_vdd1v0   worst 
NAND2X1           80    82.080    slow_vdd1v0   worst 
NAND2X2           15    25.650    slow_vdd1v0   worst 
NAND2X4            2     6.840    slow_vdd1v0   worst 
NAND3BX4           1     5.130    slow_vdd1v0   worst 
NAND3X2            3     8.208    slow_vdd1v0   worst 
NOR2BX1            5     6.840    slow_vdd1v0   worst 
NOR2BX2            4    10.944    slow_vdd1v0   worst 
NOR2BX4            2     7.524    slow_vdd1v0   worst 
NOR2X1            10    10.260    slow_vdd1v0   worst 
NOR2X2             5     8.550    slow_vdd1v0   worst 
NOR2X4             3     9.234    slow_vdd1v0   worst 
OA21X1             4     8.208    slow_vdd1v0   worst 
OA22X1             6    14.364    slow_vdd1v0   worst 
OAI21X1            9    15.390    slow_vdd1v0   worst 
OAI22X1            7    14.364    slow_vdd1v0   worst 
OAI2BB1X1         25    42.750    slow_vdd1v0   worst 
OAI31X2            1     3.762    slow_vdd1v0   worst 
OR2X1             24    32.832    slow_vdd1v0   worst 
OR2X2              3     5.130    slow_vdd1v0   worst 
OR2X4              1     2.736    slow_vdd1v0   worst 
OR3X1              2     4.104    slow_vdd1v0   worst 
OR3X2              1     2.394    slow_vdd1v0   worst 
OR3X6              3    14.364    slow_vdd1v0   worst 
OR4X6              6    32.832    slow_vdd1v0   worst 
XNOR2X1          146   349.524    slow_vdd1v0   worst 
XNOR2X4           12    45.144    slow_vdd1v0   worst 
XOR2X4             4    16.416    slow_vdd1v0   worst 
------------------------------------------------------
total           1853  8307.864                


                                         
     Type      Instances   Area   Area % 
-----------------------------------------
sequential           712 5739.102   69.1 
inverter              60   82.764    1.0 
buffer                 2    4.788    0.1 
logic               1079 2481.210   29.9 
physical_cells         0    0.000    0.0 
-----------------------------------------
total               1853 8307.864  100.0 

