============================================================
  Generated by:           Genus(TM) Synthesis Solution 21.18-s082_1
  Generated on:           Jul 10 2026  11:33:35 am
  Module:                 cache_ECC
  Operating conditions:   PVT_0P9V_125C 
  Operating conditions:   PVT_1P32V_0C 
  Interconnect mode:      global
  Area mode:              physical library
============================================================


Path 1: MET (5021 ps) Late External Delay Assertion at pin data_cpu[0]
          Group: clk
     Startpoint: (R) memory_cache/data_out2_raw_reg[redun2][7]/CK
          Clock: (R) clk
       Endpoint: (F) data_cpu[0]
          Clock: (R) clk

                     Capture       Launch     
        Clock Edge:+   10000            0     
       Src Latency:+       0            0     
       Net Latency:+     100 (I)      100 (I) 
           Arrival:=   10100          100     
                                              
      Output Delay:-     300                  
       Uncertainty:-      50                  
     Required Time:=    9750                  
      Launch Clock:-     100                  
         Data Path:-    4629                  
             Slack:=    5021                  

Exceptions/Constraints:
  output_delay             300             cache_ECC.sdc_line_35_42_1 

#----------------------------------------------------------------------------------------------------------------------
#                Timing Point                  Flags    Arc   Edge   Cell     Fanout Load Trans Delay Arrival Instance 
#                                                                                    (fF)  (ps)  (ps)   (ps)  Location 
#----------------------------------------------------------------------------------------------------------------------
  memory_cache/data_out2_raw_reg[redun2][7]/CK -       -      R     (arrival)    712    -     0     0     100    (-,-) 
  memory_cache/data_out2_raw_reg[redun2][7]/Q  -       CK->Q  F     DFFHQX1        3  6.4   170   277     377    (-,-) 
  dec_way2/u_decoder/g365__7482/Y              -       A->Y   R     XNOR2X1        2  5.2   125   310     687    (-,-) 
  dec_way2/u_decoder/g350__6260/Y              -       B->Y   F     XNOR2X1        1  3.3   100   210     897    (-,-) 
  dec_way2/u_decoder/g342__2883/Y              -       B->Y   F     XNOR2X1        3  6.8   186   235    1132    (-,-) 
  dec_way2/u_decoder/g341__9945/Y              -       B->Y   R     XNOR2X1        2  5.0   121   277    1410    (-,-) 
  dec_way2/g1328__6260/Y                       -       B->Y   R     CLKXOR2X1      1  3.5    91   218    1628    (-,-) 
  dec_way2/g1319__9945/S                       -       CI->S  F     ADDFX1         2  5.0   151   355    1983    (-,-) 
  dec_way2/g1316__4733/Y                       -       B->Y   R     XNOR2X1        2  5.4   129   268    2251    (-,-) 
  dec_way2/g1312__6131/Y                       -       B->Y   R     OR2X1          2  4.8   112   169    2420    (-,-) 
  dec_way2/g1311__7098/Y                       -       AN->Y  R     NOR2BX1        1  3.1   175   200    2620    (-,-) 
  dec_way2/g1309__5122/Y                       -       A1N->Y R     OAI2BB1X1      1  3.3   101   226    2847    (-,-) 
  dec_way2/g1304__6783/Y                       -       A1->Y  F     AOI21X1        1  3.1   218   197    3044    (-,-) 
  dec_way2/g1303__5526/Y                       -       B0->Y  F     AO21X1         2  5.2   147   260    3304    (-,-) 
  dec_way2/g1302__8428/Y                       -       A1->Y  R     AOI22X1        1  3.1   197   211    3516    (-,-) 
  dec_way2/g1300__6260/Y                       -       A->Y   R     AND2X2         8 16.1   196   347    3863    (-,-) 
  dec_way2/g1299__5107/Y                       -       S0->Y  F     MX2X1          1  3.1    98   258    4121    (-,-) 
  cache_controller_u/g4893__7482/Y             -       A1->Y  F     AO22X1         1  3.6   112   225    4346    (-,-) 
  cache_controller_u/g4888__8246/Y             -       D->Y   F     OR4X6          1 47.9   271   382    4729    (-,-) 
  data_cpu[0]                                  <<<     -      F     (port)         -    -     -     0    4729    (-,-) 
#----------------------------------------------------------------------------------------------------------------------

