============================================================
  Generated by:           Genus(TM) Synthesis Solution 21.18-s082_1
  Generated on:           Jul 10 2026  11:33:35 am
  Module:                 cache_ECC
  Library domain:         worst
    Domain index:         0
    Technology library:   slow_vdd1v0 1.0
  Library domain:         best
    Domain index:         1
    Technology library:   fast_vdd1v2 1.0
  Operating conditions:   PVT_0P9V_125C 
  Operating conditions:   PVT_1P32V_0C 
  Interconnect mode:      global
  Area mode:              physical library
============================================================

      Instance              Module         Cell Count  Normalized Cell Area  Normalized Net Area   Normalized Total Area 
-------------------------------------------------------------------------------------------------------------------------
cache_ECC                                        1939              8138.667             2357.359               10496.025 
  cache_controller_u cache_controller             324               886.000              310.744                1196.744 
  dec_way1           ECC_full_decoder             157               397.000              149.009                 546.009 
    u_decoder        ECC_decoder                   29                69.000               14.671                  83.671 
    u_encoder        ECC_encoder_316               30                72.000               14.338                  86.338 
  dec_way2           ECC_full_decoder_193         157               397.000              149.009                 546.009 
    u_decoder        ECC_decoder_314               29                69.000               14.671                  83.671 
    u_encoder        ECC_encoder_315               30                72.000               14.338                  86.338 
  enc                ECC_full_encoder              30                93.333               14.338                 107.671 
    u_encoder        ECC_encoder                   30                93.333               14.338                 107.671 
  memory_cache       cache_SRAM                  1271              6365.333             1294.159                7659.493 
