============================================================
  Generated by:           Genus(TM) Synthesis Solution 21.18-s082_1
  Generated on:           Jul 10 2026  11:33:35 am
  Module:                 cache_ECC
  Operating conditions:   PVT_0P9V_125C 
  Operating conditions:   PVT_1P32V_0C 
  Interconnect mode:      global
  Area mode:              physical library
============================================================

                                              Library 
   Gate    Instances    Area       Library     Domain 
------------------------------------------------------
ADDFX1            28   143.640    slow_vdd1v0   worst 
ADDHX1             8    30.096    slow_vdd1v0   worst 
AND2X1           176   240.768    slow_vdd1v0   worst 
AND2X2            10    17.100    slow_vdd1v0   worst 
AND2X4            20    54.720    slow_vdd1v0   worst 
AND2X6            16    60.192    slow_vdd1v0   worst 
AND2X8            16    71.136    slow_vdd1v0   worst 
AND3X4             1     3.078    slow_vdd1v0   worst 
AO21X1             3     7.182    slow_vdd1v0   worst 
AO21X2             1     2.736    slow_vdd1v0   worst 
AO22X1            21    57.456    slow_vdd1v0   worst 
AOI21X1            4     6.840    slow_vdd1v0   worst 
AOI22X1          310   636.120    slow_vdd1v0   worst 
AOI2BB1X1          2     4.104    slow_vdd1v0   worst 
AOI2BB1X2          1     3.078    slow_vdd1v0   worst 
BUFX6              1     3.078    slow_vdd1v0   worst 
CLKINVX12          4    16.416    slow_vdd1v0   worst 
CLKINVX4           4     6.840    slow_vdd1v0   worst 
CLKINVX6           1     2.394    slow_vdd1v0   worst 
CLKINVX8           4    12.312    slow_vdd1v0   worst 
CLKMX2X2           2     6.156    slow_vdd1v0   worst 
CLKMX2X6           8    35.568    slow_vdd1v0   worst 
CLKXOR2X1         62   169.632    slow_vdd1v0   worst 
DFFHQX1           70   383.040    slow_vdd1v0   worst 
DFFQX2             5    32.490    slow_vdd1v0   worst 
DFFRHQX1          51   313.956    slow_vdd1v0   worst 
DFFRHQX4           4    38.304    slow_vdd1v0   worst 
DFFRX2             6    45.144    slow_vdd1v0   worst 
EDFFHQX1         576  4924.800    slow_vdd1v0   worst 
INVX1             39    26.676    slow_vdd1v0   worst 
INVX2              2     2.052    slow_vdd1v0   worst 
INVX8              5    15.390    slow_vdd1v0   worst 
INVXL              1     0.684    slow_vdd1v0   worst 
MX2X1             62   148.428    slow_vdd1v0   worst 
MXI2X1             3     8.208    slow_vdd1v0   worst 
NAND2BX1           6     8.208    slow_vdd1v0   worst 
NAND2BX2           4     9.576    slow_vdd1v0   worst 
NAND2X1           80    82.080    slow_vdd1v0   worst 
NAND2X2           13    22.230    slow_vdd1v0   worst 
NAND3X2            2     5.472    slow_vdd1v0   worst 
NOR2BX1            6     8.208    slow_vdd1v0   worst 
NOR2BX2            1     2.736    slow_vdd1v0   worst 
NOR2BX4            1     3.762    slow_vdd1v0   worst 
NOR2X1             7     7.182    slow_vdd1v0   worst 
NOR2X2             2     3.420    slow_vdd1v0   worst 
NOR2X4             3     9.234    slow_vdd1v0   worst 
NOR3X1             1     1.710    slow_vdd1v0   worst 
NOR3X2             2     5.472    slow_vdd1v0   worst 
OA21X1             1     2.052    slow_vdd1v0   worst 
OA22X1             8    19.152    slow_vdd1v0   worst 
OAI21X1           10    17.100    slow_vdd1v0   worst 
OAI22X1            5    10.260    slow_vdd1v0   worst 
OAI2BB1X1         33    56.430    slow_vdd1v0   worst 
OAI31X1            2     4.104    slow_vdd1v0   worst 
OR2X1             40    54.720    slow_vdd1v0   worst 
OR2X2              6    10.260    slow_vdd1v0   worst 
OR2X4              1     2.736    slow_vdd1v0   worst 
OR3X1              4     8.208    slow_vdd1v0   worst 
OR3X2              1     2.394    slow_vdd1v0   worst 
OR3X6              1     4.788    slow_vdd1v0   worst 
OR4X1              2     4.104    slow_vdd1v0   worst 
OR4X6              8    43.776    slow_vdd1v0   worst 
XNOR2X1          146   349.524    slow_vdd1v0   worst 
XNOR2X4           12    45.144    slow_vdd1v0   worst 
XOR2X4             4    16.416    slow_vdd1v0   worst 
------------------------------------------------------
total           1939  8350.272                


                                         
     Type      Instances   Area   Area % 
-----------------------------------------
sequential           712 5737.734   68.7 
inverter              60   82.764    1.0 
buffer                 1    3.078    0.0 
logic               1166 2526.696   30.3 
physical_cells         0    0.000    0.0 
-----------------------------------------
total               1939 8350.272  100.0 

