============================================================
  Generated by:           Genus(TM) Synthesis Solution 21.18-s082_1
  Generated on:           Jul 10 2026  11:33:35 am
  Module:                 cache_ECC
  Operating conditions:   PVT_0P9V_125C 
  Operating conditions:   PVT_1P32V_0C 
  Interconnect mode:      global
  Area mode:              physical library
============================================================

Timing
--------

Clock  Period 
--------------
clk   10000.0 


  Cost    Critical         Violating 
 Group   Path Slack  TNS     Paths   
-------------------------------------
clk          5020.9   0.0          0 
default    No paths   0.0            
-------------------------------------
Total                 0.0          0 

Instance Count
--------------
Leaf Instance Count             1939 
Physical Instance count            0 
Sequential Instance Count        712 
Combinational Instance Count    1227 
Hierarchical Instance Count       10 

Area
----
Cell Area                          8350.272
Physical Cell Area                 0.000
Total Cell Area (Cell+Physical)    8350.272
Net Area                           2418.650
Total Area (Cell+Physical+Net)     10768.922

Max Fanout                         712 (clk)
Min Fanout                         0 (n_0)
Average Fanout                     2.6
Terms to net ratio                 3.6295
Terms to instance ratio            3.7736
Runtime                            100.930343 seconds
Elapsed Runtime                    106 seconds
Genus peak memory usage            1689.33 
Innovus peak memory usage          no_value 
Hostname                           gmicro02
