============================================================
  Generated by:           Genus(TM) Synthesis Solution 21.18-s082_1
  Generated on:           Jul 08 2026  04:18:08 pm
  Module:                 cache_ECC
  Operating conditions:   PVT_0P9V_125C 
  Operating conditions:   PVT_1P32V_0C 
  Interconnect mode:      global
  Area mode:              physical library
============================================================

Timing
--------

Clock Period 
-------------
clk   3333.0 


  Cost    Critical         Violating 
 Group   Path Slack  TNS     Paths   
-------------------------------------
clk             0.7   0.0          0 
default    No paths   0.0            
-------------------------------------
Total                 0.0          0 

Instance Count
--------------
Leaf Instance Count             2341 
Physical Instance count            0 
Sequential Instance Count        712 
Combinational Instance Count    1629 
Hierarchical Instance Count       10 

Area
----
Cell Area                          10273.338
Physical Cell Area                 0.000
Total Cell Area (Cell+Physical)    10273.338
Net Area                           2819.028
Total Area (Cell+Physical+Net)     13092.366

Max Fanout                         712 (clk)
Min Fanout                         0 (n_0)
Average Fanout                     2.5
Terms to net ratio                 3.5157
Terms to instance ratio            3.5908
Runtime                            53.495477 seconds
Elapsed Runtime                    57 seconds
Genus peak memory usage            1689.88 
Innovus peak memory usage          no_value 
Hostname                           gmicro02
