============================================================
  Generated by:           Genus(TM) Synthesis Solution 21.18-s082_1
  Generated on:           Jul 08 2026  04:18:08 pm
  Module:                 cache_ECC
  Library domain:         worst
    Domain index:         0
    Technology library:   slow_vdd1v0 1.0
  Library domain:         best
    Domain index:         1
    Technology library:   fast_vdd1v2 1.0
  Operating conditions:   PVT_0P9V_125C 
  Operating conditions:   PVT_1P32V_0C 
  Interconnect mode:      global
  Area mode:              physical library
============================================================

      Instance              Module         Cell Count  Cell Area  Net Area   Total Area 
----------------------------------------------------------------------------------------
cache_ECC                                        2341  10273.338  2819.028    13092.366 
  cache_controller_u cache_controller             325   1047.204   308.731     1355.935 
  dec_way1           ECC_full_decoder             358   1208.286   344.215     1552.501 
    u_decoder        ECC_decoder                   72    248.292    56.676      304.968 
    u_encoder        ECC_encoder_316               74    264.708    54.547      319.255 
  dec_way2           ECC_full_decoder_193         375   1279.422   363.335     1642.757 
    u_decoder        ECC_decoder_314               81    297.882    64.430      362.312 
    u_encoder        ECC_encoder_315               76    267.786    58.918      326.704 
  enc                ECC_full_encoder              28     90.972    13.950      104.922 
    u_encoder        ECC_encoder                   28     90.972    13.950      104.922 
  memory_cache       cache_SRAM                  1255   6647.454  1316.670     7964.124 
