============================================================
  Generated by:           Genus(TM) Synthesis Solution 21.18-s082_1
  Generated on:           Jul 08 2026  04:18:08 pm
  Module:                 cache_ECC
  Operating conditions:   PVT_0P9V_125C 
  Operating conditions:   PVT_1P32V_0C 
  Interconnect mode:      global
  Area mode:              physical library
============================================================

                                                Library 
   Gate     Instances    Area        Library     Domain 
--------------------------------------------------------
ADDFHX1             2     15.048    slow_vdd1v0   worst 
ADDFHX2             3     24.624    slow_vdd1v0   worst 
ADDFHX4             2     19.152    slow_vdd1v0   worst 
ADDFHXL             1      7.524    slow_vdd1v0   worst 
ADDFX1              1      5.130    slow_vdd1v0   worst 
ADDFX2              1      7.866    slow_vdd1v0   worst 
AND2X1            163    222.984    slow_vdd1v0   worst 
AND2X2              3      5.130    slow_vdd1v0   worst 
AND2X4             23     62.928    slow_vdd1v0   worst 
AND2X6             17     63.954    slow_vdd1v0   worst 
AND2X8             16     71.136    slow_vdd1v0   worst 
AND3X1              1      2.394    slow_vdd1v0   worst 
AND3X2              1      2.736    slow_vdd1v0   worst 
AND4X1              1      2.394    slow_vdd1v0   worst 
AO21X1              2      4.788    slow_vdd1v0   worst 
AO22X1              8     21.888    slow_vdd1v0   worst 
AOI211X4            1      6.498    slow_vdd1v0   worst 
AOI21X2             2      5.472    slow_vdd1v0   worst 
AOI21X4            13     66.690    slow_vdd1v0   worst 
AOI221X4            8     62.928    slow_vdd1v0   worst 
AOI222X2            1      5.472    slow_vdd1v0   worst 
AOI22X1           306    627.912    slow_vdd1v0   worst 
AOI22X2             3     11.286    slow_vdd1v0   worst 
AOI22X4             2     12.312    slow_vdd1v0   worst 
AOI2BB1X1           2      4.104    slow_vdd1v0   worst 
AOI2BB1X2           1      3.078    slow_vdd1v0   worst 
AOI2BB1X4           5     20.520    slow_vdd1v0   worst 
AOI2BB2X4           2     15.048    slow_vdd1v0   worst 
BMXIX2              3     22.572    slow_vdd1v0   worst 
BUFX2              26     44.460    slow_vdd1v0   worst 
BUFX3               5     10.260    slow_vdd1v0   worst 
BUFX6               6     18.468    slow_vdd1v0   worst 
CLKAND2X12          3     22.572    slow_vdd1v0   worst 
CLKAND2X2           1      2.052    slow_vdd1v0   worst 
CLKAND2X3          12     36.936    slow_vdd1v0   worst 
CLKAND2X6          25    119.700    slow_vdd1v0   worst 
CLKINVX12           3     12.312    slow_vdd1v0   worst 
CLKINVX16          16     87.552    slow_vdd1v0   worst 
CLKINVX2            1      1.368    slow_vdd1v0   worst 
CLKINVX4           44     75.240    slow_vdd1v0   worst 
CLKINVX6           37     88.578    slow_vdd1v0   worst 
CLKINVX8           19     58.482    slow_vdd1v0   worst 
CLKMX2X2            7     21.546    slow_vdd1v0   worst 
CLKMX2X3           58    238.032    slow_vdd1v0   worst 
CLKMX2X6            8     35.568    slow_vdd1v0   worst 
CLKXOR2X1          30     82.080    slow_vdd1v0   worst 
CLKXOR2X2           3     10.260    slow_vdd1v0   worst 
DFFHQX1            10     54.720    slow_vdd1v0   worst 
DFFHQX4            22    180.576    slow_vdd1v0   worst 
DFFQX2             30    194.940    slow_vdd1v0   worst 
DFFQX4             13     93.366    slow_vdd1v0   worst 
DFFRHQX1           51    313.956    slow_vdd1v0   worst 
DFFRHQX2            3     23.598    slow_vdd1v0   worst 
DFFRHQX4            2     19.152    slow_vdd1v0   worst 
DFFRX1              1      6.840    slow_vdd1v0   worst 
DFFRX2              4     30.096    slow_vdd1v0   worst 
EDFFHQX1          576   4924.800    slow_vdd1v0   worst 
INVX1              42     28.728    slow_vdd1v0   worst 
INVX2              23     23.598    slow_vdd1v0   worst 
INVX3              21     28.728    slow_vdd1v0   worst 
INVX8               1      3.078    slow_vdd1v0   worst 
MX2X1              30     71.820    slow_vdd1v0   worst 
MXI2X1              3      8.208    slow_vdd1v0   worst 
MXI2X2              6     26.676    slow_vdd1v0   worst 
MXI2X4              6     30.780    slow_vdd1v0   worst 
NAND2BX1            8     10.944    slow_vdd1v0   worst 
NAND2BX2            7     16.758    slow_vdd1v0   worst 
NAND2BX4            5     18.810    slow_vdd1v0   worst 
NAND2X1            81     83.106    slow_vdd1v0   worst 
NAND2X2            20     34.200    slow_vdd1v0   worst 
NAND2X4             6     20.520    slow_vdd1v0   worst 
NAND2X6             8     38.304    slow_vdd1v0   worst 
NAND2X8             2     10.944    slow_vdd1v0   worst 
NAND3X2             2      5.472    slow_vdd1v0   worst 
NOR2BX1             6      8.208    slow_vdd1v0   worst 
NOR2BX2            23     62.928    slow_vdd1v0   worst 
NOR2BX4            15     56.430    slow_vdd1v0   worst 
NOR2X1              7      7.182    slow_vdd1v0   worst 
NOR2X2             18     30.780    slow_vdd1v0   worst 
NOR2X4             86    264.708    slow_vdd1v0   worst 
NOR2X6             61    250.344    slow_vdd1v0   worst 
NOR2X8             40    218.880    slow_vdd1v0   worst 
NOR3BX4             2     11.628    slow_vdd1v0   worst 
NOR3X4              2     10.260    slow_vdd1v0   worst 
NOR3X6              2     14.364    slow_vdd1v0   worst 
OA21X1              4      8.208    slow_vdd1v0   worst 
OA22X1              3      7.182    slow_vdd1v0   worst 
OAI21X1             4      6.840    slow_vdd1v0   worst 
OAI21X2             3      9.234    slow_vdd1v0   worst 
OAI21X4            13     62.244    slow_vdd1v0   worst 
OAI222X4            1      9.234    slow_vdd1v0   worst 
OAI22X1             6     12.312    slow_vdd1v0   worst 
OAI22X4            10     64.980    slow_vdd1v0   worst 
OAI2BB1X1          24     41.040    slow_vdd1v0   worst 
OAI2BB2X2           4     21.888    slow_vdd1v0   worst 
OAI2BB2X4           6     51.300    slow_vdd1v0   worst 
OR2X1              12     16.416    slow_vdd1v0   worst 
OR2X2              12     20.520    slow_vdd1v0   worst 
OR2X4               3      8.208    slow_vdd1v0   worst 
OR2X6               1      3.762    slow_vdd1v0   worst 
OR3X2               3      7.182    slow_vdd1v0   worst 
OR3X4               1      3.078    slow_vdd1v0   worst 
OR3X6               1      4.788    slow_vdd1v0   worst 
OR4X2               1      3.420    slow_vdd1v0   worst 
XNOR2X1            41     98.154    slow_vdd1v0   worst 
XNOR2X2            10     30.780    slow_vdd1v0   worst 
XNOR2X4            10     37.620    slow_vdd1v0   worst 
XNOR3X1             7     52.668    slow_vdd1v0   worst 
XOR2X1              3      8.208    slow_vdd1v0   worst 
XOR2X2              3     10.260    slow_vdd1v0   worst 
XOR2X4              7     28.728    slow_vdd1v0   worst 
XOR3X1              5     37.620    slow_vdd1v0   worst 
--------------------------------------------------------
total            2341  10273.338                


                                          
     Type      Instances    Area   Area % 
------------------------------------------
sequential           712  5842.044   56.9 
inverter             207   407.664    4.0 
buffer                37    73.188    0.7 
logic               1385  3950.442   38.5 
physical_cells         0     0.000    0.0 
------------------------------------------
total               2341 10273.338  100.0 

