============================================================
  Generated by:           Genus(TM) Synthesis Solution 21.18-s082_1
  Generated on:           Jul 08 2026  04:18:08 pm
  Module:                 cache_ECC
  Operating conditions:   PVT_0P9V_125C 
  Operating conditions:   PVT_1P32V_0C 
  Interconnect mode:      global
  Area mode:              physical library
============================================================


Path 1: MET (1 ps) Late External Delay Assertion at pin data_cpu[0]
          Group: clk
     Startpoint: (R) memory_cache/data_out2_raw_reg[redun2][7]/CK
          Clock: (R) clk
       Endpoint: (F) data_cpu[0]
          Clock: (R) clk

                     Capture       Launch     
        Clock Edge:+    3333            0     
       Src Latency:+       0            0     
       Net Latency:+     100 (I)      100 (I) 
           Arrival:=    3433          100     
                                              
      Output Delay:-     300                  
       Uncertainty:-      50                  
     Required Time:=    3083                  
      Launch Clock:-     100                  
         Data Path:-    2983                  
             Slack:=       1                  

Exceptions/Constraints:
  output_delay             300             cache_ECC.sdc_line_35_42_1 

#----------------------------------------------------------------------------------------------------------------------
#                Timing Point                  Flags   Arc   Edge    Cell     Fanout Load Trans Delay Arrival Instance 
#                                                                                    (fF)  (ps)  (ps)   (ps)  Location 
#----------------------------------------------------------------------------------------------------------------------
  memory_cache/data_out2_raw_reg[redun2][7]/CK -       -     R     (arrival)     712    -     0     0     100    (-,-) 
  memory_cache/data_out2_raw_reg[redun2][7]/Q  -       CK->Q F     DFFQX4          4 12.7    98   270     370    (-,-) 
  dec_way2/u_decoder/g468/Y                    -       A->Y  R     CLKINVX8        2  7.0    43    60     430    (-,-) 
  dec_way2/u_decoder/g456__6260/Y              -       B->Y  F     NOR2X6          1  5.8    56    47     478    (-,-) 
  dec_way2/u_decoder/g448__2883/Y              -       A->Y  R     NOR2X8          4 13.2   100    97     575    (-,-) 
  dec_way2/u_decoder/g429__1617/Y              -       B->Y  F     NOR2X4          1  5.1    74    80     655    (-,-) 
  dec_way2/u_decoder/g418__5477/Y              -       A->Y  R     NOR2X6          1  5.3    65    85     739    (-,-) 
  dec_way2/u_decoder/fopt1/Y                   -       A->Y  F     CLKINVX6        2  8.7    58    62     801    (-,-) 
  dec_way2/u_decoder/fopt/Y                    -       A->Y  R     CLKINVX8        2  8.0    38    46     847    (-,-) 
  dec_way2/u_decoder/g412__1666/Y              -       A->Y  F     NOR2X8          1  5.8    44    49     896    (-,-) 
  dec_way2/u_decoder/g409__9945/Y              -       B->Y  R     NOR2X8          1  5.3    57    55     951    (-,-) 
  dec_way2/u_decoder/g406/Y                    -       A->Y  F     CLKINVX6        3  9.0    58    59    1010    (-,-) 
  dec_way2/g2550/Y                             -       A->Y  R     CLKINVX4        1  4.5    39    48    1058    (-,-) 
  dec_way2/g2532__6131/Y                       -       B1->Y F     OAI22X4         1  3.9   130    98    1156    (-,-) 
  dec_way2/g2497__2346/S                       -       CI->S R     ADDFHX4         2  5.4    89   428    1584    (-,-) 
  dec_way2/g2488__4733/Y                       -       S0->Y F     CLKMX2X3        2  7.7    96   237    1822    (-,-) 
  dec_way2/g2482__6131/Y                       -       B->Y  F     CLKAND2X6       2  7.2    52   127    1948    (-,-) 
  dec_way2/g2475__1617/Y                       -       C->Y  R     NOR3X4          1  3.7   110    90    2039    (-,-) 
  dec_way2/g2471__6783/Y                       -       B->Y  F     NOR2BX2         1  5.1    94   106    2145    (-,-) 
  dec_way2/g2467__6260/Y                       -       B->Y  R     NOR2X6          1  5.3    71    82    2227    (-,-) 
  dec_way2/g2460__7410/Y                       -       B->Y  F     NOR3X6          1  5.1    63    69    2295    (-,-) 
  dec_way2/g2458__2346/Y                       -       B->Y  R     NOR2X6          1  4.4    62    65    2360    (-,-) 
  dec_way2/g2457__2883/Y                       -       B->Y  R     CLKAND2X12      8 17.7    56   130    2490    (-,-) 
  dec_way2/g2456__9945/Y                       -       S0->Y F     CLKMX2X3        1  4.4    68   206    2696    (-,-) 
  cache_controller_u/g5585__6161/Y             -       B1->Y R     AOI221X4        1  3.9   138   142    2838    (-,-) 
  cache_controller_u/g5575__2802/Y             -       A->Y  R     CLKAND2X6       1  9.3    51   163    3001    (-,-) 
  cache_controller_u/g5571/Y                   -       A->Y  F     CLKINVX16       1 47.9   102    81    3082    (-,-) 
  data_cpu[0]                                  <<<     -     F     (port)          -    -     -     0    3083    (-,-) 
#----------------------------------------------------------------------------------------------------------------------

