============================================================
  Generated by:           Genus(TM) Synthesis Solution 21.18-s082_1
  Generated on:           Jul 08 2026  04:18:08 pm
  Module:                 cache_ECC
  Library domain:         worst
    Domain index:         0
    Technology library:   slow_vdd1v0 1.0
  Library domain:         best
    Domain index:         1
    Technology library:   fast_vdd1v2 1.0
  Operating conditions:   PVT_0P9V_125C 
  Operating conditions:   PVT_1P32V_0C 
  Interconnect mode:      global
  Area mode:              physical library
============================================================

      Instance              Module         Cell Count  Normalized Cell Area  Normalized Net Area   Normalized Total Area 
-------------------------------------------------------------------------------------------------------------------------
cache_ECC                                        2341             10013.000             2747.590               12760.590 
  cache_controller_u cache_controller             325              1020.667              300.908                1321.575 
  dec_way1           ECC_full_decoder             358              1177.667              335.493                1513.159 
    u_decoder        ECC_decoder                   72               242.000               55.239                 297.239 
    u_encoder        ECC_encoder_316               74               258.000               53.165                 311.165 
  dec_way2           ECC_full_decoder_193         375              1247.000              354.128                1601.128 
    u_decoder        ECC_decoder_314               81               290.333               62.797                 353.131 
    u_encoder        ECC_encoder_315               76               261.000               57.425                 318.425 
  enc                ECC_full_encoder              28                88.667               13.597                 102.263 
    u_encoder        ECC_encoder                   28                88.667               13.597                 102.263 
  memory_cache       cache_SRAM                  1255              6479.000             1283.304                7762.304 
