============================================================
  Generated by:           Genus(TM) Synthesis Solution 21.18-s082_1
  Generated on:           Jul 09 2026  04:30:17 pm
  Module:                 cache_ECC
  Library domain:         worst
    Domain index:         0
    Technology library:   D_CELLS_RH_slow_1_62V_125C 
  Library domain:         best
    Domain index:         1
    Technology library:   D_CELLS_RH_fast_1_98V_125C 
  Operating conditions:   slow_1_62V_125C 
  Operating conditions:   fast_1_98V_125C 
  Interconnect mode:      global
  Area mode:              physical library
============================================================

      Instance              Module         Cell Count  Normalized Cell Area  Normalized Net Area   Normalized Total Area 
-------------------------------------------------------------------------------------------------------------------------
cache_ECC                                        3120              8651.222             1389.368               10040.591 
  cache_controller_u cache_controller             509               907.333              179.927                1087.260 
  dec_way1           ECC_full_decoder             292               463.444              105.195                 568.639 
    u_decoder        ECC_decoder                   38                72.111                9.219                  81.330 
    u_encoder        ECC_encoder_316               36                67.111                7.364                  74.476 
  dec_way2           ECC_full_decoder_193         286               453.222              103.594                 556.816 
    u_decoder        ECC_decoder_314               37                69.333                8.787                  78.120 
    u_encoder        ECC_encoder_315               37                67.778                8.079                  75.857 
  enc                ECC_full_encoder              94               106.222               27.745                 133.967 
    u_encoder        ECC_encoder                   94               106.222               27.745                 133.967 
  memory_cache       cache_SRAM                  1939              6721.000              794.864                7515.864 
