============================================================
  Generated by:           Genus(TM) Synthesis Solution 21.18-s082_1
  Generated on:           Jul 09 2026  04:30:17 pm
  Module:                 cache_ECC
  Library domain:         worst
    Domain index:         0
    Technology library:   D_CELLS_RH_slow_1_62V_125C 
  Library domain:         best
    Domain index:         1
    Technology library:   D_CELLS_RH_fast_1_98V_125C 
  Operating conditions:   slow_1_62V_125C 
  Operating conditions:   fast_1_98V_125C 
  Interconnect mode:      global
  Area mode:              physical library
============================================================

      Instance              Module         Cell Count  Cell Area  Net Area   Total Area 
----------------------------------------------------------------------------------------
cache_ECC                                        3120 508673.699 81691.949   590365.648 
  cache_controller_u cache_controller             509  53349.295 10579.327    63928.622 
  dec_way1           ECC_full_decoder             292  27249.560  6185.248    33434.808 
    u_decoder        ECC_decoder                   38   4239.982   542.036     4782.018 
    u_encoder        ECC_encoder_316               36   3945.992   433.016     4379.008 
  dec_way2           ECC_full_decoder_193         286  26648.515  6091.114    32739.629 
    u_decoder        ECC_decoder_314               37   4076.654   516.641     4593.296 
    u_encoder        ECC_encoder_315               37   3985.191   475.047     4460.238 
  enc                ECC_full_encoder              94   6245.644  1631.361     7877.004 
    u_encoder        ECC_encoder                   94   6245.644  1631.361     7877.004 
  memory_cache       cache_SRAM                  1939 395180.686 46736.343   441917.029 
