============================================================
  Generated by:           Genus(TM) Synthesis Solution 21.18-s082_1
  Generated on:           Jul 09 2026  04:30:17 pm
  Module:                 cache_ECC
  Operating conditions:   slow_1_62V_125C 
  Operating conditions:   fast_1_98V_125C 
  Interconnect mode:      global
  Area mode:              physical library
============================================================

                                                               Library 
   Gate    Instances     Area               Library             Domain 
-----------------------------------------------------------------------
BURHX1            13     764.373    D_CELLS_RH_slow_1_62V_125C   worst 
BURHX2            39    3057.491    D_CELLS_RH_slow_1_62V_125C   worst 
BURHX4            28    3841.463    D_CELLS_RH_slow_1_62V_125C   worst 
DFFRHRSX1         61   31881.528    D_CELLS_RH_slow_1_62V_125C   worst 
DFRRHX1           75   28908.967    D_CELLS_RH_slow_1_62V_125C   worst 
EORH2X1          262   29098.427    D_CELLS_RH_slow_1_62V_125C   worst 
INRHX1           386   15130.660    D_CELLS_RH_slow_1_62V_125C   worst 
INRHX2            30    1763.937    D_CELLS_RH_slow_1_62V_125C   worst 
INRHX4            23    1803.136    D_CELLS_RH_slow_1_62V_125C   worst 
MAJRH3X1          16    2926.829    D_CELLS_RH_slow_1_62V_125C   worst 
MURH2X1           99   18109.753    D_CELLS_RH_slow_1_62V_125C   worst 
NARH2X1         1151   67676.383    D_CELLS_RH_slow_1_62V_125C   worst 
NARH3X1          115    9015.678    D_CELLS_RH_slow_1_62V_125C   worst 
NORH2X1          156    9172.472    D_CELLS_RH_slow_1_62V_125C   worst 
NORH3X1           90    7055.748    D_CELLS_RH_slow_1_62V_125C   worst 
SDFRRHX1         576  278466.854    D_CELLS_RH_slow_1_62V_125C   worst 
-----------------------------------------------------------------------
total           3120  508673.699                               


                                           
     Type      Instances    Area    Area % 
-------------------------------------------
sequential           712 339257.350   66.7 
inverter             439  18697.732    3.7 
buffer                80   7663.326    1.5 
logic               1889 143055.291   28.1 
physical_cells         0      0.000    0.0 
-------------------------------------------
total               3120 508673.699  100.0 

