============================================================
  Generated by:           Genus(TM) Synthesis Solution 21.18-s082_1
  Generated on:           Jul 09 2026  04:30:17 pm
  Module:                 cache_ECC
  Operating conditions:   slow_1_62V_125C 
  Operating conditions:   fast_1_98V_125C 
  Interconnect mode:      global
  Area mode:              physical library
============================================================


Path 1: MET (267 ps) Late External Delay Assertion at pin data_cpu[0]
          Group: clk
     Startpoint: (R) memory_cache/data_out1_raw_reg[data1][2]/C
          Clock: (R) clk
       Endpoint: (F) data_cpu[0]
          Clock: (R) clk

                     Capture       Launch     
        Clock Edge:+   12500            0     
       Src Latency:+       0            0     
       Net Latency:+     100 (I)      100 (I) 
           Arrival:=   12600          100     
                                              
      Output Delay:-     300                  
       Uncertainty:-      50                  
     Required Time:=   12250                  
      Launch Clock:-     100                  
         Data Path:-   11883                  
             Slack:=     267                  

Exceptions/Constraints:
  output_delay             300             cache_ECC.sdc_line_35_42_1 

#--------------------------------------------------------------------------------------------------------------------
#               Timing Point                 Flags   Arc   Edge   Cell     Fanout  Load Trans Delay Arrival Instance 
#                                                                                  (fF)  (ps)  (ps)   (ps)  Location 
#--------------------------------------------------------------------------------------------------------------------
  memory_cache/data_out1_raw_reg[data1][2]/C -       -     R     (arrival)    654     -     0     0     100    (-,-) 
  memory_cache/data_out1_raw_reg[data1][2]/Q -       C->Q  R     DFRRHX1        4 144.5   391  1048    1148    (-,-) 
  dec_way1/u_encoder/g800__1881/Q            -       B->Q  R     EORH2X1        2  86.3   543   958    2106    (-,-) 
  dec_way1/u_encoder/g788__8428/Q            -       S->Q  F     MURH2X1        2  68.6   212  1002    3107    (-,-) 
  dec_way1/u_encoder/g775__6161/Q            -       A->Q  R     EORH2X1        1  40.9   330   568    3675    (-,-) 
  dec_way1/g25253__6131/Q                    -       A->Q  R     EORH2X1        3  84.8   536   902    4577    (-,-) 
  dec_way1/g25229__7410/Q                    -       A->Q  R     EORH2X1        1  40.9   334   800    5376    (-,-) 
  dec_way1/g25210__2802/Q                    -       A->Q  R     EORH2X1        2  82.8   527   893    6270    (-,-) 
  dec_way1/g25197__6417/Q                    -       A->Q  R     EORH2X1        1  40.9   333   795    7065    (-,-) 
  dec_way1/g25185__1881/Q                    -       A->Q  F     EORH2X1        1  38.5   288   590    7655    (-,-) 
  dec_way1/g25178__1617/Q                    -       C->Q  F     MAJRH3X1       1  19.1   159   805    8460    (-,-) 
  dec_way1/g25171__5107/Q                    -       C->Q  R     NORH3X1        1  22.5   356   648    9108    (-,-) 
  dec_way1/g25170/Q                          -       A->Q  F     INRHX1         1  20.2   114   337    9445    (-,-) 
  dec_way1/g25169__2398/Q                    -       A->Q  R     NARH2X1        1  44.6   172   262    9707    (-,-) 
  dec_way1/g25168/Q                          -       A->Q  R     BURHX4         8 363.9   210   510   10217    (-,-) 
  dec_way1/g25167__5477/Q                    -       S->Q  F     MURH2X1        1  20.2   116   662   10879    (-,-) 
  cache_controller_u/g5777__2802/Q           -       A->Q  R     NARH2X1        1  22.3   158   208   11087    (-,-) 
  cache_controller_u/g5733__9945/Q           -       A->Q  F     NARH2X1        1  20.4   162   307   11394    (-,-) 
  cache_controller_u/g5725/Q                 -       A->Q  R     INRHX1         1  22.3    93   219   11613    (-,-) 
  cache_controller_u/g5714__1705/Q           -       A->Q  F     NARH2X1        1  45.7   254   369   11982    (-,-) 
  data_cpu[0]                                <<<     -     F     (port)         -     -     -     1   11983    (-,-) 
#--------------------------------------------------------------------------------------------------------------------

