============================================================
  Generated by:           Genus(TM) Synthesis Solution 21.18-s082_1
  Generated on:           Jul 09 2026  04:30:17 pm
  Module:                 cache_ECC
  Operating conditions:   slow_1_62V_125C 
  Operating conditions:   fast_1_98V_125C 
  Interconnect mode:      global
  Area mode:              physical library
============================================================

Timing
--------

Clock  Period 
--------------
clk   12500.0 


  Cost    Critical         Violating 
 Group   Path Slack  TNS     Paths   
-------------------------------------
clk           267.4   0.0          0 
default    No paths   0.0            
-------------------------------------
Total                 0.0          0 

Instance Count
--------------
Leaf Instance Count             3120 
Physical Instance count            0 
Sequential Instance Count        712 
Combinational Instance Count    2408 
Hierarchical Instance Count       10 

Area
----
Cell Area                          508673.699
Physical Cell Area                 0.000
Total Cell Area (Cell+Physical)    508673.699
Net Area                           81691.949
Total Area (Cell+Physical+Net)     590365.648

Max Fanout                         654 (clk)
Min Fanout                         0 (n_0)
Average Fanout                     2.3
Terms to net ratio                 3.5175
Terms to instance ratio            3.5728
Runtime                            54.957311000000004 seconds
Elapsed Runtime                    57 seconds
Genus peak memory usage            1625.37 
Innovus peak memory usage          no_value 
Hostname                           gmicro02
