###############################################################
#  Generated by:      Cadence Innovus 25.10-p002_1
#  OS:                Linux x86_64(Host ID gmicro02)
#  Generated on:      Wed Jul  8 16:16:23 2026
#  Design:            cache_ECC
#  Command:           report_gates -out_file /home/epiphane/projets/cache_ECC/backend/layout/reports/cache_ECC_stdcell_worst_150_0/cache_ECC_gates_layout.rpt
###############################################################
Library cell information:
 ----------------------------------------
| Cell       |  Instance  |  Area(um^2)  |
|----------------------------------------|
| ADDFX1     |         28 |      143.640 | 
| ADDHX1     |          8 |       30.096 | 
| AND2X1     |        161 |      220.248 | 
| AND2X2     |         16 |       27.360 | 
| AND2X4     |          8 |       21.888 | 
| AND2X6     |         16 |       60.192 | 
| AND2X8     |         16 |       71.136 | 
| AND3XL     |          2 |        4.104 | 
| AO21X1     |          1 |        2.394 | 
| AO22X1     |         20 |       54.720 | 
| AOI21X1    |          9 |       15.390 | 
| AOI22X1    |        308 |      632.016 | 
| AOI2BB1X1  |          2 |        4.104 | 
| AOI2BB1X4  |          1 |        4.104 | 
| BUFX2      |         38 |       64.980 | 
| BUFX3      |          5 |       10.260 | 
| CLKAND2X12 |          1 |        7.524 | 
| CLKBUFX6   |          4 |       12.312 | 
| CLKBUFX8   |         12 |       45.144 | 
| CLKINVX6   |          1 |        2.394 | 
| CLKINVX8   |          8 |       24.624 | 
| CLKXOR2X1  |         64 |      175.104 | 
| CLKXOR2X2  |          4 |       13.680 | 
| DFFHQX1    |         75 |      410.400 | 
| DFFRHQX1   |         56 |      344.736 | 
| DFFRX1     |          5 |       34.200 | 
| EDFFHQX1   |        576 |     4924.800 | 
| INVX1      |         26 |       17.784 | 
| INVXL      |          3 |        2.052 | 
| MX2X1      |         55 |      131.670 | 
| MXI2XL     |          4 |        9.576 | 
| NAND2BX1   |         14 |       19.152 | 
| NAND2BX2   |          1 |        2.394 | 
| NAND2X1    |        102 |      104.652 | 
| NAND3BXL   |          8 |       13.680 | 
| NOR2BX1    |         28 |       38.304 | 
| NOR2BX2    |          1 |        2.736 | 
| NOR2BX4    |          1 |        3.762 | 
| NOR2X1     |         12 |       12.312 | 
| NOR2X2     |          2 |        3.420 | 
| OA21X1     |          1 |        2.052 | 
| OA22X1     |          5 |       11.970 | 
| OAI21X1    |          9 |       15.390 | 
| OAI22X1    |          6 |       12.312 | 
| OAI2BB1X1  |         33 |       56.430 | 
| OR2X1      |         50 |       68.400 | 
| OR3X1      |          6 |       12.312 | 
| OR3X8      |          1 |        5.472 | 
| OR4X1      |         10 |       20.520 | 
| XNOR2X1    |        140 |      335.160 | 
| XNOR2X2    |         12 |       36.936 | 
|----------------------------------------|
| Total      |       1975 |     8299.998 |
 ----------------------------------------
Library cell type information:
 -------------------------------------------------------
| Cell Type        |   Instance   |        Area         |
|                  |              |       um^2  |   %   |
|-------------------------------------------------------|
| Buffer           |           59 |     132.696 |   1.6 | 
| Inverter         |           38 |      46.854 |   0.6 | 
| Combinational    |         1166 |    2406.312 |  29.0 | 
| Flop             |          712 |    5714.136 |  68.8 | 
| Multi-Bit Flop   |            0 |       0.000 |   0.0 | 
| Latch            |            0 |       0.000 |   0.0 | 
| Clock Gater      |            0 |       0.000 |   0.0 | 
| Macro            |            0 |       0.000 |   0.0 | 
| Physical Cell    |            0 |       0.000 |   0.0 | 
|-------------------------------------------------------|
| Total            |         1975 |    8299.998 | 100.0 | 
 -------------------------------------------------------
