###############################################################
#  Generated by:      Cadence Innovus 25.10-p002_1
#  OS:                Linux x86_64(Host ID gmicro02)
#  Generated on:      Wed Jul  8 16:16:23 2026
#  Design:            cache_ECC
#  Command:           report_timing -late > "${OUT_RPT}/setup_timing.rpt"
###############################################################
Path 1: MET (3.148 ns) Late Output Delay Assertion
               View: analysis_normal_slow_max
              Group: clk
         Startpoint: (R) memory_cache/data_out2_raw_reg[redun1][7]/CK
              Clock: (R) clk
           Endpoint: (F) data_cpu[3]
              Clock: (R) clk

                       Capture       Launch
         Clock Edge:+    6.667        0.000
        Src Latency:+    0.000        0.100
        Net Latency:+    0.100 (P)    0.000 (P)
            Arrival:=    6.767        0.100

       Output Delay:-    0.300
        Uncertainty:-    0.050
      Required Time:=    6.417
       Launch Clock:=    0.100
          Data Path:+    3.169
              Slack:=    3.148

#------------------------------------------------------------------------------------------------------------------
# Timing Point                                  Flags  Arc          Edge  Cell       Fanout  Trans   Delay  Arrival  
#                                                                                             (ns)    (ns)     (ns)  
#------------------------------------------------------------------------------------------------------------------
  memory_cache/data_out2_raw_reg[redun1][7]/CK  -      CK           R     (arrival)     712  0.004       -    0.100  
  memory_cache/data_out2_raw_reg[redun1][7]/Q   -      CK->Q        F     DFFHQX1         3  0.004   0.268    0.368  
  dec_way2/u_decoder/g362__8246/Y               -      A->Y         R     XNOR2X1         3  0.146   0.255    0.623  
  dec_way2/u_decoder/g358__1617/Y               -      B->Y         R     XNOR2X1         2  0.045   0.141    0.763  
  dec_way2/u_decoder/g343__9945/Y               -      B->Y         F     XNOR2X1         3  0.046   0.156    0.919  
  dec_way2/u_decoder/g340__4733/Y               -      B->Y         R     XNOR2X1         2  0.068   0.185    1.104  
  dec_way2/g1378__3680/Y                        -      B->Y         R     CLKXOR2X1       1  0.040   0.147    1.251  
  dec_way2/g1358__1881/CO                       -      CI->CO       R     ADDFX1          1  0.033   0.186    1.437  
  dec_way2/g1347__8428/S                        -      CI->S        F     ADDFX1          1  0.044   0.281    1.718  
  dec_way2/g1344__5107/S                        -      CI->S        R     ADDFX1          3  0.059   0.308    2.026  
  dec_way2/g1343__2398/Y                        -      C->Y         F     NAND3BXL        1  0.061   0.125    2.151  
  dec_way2/g1339__1666/Y                        -      AN->Y        F     NOR2BX1         1  0.138   0.117    2.268  
  dec_way2/g1337__2883/Y                        -      B0->Y        R     AOI21X1         1  0.034   0.061    2.329  
  dec_way2/g1336__9945/Y                        -      B->Y         R     OR3X1           8  0.060   0.167    2.495  
  dec_way2/g1334__6161/Y                        -      S0->Y        F     MX2X1           1  0.142   0.213    2.708  
  cache_controller_u/g4602__7410/Y              -      AN->Y        F     NOR2BX1         1  0.056   0.085    2.793  
  cache_controller_u/g4583__6783/Y              -      C->Y         F     OR4X1           1  0.044   0.281    3.074  
  FE_OFC25_data_cpu_3/Y                         -      A->Y         F     CLKBUFX8        1  0.086   0.195    3.269  
  data_cpu[3]                                   -      data_cpu[3]  F     -               1  0.185   0.000    3.269  
#------------------------------------------------------------------------------------------------------------------

