             0V	    VSS
           0.9V	    VDD
             0V	    VSS
           0.9V	    VDD
Using Power View: analysis_normal_slow_max.
AAE_INFO: opIsDesignInPostRouteState() is 1
#################################################################################
# Design Stage: PostRoute
# Design Name: cache_ECC
# Design Mode: 45nm
# Analysis Mode: MMMC Non-OCV 
# Parasitics Mode: SPEF/RCDB 
# Signoff Settings: SI Off 
#################################################################################
Calculate delays in BcWc mode...
Start delay calculation (fullDC) (8 T). (MEM=3684.5)
Initializing multi-corner resistance tables ...
AAE_INFO: 8 threads acquired from CTE.
Total number of fetched objects 2067
AAE_INFO: Total number of nets for which stage creation was skipped for all views 0
End delay calculation. (MEM=3739.57 CPU=0:00:00.8 REAL=0:00:00.0)
End delay calculation (fullDC). (MEM=3739.57 CPU=0:00:01.2 REAL=0:00:00.0)
Load RC corner of view analysis_normal_slow_max

Begin Power Analysis

             0V	    VSS
           0.9V	    VDD
Begin Processing Timing Library for Power Calculation

Ended Processing Timing Library for Power Calculation: (cpu=0:00:00, real=0:00:00, mem(process/total/peak)=3649.76MB/13201.95MB/3699.76MB)



Begin Processing Power Net/Grid for Power Calculation

Ended Processing Power Net/Grid for Power Calculation: (cpu=0:00:00, real=0:00:00, mem(process/total/peak)=3649.76MB/13201.95MB/3699.76MB)

Begin Processing Timing Window Data for Power Calculation

CK: assigning clock clk to net clk
Ended Processing Timing Window Data for Power Calculation: (cpu=0:00:00, real=0:00:00, mem(process/total/peak)=3656.06MB/13721.99MB/3699.76MB)

Begin Processing User Attributes

Ended Processing User Attributes: (cpu=0:00:00, real=0:00:00, mem(process/total/peak)=3656.28MB/13721.99MB/3699.76MB)

Begin Processing Signal Activity


Starting Levelizing
2026-Jul-10 11:44:25 (2026-Jul-10 14:44:25 GMT)
2026-Jul-10 11:44:25 (2026-Jul-10 14:44:25 GMT): 10%
2026-Jul-10 11:44:25 (2026-Jul-10 14:44:25 GMT): 20%
2026-Jul-10 11:44:25 (2026-Jul-10 14:44:25 GMT): 30%
2026-Jul-10 11:44:25 (2026-Jul-10 14:44:25 GMT): 40%
2026-Jul-10 11:44:25 (2026-Jul-10 14:44:25 GMT): 50%
2026-Jul-10 11:44:25 (2026-Jul-10 14:44:25 GMT): 60%
2026-Jul-10 11:44:25 (2026-Jul-10 14:44:25 GMT): 70%
2026-Jul-10 11:44:25 (2026-Jul-10 14:44:25 GMT): 80%
2026-Jul-10 11:44:25 (2026-Jul-10 14:44:25 GMT): 90%

Finished Levelizing
2026-Jul-10 11:44:25 (2026-Jul-10 14:44:25 GMT)

Starting Activity Propagation
2026-Jul-10 11:44:25 (2026-Jul-10 14:44:25 GMT)
2026-Jul-10 11:44:25 (2026-Jul-10 14:44:25 GMT): 10%
2026-Jul-10 11:44:25 (2026-Jul-10 14:44:25 GMT): 20%

Finished Activity Propagation
2026-Jul-10 11:44:25 (2026-Jul-10 14:44:25 GMT)
Ended Processing Signal Activity: (cpu=0:00:00, real=0:00:00, mem(process/total/peak)=3656.37MB/13721.99MB/3699.76MB)

Begin Power Computation

      ----------------------------------------------------------
      # of cell(s) missing both power/leakage table: 0
      # of cell(s) missing power table: 0
      # of cell(s) missing leakage table: 0
      ----------------------------------------------------------



Starting Calculating power
2026-Jul-10 11:44:25 (2026-Jul-10 14:44:25 GMT)
2026-Jul-10 11:44:25 (2026-Jul-10 14:44:25 GMT): 10%
2026-Jul-10 11:44:25 (2026-Jul-10 14:44:25 GMT): 20%
2026-Jul-10 11:44:25 (2026-Jul-10 14:44:25 GMT): 30%
2026-Jul-10 11:44:25 (2026-Jul-10 14:44:25 GMT): 40%
2026-Jul-10 11:44:25 (2026-Jul-10 14:44:25 GMT): 50%
2026-Jul-10 11:44:25 (2026-Jul-10 14:44:25 GMT): 60%
2026-Jul-10 11:44:25 (2026-Jul-10 14:44:25 GMT): 70%
2026-Jul-10 11:44:25 (2026-Jul-10 14:44:25 GMT): 80%
2026-Jul-10 11:44:25 (2026-Jul-10 14:44:25 GMT): 90%

Finished Calculating power
2026-Jul-10 11:44:25 (2026-Jul-10 14:44:25 GMT)
      # of MSMV cell(s) missing power_level: 0
Ended Power Computation: (cpu=0:00:00, real=0:00:00, mem(process/total/peak)=3663.84MB/13810.02MB/3699.76MB)

Begin Processing User Attributes

Begin Processing set_power
Ended Processing set_power: (cpu=0:00:00, real=0:00:00,
mem(process/total/peak)=3663.84MB/13810.02MB/3699.76MB)
Ended Processing User Attributes: (cpu=0:00:00, real=0:00:00, mem(process/total/peak)=3663.84MB/13810.02MB/3699.76MB)

Ended Power Analysis: (cpu=0:00:00, real=0:00:00, mem(process/total/peak)=3663.84MB/13810.02MB/3699.76MB)

Begin Boundary Leakage Calculation
Ended Boundary Leakage Calculation: (cpu=0:00:00, real=0:00:00,
mem(process/total/peak)=3663.84MB/13810.02MB/3699.76MB)
Begin Static Power Report Generation
*----------------------------------------------------------------------------------------
*	Innovus 25.10-p002_1 (64bit) 04/23/2025 12:43 (Linux 4.18.0-305.el8.x86_64)
*	
*
* 	Date & Time:	2026-Jul-10 11:44:25 (2026-Jul-10 14:44:25 GMT)
*
*----------------------------------------------------------------------------------------
*
*	Design: cache_ECC
*
*	Liberty Libraries used:
*	        analysis_normal_slow_max: /home/tools/design_kits/cadence/GPDK045/gsclib045_svt_v4.4/gsclib045/timing/slow_vdd1v0_basicCells.lib
*
*	Parasitic Files used:
*
*       Power View : analysis_normal_slow_max
*
*       User-Defined Activity : N.A.
*
*       Activity File: N.A.
*
*       Hierarchical Global Activity: N.A.
*
*       Global Activity: N.A.
*
*       Sequential Element Activity: 0.200000
*
*       Primary Input Activity: 0.200000
*
*       Default icg ratio: N.A.
*
*       Global Comb ClockGate Ratio: N.A.
*
*	Power Units = 1mW
*
*	Time Units = 1e-09 secs
*
*       report_power
*
-----------------------------------------------------------------------------------------
*



Total Power
-----------------------------------------------------------------------------------------
Total Internal Power:        0.40928824 	   81.9242%
Total Switching Power:       0.09013593 	   18.0418%
Total Leakage Power:         0.00016986 	    0.0340%
Total Power:                 0.49959403
-----------------------------------------------------------------------------------------


Group                           Internal   Switching     Leakage       Total  Percentage 
                                Power      Power         Power         Power  (%)        
-----------------------------------------------------------------------------------------
Sequential                        0.3375     0.01265   9.738e-05      0.3502        70.1
Macro                                  0           0           0           0           0
IO                                     0           0           0           0           0
Combinational                    0.07183     0.07749   7.248e-05      0.1494        29.9
Clock (Combinational)                  0           0           0           0           0
Clock (Sequential)                     0           0           0           0           0
-----------------------------------------------------------------------------------------
Total                             0.4093     0.09014   0.0001699      0.4996         100
-----------------------------------------------------------------------------------------


Rail                  Voltage   Internal   Switching     Leakage       Total  Percentage 
                                Power      Power         Power         Power  (%)        
-----------------------------------------------------------------------------------------
VDD                       0.9     0.4093     0.09014   0.0001699      0.4996         100
 
 
-----------------------------------------------------------------------------------------
*	Power Distribution Summary: 
*              Highest Average Power:      dec_way1/g1350__5115 (NOR3X4):           0.0016
*              Highest Leakage Power: cache_controller_u/g4639__5477 (CLKAND2X12):        4.096e-07
*                Total Cap:      6.13302e-12 F
*                Total instances in design:  1987
*                Total instances in design with no power:     0
*                Total instances in design with no activty:     0

*                Total Fillers and Decap:     0
-----------------------------------------------------------------------------------------
 
** INFO:  (VOLTUS_POWR-3465): There are 0 decaps and 0 fillers in the design

Ended Static Power Report Generation: (cpu=0:00:00, real=0:00:00,
mem(process/total/peak)=3664.94MB/13810.02MB/3699.76MB)

