###############################################################
#  Generated by:      Cadence Innovus 25.10-p002_1
#  OS:                Linux x86_64(Host ID gmicro02)
#  Generated on:      Fri Jul 10 11:44:16 2026
#  Design:            cache_ECC
#  Command:           report_gates -out_file /home/epiphane/projets/cache_ECC/backend/layout/reports/cache_ECC_stdcell_worst_200_0/cache_ECC_gates_layout.rpt
###############################################################
Library cell information:
 ----------------------------------------
| Cell       |  Instance  |  Area(um^2)  |
|----------------------------------------|
| ADDFX1     |         28 |      143.640 | 
| ADDHX1     |         10 |       37.620 | 
| AND2X1     |        172 |      235.296 | 
| AND2X2     |          9 |       15.390 | 
| AND2X4     |         13 |       35.568 | 
| AND2X6     |         17 |       63.954 | 
| AND2X8     |         15 |       66.690 | 
| AND3X2     |          1 |        2.736 | 
| AND3XL     |          1 |        2.052 | 
| AO21X1     |          1 |        2.394 | 
| AO22X1     |         11 |       30.096 | 
| AOI21X1    |          9 |       15.390 | 
| AOI21X2    |          8 |       21.888 | 
| AOI221X1   |          1 |        2.394 | 
| AOI221X2   |          1 |        4.446 | 
| AOI22X1    |        308 |      632.016 | 
| AOI2BB1X1  |          3 |        6.156 | 
| AOI2BB1X4  |          1 |        4.104 | 
| AOI31X1    |          2 |        4.104 | 
| BUFX2      |         33 |       56.430 | 
| BUFX3      |          6 |       12.312 | 
| BUFX4      |          1 |        2.394 | 
| CLKAND2X12 |          1 |        7.524 | 
| CLKBUFX12  |          1 |        5.130 | 
| CLKBUFX6   |          6 |       18.468 | 
| CLKBUFX8   |          7 |       26.334 | 
| CLKINVX4   |          1 |        1.710 | 
| CLKINVX6   |          5 |       11.970 | 
| CLKINVX8   |          2 |        6.156 | 
| CLKXOR2X1  |         76 |      207.936 | 
| CLKXOR2X2  |          6 |       20.520 | 
| DFFHQX1    |         75 |      410.400 | 
| DFFRHQX1   |         56 |      344.736 | 
| DFFRX1     |          5 |       34.200 | 
| EDFFHQX1   |        576 |     4924.800 | 
| INVX1      |         28 |       19.152 | 
| INVX2      |          1 |        1.026 | 
| INVX3      |          1 |        1.368 | 
| INVXL      |          2 |        1.368 | 
| MX2X1      |         56 |      134.064 | 
| MXI2XL     |          4 |        9.576 | 
| NAND2BX1   |         12 |       16.416 | 
| NAND2BX2   |          1 |        2.394 | 
| NAND2X1    |         97 |       99.522 | 
| NAND3BXL   |          2 |        3.420 | 
| NOR2BX1    |         23 |       31.464 | 
| NOR2BX2    |          2 |        5.472 | 
| NOR2X1     |         25 |       25.650 | 
| NOR2X2     |          2 |        3.420 | 
| NOR3BX1    |          1 |        2.052 | 
| NOR3X4     |          1 |        5.130 | 
| OA21X1     |          3 |        6.156 | 
| OA22X1     |          5 |       11.970 | 
| OAI21X1    |          7 |       11.970 | 
| OAI22X1    |          8 |       16.416 | 
| OAI2BB1X1  |         39 |       66.690 | 
| OAI2BB2X1  |          1 |        4.104 | 
| OAI31X1    |          1 |        2.052 | 
| OR2X1      |         35 |       47.880 | 
| OR2XL      |         16 |       21.888 | 
| OR3X1      |          6 |       12.312 | 
| OR3X8      |          8 |       43.776 | 
| OR4X1      |          2 |        4.104 | 
| XNOR2X1    |        120 |      287.280 | 
| XNOR2X2    |         10 |       30.780 | 
|----------------------------------------|
| Total      |       1987 |     8345.826 |
 ----------------------------------------
Library cell type information:
 -------------------------------------------------------
| Cell Type        |   Instance   |        Area         |
|                  |              |       um^2  |   %   |
|-------------------------------------------------------|
| Buffer           |           54 |     121.068 |   1.5 | 
| Inverter         |           40 |      42.750 |   0.5 | 
| Combinational    |         1181 |    2467.872 |  29.6 | 
| Flop             |          712 |    5714.136 |  68.5 | 
| Multi-Bit Flop   |            0 |       0.000 |   0.0 | 
| Latch            |            0 |       0.000 |   0.0 | 
| Clock Gater      |            0 |       0.000 |   0.0 | 
| Macro            |            0 |       0.000 |   0.0 | 
| Physical Cell    |            0 |       0.000 |   0.0 | 
|-------------------------------------------------------|
| Total            |         1987 |    8345.826 | 100.0 | 
 -------------------------------------------------------
