###############################################################
#  Generated by:      Cadence Innovus 25.10-p002_1
#  OS:                Linux x86_64(Host ID gmicro02)
#  Generated on:      Fri Jul 10 11:44:16 2026
#  Design:            cache_ECC
#  Command:           report_timing -late > "${OUT_RPT}/setup_timing.rpt"
###############################################################
Path 1: MET (1.550 ns) Late Output Delay Assertion
               View: analysis_normal_slow_max
              Group: clk
         Startpoint: (R) memory_cache/data_out1_raw_reg[redun2][5]/CK
              Clock: (R) clk
           Endpoint: (F) data_cpu[4]
              Clock: (R) clk

                       Capture       Launch
         Clock Edge:+    5.000        0.000
        Src Latency:+    0.000        0.100
        Net Latency:+    0.100 (P)    0.000 (P)
            Arrival:=    5.100        0.100

       Output Delay:-    0.300
        Uncertainty:-    0.050
      Required Time:=    4.750
       Launch Clock:=    0.100
          Data Path:+    3.100
              Slack:=    1.550

#------------------------------------------------------------------------------------------------------------------
# Timing Point                                  Flags  Arc          Edge  Cell       Fanout  Trans   Delay  Arrival  
#                                                                                             (ns)    (ns)     (ns)  
#------------------------------------------------------------------------------------------------------------------
  memory_cache/data_out1_raw_reg[redun2][5]/CK  -      CK           R     (arrival)     712  0.004       -    0.100  
  memory_cache/data_out1_raw_reg[redun2][5]/Q   -      CK->Q        F     DFFHQX1         4  0.004   0.268    0.368  
  dec_way1/u_decoder/g386__6783/Y               -      AN->Y        F     NOR2BX1         1  0.147   0.122    0.490  
  dec_way1/u_decoder/g368__5107/Y               -      B0->Y        R     AOI2BB1X1       2  0.043   0.085    0.575  
  dec_way1/u_decoder/g351__6131/Y               -      B->Y         F     CLKXOR2X1       2  0.082   0.189    0.764  
  dec_way1/u_decoder/g348/Y                     -      A->Y         R     INVX1           2  0.063   0.057    0.820  
  dec_way1/u_decoder/g346__1705/Y               -      B->Y         R     MX2X1           2  0.041   0.183    1.003  
  dec_way1/g1339__5526/Y                        -      B->Y         F     CLKXOR2X1       1  0.053   0.166    1.169  
  dec_way1/g1320__1881/S                        -      CI->S        R     ADDFX1          1  0.045   0.292    1.461  
  dec_way1/g1318/Y                              -      A->Y         F     INVX1           2  0.045   0.057    1.519  
  dec_way1/g1316__8246/Y                        -      B->Y         R     CLKXOR2X1       2  0.055   0.150    1.668  
  dec_way1/g1313__2802/Y                        -      B->Y         R     OR2X1           2  0.042   0.080    1.749  
  dec_way1/g1311__3680/Y                        -      AN->Y        R     NOR2BX1         1  0.029   0.095    1.844  
  dec_way1/g1308__8428/Y                        -      A1N->Y       R     OAI2BB1X1       1  0.054   0.140    1.984  
  dec_way1/g1295__9945/Y                        -      B0->Y        F     AOI221X1        1  0.041   0.100    2.083  
  dec_way1/g1293__6161/Y                        -      B->Y         F     OR3X1           8  0.118   0.287    2.370  
  dec_way1/g1288__6131/Y                        -      S0->Y        F     MX2X1           1  0.160   0.191    2.561  
  cache_controller_u/g4554__5526/Y              -      A1->Y        R     AOI21X2         1  0.057   0.121    2.682  
  cache_controller_u/g4537__5115/Y              -      B0->Y        F     OAI2BB1X1       1  0.138   0.176    2.858  
  cache_controller_u/g4527__6783/Y              -      C->Y         F     OR3X8           1  0.149   0.342    3.200  
  data_cpu[4]                                   -      data_cpu[4]  F     -               1  0.212   0.000    3.200  
#------------------------------------------------------------------------------------------------------------------

