###############################################################
#  Generated by:      Cadence Innovus 25.10-p002_1
#  OS:                Linux x86_64(Host ID gmicro02)
#  Generated on:      Fri Jul 10 11:23:32 2026
#  Design:            cache_ECC
#  Command:           report_gates -out_file /home/epiphane/projets/cache_ECC/backend/layout/reports/cache_ECC_stdcell_worst_336_0/cache_ECC_gates_layout.rpt
###############################################################
Library cell information:
 ----------------------------------------
| Cell       |  Instance  |  Area(um^2)  |
|----------------------------------------|
| ACHCONX2   |          1 |       12.654 | 
| ADDFHX1    |          1 |        7.524 | 
| ADDFX1     |          3 |       15.390 | 
| ADDHX1     |          4 |       15.048 | 
| AND2X1     |        171 |      233.928 | 
| AND2X2     |         12 |       20.520 | 
| AND2X4     |         13 |       35.568 | 
| AND2X6     |         16 |       60.192 | 
| AND2X8     |         16 |       71.136 | 
| AND2XL     |          7 |        9.576 | 
| AO21X1     |          1 |        2.394 | 
| AO22X1     |          9 |       24.624 | 
| AOI21X1    |         14 |       23.940 | 
| AOI21X2    |          5 |       13.680 | 
| AOI21X4    |          7 |       35.910 | 
| AOI221X2   |          1 |        4.446 | 
| AOI222X4   |          8 |       76.608 | 
| AOI22X1    |        313 |      642.276 | 
| AOI2BB1X1  |          6 |       12.312 | 
| AOI2BB2X1  |          2 |        6.840 | 
| BMXIX2     |          1 |        7.524 | 
| BUFX2      |         37 |       63.270 | 
| BUFX3      |          1 |        2.052 | 
| BUFX4      |          1 |        2.394 | 
| CLKAND2X12 |          1 |        7.524 | 
| CLKAND2X2  |          3 |        6.156 | 
| CLKAND2X3  |          4 |       12.312 | 
| CLKAND2X6  |          8 |       38.304 | 
| CLKBUFX12  |          1 |        5.130 | 
| CLKBUFX6   |          2 |        6.156 | 
| CLKBUFX8   |         11 |       41.382 | 
| CLKINVX12  |          8 |       32.832 | 
| CLKINVX4   |          2 |        3.420 | 
| CLKINVX6   |          8 |       19.152 | 
| CLKINVX8   |          2 |        6.156 | 
| CLKMX2X3   |          9 |       36.936 | 
| CLKXOR2X1  |         34 |       93.024 | 
| CLKXOR2X2  |          5 |       17.100 | 
| DFFHQX1    |         56 |      306.432 | 
| DFFQX2     |         16 |      103.968 | 
| DFFQX4     |          3 |       21.546 | 
| DFFRHQX1   |         55 |      338.580 | 
| DFFRX1     |          6 |       41.040 | 
| EDFFHQX1   |        576 |     4924.800 | 
| INVX1      |        111 |       75.924 | 
| INVX2      |          2 |        2.052 | 
| INVX6      |          1 |        2.394 | 
| INVXL      |         66 |       45.144 | 
| MX2X1      |         80 |      191.520 | 
| MX2XL      |          1 |        2.394 | 
| MXI2X1     |          7 |       19.152 | 
| MXI2X2     |          3 |       13.338 | 
| MXI2XL     |         12 |       28.728 | 
| NAND2BX1   |         18 |       24.624 | 
| NAND2BX2   |          1 |        2.394 | 
| NAND2BXL   |          1 |        1.368 | 
| NAND2X1    |        111 |      113.886 | 
| NAND2X2    |         26 |       44.460 | 
| NAND2X4    |          1 |        3.420 | 
| NAND4X4    |          1 |        6.840 | 
| NAND4XL    |          1 |        1.710 | 
| NOR2BX1    |         61 |       83.448 | 
| NOR2X1     |        188 |      192.888 | 
| NOR2X2     |         31 |       53.010 | 
| NOR2X4     |          5 |       15.390 | 
| NOR2X6     |          1 |        4.104 | 
| NOR3BX1    |          2 |        4.104 | 
| NOR3BX2    |          3 |       10.260 | 
| NOR3X1     |          2 |        3.420 | 
| NOR3X2     |          2 |        5.472 | 
| NOR3X4     |          6 |       30.780 | 
| OA21X1     |          8 |       16.416 | 
| OAI21X1    |         11 |       18.810 | 
| OAI21X2    |          3 |        9.234 | 
| OAI22X1    |         10 |       20.520 | 
| OAI22X2    |          1 |        3.420 | 
| OAI2BB1X1  |         24 |       41.040 | 
| OR2X1      |         22 |       30.096 | 
| OR2X2      |          1 |        1.710 | 
| OR2XL      |         23 |       31.464 | 
| OR3X1      |          2 |        4.104 | 
| OR4X1      |          3 |        6.156 | 
| XNOR2X1    |         63 |      150.822 | 
| XNOR2X2    |         10 |       30.780 | 
| XNOR3X1    |          7 |       52.668 | 
| XNOR3XL    |          1 |        7.524 | 
| XOR2X4     |          1 |        4.104 | 
| XOR2XL     |          1 |        2.736 | 
| XOR3X1     |          6 |       45.144 | 
|----------------------------------------|
| Total      |       2401 |     8920.728 |
 ----------------------------------------
Library cell type information:
 -------------------------------------------------------
| Cell Type        |   Instance   |        Area         |
|                  |              |       um^2  |   %   |
|-------------------------------------------------------|
| Buffer           |           53 |     120.384 |   1.3 | 
| Inverter         |          200 |     187.074 |   2.1 | 
| Combinational    |         1436 |    2876.904 |  32.2 | 
| Flop             |          712 |    5736.366 |  64.3 | 
| Multi-Bit Flop   |            0 |       0.000 |   0.0 | 
| Latch            |            0 |       0.000 |   0.0 | 
| Clock Gater      |            0 |       0.000 |   0.0 | 
| Macro            |            0 |       0.000 |   0.0 | 
| Physical Cell    |            0 |       0.000 |   0.0 | 
|-------------------------------------------------------|
| Total            |         2401 |    8920.728 | 100.0 | 
 -------------------------------------------------------
