###############################################################
#  Generated by:      Cadence Innovus 25.10-p002_1
#  OS:                Linux x86_64(Host ID gmicro02)
#  Generated on:      Fri Jul 10 11:23:32 2026
#  Design:            cache_ECC
#  Command:           report_timing -late > "${OUT_RPT}/setup_timing.rpt"
###############################################################
Path 1: VIOLATED (-0.074 ns) Late Output Delay Assertion
               View: analysis_normal_slow_max
              Group: clk
         Startpoint: (R) memory_cache/data_out1_raw_reg[redun2][7]/CK
              Clock: (R) clk
           Endpoint: (R) data_cpu[3]
              Clock: (R) clk

                       Capture       Launch
         Clock Edge:+    2.976        0.000
        Src Latency:+    0.000        0.100
        Net Latency:+    0.100 (P)    0.000 (P)
            Arrival:=    3.076        0.100

       Output Delay:-    0.300
        Uncertainty:-    0.050
      Required Time:=    2.726
       Launch Clock:=    0.100
          Data Path:+    2.700
              Slack:=   -0.074

#--------------------------------------------------------------------------------------------------------------------------------
# Timing Point                                                Flags  Arc          Edge  Cell       Fanout  Trans   Delay  Arrival  
#                                                                                                           (ns)    (ns)     (ns)  
#--------------------------------------------------------------------------------------------------------------------------------
  memory_cache/data_out1_raw_reg[redun2][7]/CK                -      CK           R     (arrival)     712  0.004       -    0.100  
  memory_cache/data_out1_raw_reg[redun2][7]/Q                 -      CK->Q        F     DFFHQX1         4  0.004   0.228    0.328  
  dec_way1/u_decoder/FE_DBTC82_data_cache_ecc_d1_redun2__7/Y  -      A->Y         R     INVXL           3  0.073   0.082    0.410  
  dec_way1/u_decoder/g738__1881/Y                             -      B->Y         F     NOR2X1          1  0.072   0.067    0.477  
  dec_way1/u_decoder/g725__8428/Y                             -      B->Y         R     NOR2X2          2  0.053   0.073    0.550  
  dec_way1/u_decoder/FE_RC_0_0/Y                              -      B->Y         F     CLKXOR2X1       3  0.076   0.194    0.744  
  dec_way1/u_decoder/g698__8246/Y                             -      S0->Y        F     MXI2XL          3  0.077   0.180    0.924  
  dec_way1/g18700__2398/Y                                     -      B->Y         R     NOR2BX1         1  0.213   0.164    1.088  
  dec_way1/g18635__5477/Y                                     -      A->Y         F     NOR2X2          3  0.097   0.082    1.169  
  dec_way1/g18681__8246/Y                                     -      AN->Y        F     NOR2BX1         1  0.052   0.080    1.250  
  dec_way1/g18605__7098/Y                                     -      B->Y         R     NOR2X1          2  0.054   0.096    1.345  
  dec_way1/g18600__1705/Y                                     -      B0->Y        F     AOI21X1         1  0.110   0.086    1.432  
  dec_way1/g18593__8428/Y                                     -      B->Y         R     NOR2X1          3  0.093   0.120    1.551  
  dec_way1/g18566__6161/Y                                     -      S0->Y        R     MX2X1           2  0.119   0.192    1.743  
  dec_way1/FE_OFC144_n_217/Y                                  -      A->Y         F     INVX1           1  0.045   0.043    1.786  
  dec_way1/g18551__8246/Y                                     -      B->Y         R     NOR2X1          1  0.027   0.051    1.837  
  dec_way1/g18549__1705/Y                                     -      B->Y         F     NOR2X1          2  0.055   0.061    1.898  
  dec_way1/g2__3680/Y                                         -      B->Y         F     OR2X1           1  0.058   0.118    2.016  
  dec_way1/g18539__4319/Y                                     -      B->Y         R     NOR2X1          1  0.031   0.052    2.067  
  dec_way1/g18538__6260/Y                                     -      B0->Y        F     AOI21X1         1  0.052   0.054    2.121  
  dec_way1/g18537__5107/Y                                     -      B->Y         F     CLKAND2X3       8  0.095   0.141    2.262  
  dec_way1/g18535__5477/Y                                     -      S0->Y        R     MX2X1           1  0.076   0.201    2.463  
  cache_controller_u/g6974__2883/Y                            -      A1->Y        F     AOI21X4         1  0.063   0.117    2.581  
  cache_controller_u/g6956__1617/Y                            -      A->Y         F     CLKAND2X6       1  0.125   0.145    2.726  
  cache_controller_u/g6952/Y                                  -      A->Y         R     CLKINVX12       1  0.042   0.074    2.800  
  data_cpu[3]                                                 -      data_cpu[3]  R     -               1  0.093   0.000    2.800  
#--------------------------------------------------------------------------------------------------------------------------------

