============================================================
  Generated by:           Genus(TM) Synthesis Solution 21.18-s082_1
  Generated on:           Jul 10 2026  11:33:37 am
  Module:                 cache_ECC
  Operating conditions:   PVT_0P9V_125C 
  Operating conditions:   PVT_1P32V_0C 
  Interconnect mode:      global
  Area mode:              physical library
============================================================

                                               Library 
   Gate     Instances    Area       Library     Domain 
-------------------------------------------------------
ADDFX1             28   143.640    slow_vdd1v0   worst 
ADDHX1             10    37.620    slow_vdd1v0   worst 
AND2X1            170   232.560    slow_vdd1v0   worst 
AND2X2              3     5.130    slow_vdd1v0   worst 
AND2X4             21    57.456    slow_vdd1v0   worst 
AND2X6             16    60.192    slow_vdd1v0   worst 
AND2X8             16    71.136    slow_vdd1v0   worst 
AND3X2              2     5.472    slow_vdd1v0   worst 
AO21X2              1     2.736    slow_vdd1v0   worst 
AO22X1             11    30.096    slow_vdd1v0   worst 
AOI21X1            15    25.650    slow_vdd1v0   worst 
AOI21X2             2     5.472    slow_vdd1v0   worst 
AOI221X2            2     8.892    slow_vdd1v0   worst 
AOI22X1           308   632.016    slow_vdd1v0   worst 
AOI2BB1X1           2     4.104    slow_vdd1v0   worst 
AOI2BB1X2           1     3.078    slow_vdd1v0   worst 
AOI2BB1X4           1     4.104    slow_vdd1v0   worst 
AOI31X2             2     6.840    slow_vdd1v0   worst 
BUFX2               1     1.710    slow_vdd1v0   worst 
CLKAND2X12          1     7.524    slow_vdd1v0   worst 
CLKINVX12           4    16.416    slow_vdd1v0   worst 
CLKINVX4            4     6.840    slow_vdd1v0   worst 
CLKINVX6            1     2.394    slow_vdd1v0   worst 
CLKINVX8            4    12.312    slow_vdd1v0   worst 
CLKMX2X2            2     6.156    slow_vdd1v0   worst 
CLKMX2X3            1     4.104    slow_vdd1v0   worst 
CLKMX2X6            8    35.568    slow_vdd1v0   worst 
CLKXOR2X1          74   202.464    slow_vdd1v0   worst 
CLKXOR2X2           2     6.840    slow_vdd1v0   worst 
DFFHQX1            44   240.768    slow_vdd1v0   worst 
DFFQX2             31   201.438    slow_vdd1v0   worst 
DFFRHQX1           51   313.956    slow_vdd1v0   worst 
DFFRHQX2            2    15.732    slow_vdd1v0   worst 
DFFRHQX4            3    28.728    slow_vdd1v0   worst 
DFFRX1              1     6.840    slow_vdd1v0   worst 
DFFRX2              4    30.096    slow_vdd1v0   worst 
EDFFHQX1          576  4924.800    slow_vdd1v0   worst 
INVX1              42    28.728    slow_vdd1v0   worst 
INVX2               5     5.130    slow_vdd1v0   worst 
INVX8               5    15.390    slow_vdd1v0   worst 
MX2X1              61   146.034    slow_vdd1v0   worst 
MXI2X1              4    10.944    slow_vdd1v0   worst 
NAND2BX1            7     9.576    slow_vdd1v0   worst 
NAND2BX2            5    11.970    slow_vdd1v0   worst 
NAND2BX4            1     3.762    slow_vdd1v0   worst 
NAND2X1            78    80.028    slow_vdd1v0   worst 
NAND2X2            17    29.070    slow_vdd1v0   worst 
NAND2X4             2     6.840    slow_vdd1v0   worst 
NAND3BX2            2     6.156    slow_vdd1v0   worst 
NOR2BX1            15    20.520    slow_vdd1v0   worst 
NOR2BX2             7    19.152    slow_vdd1v0   worst 
NOR2BX4             3    11.286    slow_vdd1v0   worst 
NOR2X1             15    15.390    slow_vdd1v0   worst 
NOR2X2              8    13.680    slow_vdd1v0   worst 
NOR2X4              4    12.312    slow_vdd1v0   worst 
NOR3BX2             1     3.420    slow_vdd1v0   worst 
NOR3X6              1     7.182    slow_vdd1v0   worst 
OA21X1              3     6.156    slow_vdd1v0   worst 
OA22X1              5    11.970    slow_vdd1v0   worst 
OAI21X1             7    11.970    slow_vdd1v0   worst 
OAI22X1             8    16.416    slow_vdd1v0   worst 
OAI2BB1X1          39    66.690    slow_vdd1v0   worst 
OAI2BB2X2           1     5.472    slow_vdd1v0   worst 
OAI31X2             1     3.762    slow_vdd1v0   worst 
OR2X1              29    39.672    slow_vdd1v0   worst 
OR2X2               6    10.260    slow_vdd1v0   worst 
OR3X2               5    11.970    slow_vdd1v0   worst 
OR3X6               9    43.092    slow_vdd1v0   worst 
OR4X1               2     4.104    slow_vdd1v0   worst 
XNOR2X1           119   284.886    slow_vdd1v0   worst 
XNOR2X2             1     3.078    slow_vdd1v0   worst 
XNOR2X4            10    37.620    slow_vdd1v0   worst 
XOR2X4              6    24.624    slow_vdd1v0   worst 
-------------------------------------------------------
total            1959  8439.192                


                                         
     Type      Instances   Area   Area % 
-----------------------------------------
sequential           712 5762.358   68.3 
inverter              65   87.210    1.0 
buffer                 1    1.710    0.0 
logic               1181 2587.914   30.7 
physical_cells         0    0.000    0.0 
-----------------------------------------
total               1959 8439.192  100.0 

