============================================================
  Generated by:           Genus(TM) Synthesis Solution 21.18-s082_1
  Generated on:           Jul 10 2026  11:33:37 am
  Module:                 cache_ECC
  Library domain:         worst
    Domain index:         0
    Technology library:   slow_vdd1v0 1.0
  Library domain:         best
    Domain index:         1
    Technology library:   fast_vdd1v2 1.0
  Operating conditions:   PVT_0P9V_125C 
  Operating conditions:   PVT_1P32V_0C 
  Interconnect mode:      global
  Area mode:              physical library
============================================================

      Instance              Module         Cell Count  Cell Area  Net Area   Total Area 
----------------------------------------------------------------------------------------
cache_ECC                                        1959   8439.192  2437.086    10876.278 
  cache_controller_u cache_controller             324    919.296   308.351     1227.647 
  dec_way1           ECC_full_decoder             173    447.678   168.354      616.032 
    u_decoder        ECC_decoder                   37     90.630    22.066      112.696 
    u_encoder        ECC_encoder_316               28     70.794    13.950       84.744 
  dec_way2           ECC_full_decoder_193         163    423.738   161.303      585.041 
    u_decoder        ECC_decoder_314               29     74.556    15.414       89.970 
    u_encoder        ECC_encoder_315               30     71.820    15.433       87.253 
  enc                ECC_full_encoder              28     90.972    13.950      104.922 
    u_encoder        ECC_encoder                   28     90.972    13.950      104.922 
  memory_cache       cache_SRAM                  1271   6557.508  1327.808     7885.316 
