============================================================
  Generated by:           Genus(TM) Synthesis Solution 21.18-s082_1
  Generated on:           Jul 10 2026  11:33:38 am
  Module:                 cache_ECC
  Operating conditions:   PVT_0P9V_125C 
  Operating conditions:   PVT_1P32V_0C 
  Interconnect mode:      global
  Area mode:              physical library
============================================================

Timing
--------

Clock Period 
-------------
clk   5000.0 


  Cost    Critical         Violating 
 Group   Path Slack  TNS     Paths   
-------------------------------------
clk           291.6   0.0          0 
default    No paths   0.0            
-------------------------------------
Total                 0.0          0 

Instance Count
--------------
Leaf Instance Count             1959 
Physical Instance count            0 
Sequential Instance Count        712 
Combinational Instance Count    1247 
Hierarchical Instance Count       10 

Area
----
Cell Area                          8439.192
Physical Cell Area                 0.000
Total Cell Area (Cell+Physical)    8439.192
Net Area                           2437.086
Total Area (Cell+Physical+Net)     10876.278

Max Fanout                         712 (clk)
Min Fanout                         0 (n_0)
Average Fanout                     2.6
Terms to net ratio                 3.6189
Terms to instance ratio            3.7611
Runtime                            101.463374 seconds
Elapsed Runtime                    105 seconds
Genus peak memory usage            1689.81 
Innovus peak memory usage          no_value 
Hostname                           gmicro02
