============================================================
  Generated by:           Genus(TM) Synthesis Solution 21.18-s082_1
  Generated on:           Jul 10 2026  11:33:37 am
  Module:                 cache_ECC
  Library domain:         worst
    Domain index:         0
    Technology library:   slow_vdd1v0 1.0
  Library domain:         best
    Domain index:         1
    Technology library:   fast_vdd1v2 1.0
  Operating conditions:   PVT_0P9V_125C 
  Operating conditions:   PVT_1P32V_0C 
  Interconnect mode:      global
  Area mode:              physical library
============================================================

      Instance              Module         Cell Count  Normalized Cell Area  Normalized Net Area   Normalized Total Area 
-------------------------------------------------------------------------------------------------------------------------
cache_ECC                                        1959              8225.333             2375.327               10600.660 
  cache_controller_u cache_controller             324               896.000              300.537                1196.537 
  dec_way1           ECC_full_decoder             173               436.333              164.088                 600.421 
    u_decoder        ECC_decoder                   37                88.333               21.507                 109.840 
    u_encoder        ECC_encoder_316               28                69.000               13.597                  82.597 
  dec_way2           ECC_full_decoder_193         163               413.000              157.215                 570.215 
    u_decoder        ECC_decoder_314               29                72.667               15.023                  87.690 
    u_encoder        ECC_encoder_315               30                70.000               15.042                  85.042 
  enc                ECC_full_encoder              28                88.667               13.597                 102.263 
    u_encoder        ECC_encoder                   28                88.667               13.597                 102.263 
  memory_cache       cache_SRAM                  1271              6391.333             1294.159                7685.493 
