============================================================
  Generated by:           Genus(TM) Synthesis Solution 21.18-s082_1
  Generated on:           Jul 10 2026  11:33:37 am
  Module:                 cache_ECC
  Operating conditions:   PVT_0P9V_125C 
  Operating conditions:   PVT_1P32V_0C 
  Interconnect mode:      global
  Area mode:              physical library
============================================================


Path 1: MET (292 ps) Late External Delay Assertion at pin data_cpu[1]
          Group: clk
     Startpoint: (R) memory_cache/data_out1_raw_reg[redun2][5]/CK
          Clock: (R) clk
       Endpoint: (F) data_cpu[1]
          Clock: (R) clk

                     Capture       Launch     
        Clock Edge:+    5000            0     
       Src Latency:+       0            0     
       Net Latency:+     100 (I)      100 (I) 
           Arrival:=    5100          100     
                                              
      Output Delay:-     300                  
       Uncertainty:-      50                  
     Required Time:=    4750                  
      Launch Clock:-     100                  
         Data Path:-    4358                  
             Slack:=     292                  

Exceptions/Constraints:
  output_delay             300             cache_ECC.sdc_line_35_41_1 

#----------------------------------------------------------------------------------------------------------------------
#                Timing Point                  Flags    Arc   Edge   Cell     Fanout Load Trans Delay Arrival Instance 
#                                                                                    (fF)  (ps)  (ps)   (ps)  Location 
#----------------------------------------------------------------------------------------------------------------------
  memory_cache/data_out1_raw_reg[redun2][5]/CK -       -      R     (arrival)    712    -     0     0     100    (-,-) 
  memory_cache/data_out1_raw_reg[redun2][5]/Q  -       CK->Q  F     DFFHQX1        4  8.0   210   298     398    (-,-) 
  dec_way1/u_decoder/g386__6783/Y              -       AN->Y  F     NOR2BX1        1  3.6   119   190     588    (-,-) 
  dec_way1/u_decoder/g368__5107/Y              -       B0->Y  R     AOI2BB1X2      2  5.2   148   157     745    (-,-) 
  dec_way1/u_decoder/g351__6131/Y              -       B->Y   F     CLKXOR2X2      2  5.4    98   265    1010    (-,-) 
  dec_way1/u_decoder/g348/Y                    -       A->Y   R     INVX2          2  5.2    75    88    1098    (-,-) 
  dec_way1/u_decoder/g346__1705/Y              -       B->Y   R     CLKMX2X3       2  5.0    66   215    1314    (-,-) 
  dec_way1/g1339__5526/Y                       -       B->Y   F     CLKXOR2X1      1  3.4   102   203    1516    (-,-) 
  dec_way1/g1320__1881/S                       -       CI->S  R     ADDFX1         1  3.3    97   348    1864    (-,-) 
  dec_way1/g1318/Y                             -       A->Y   F     INVX1          2  5.5   162   142    2006    (-,-) 
  dec_way1/g1316__8246/Y                       -       B->Y   R     CLKXOR2X1      2  5.4   130   242    2248    (-,-) 
  dec_way1/g1313__2802/Y                       -       B->Y   R     OR2X1          2  4.8   112   170    2418    (-,-) 
  dec_way1/g1311__3680/Y                       -       AN->Y  R     NOR2BX1        1  3.1   175   200    2618    (-,-) 
  dec_way1/g1308__8428/Y                       -       A1N->Y R     OAI2BB1X1      1  3.7   109   231    2850    (-,-) 
  dec_way1/g1295__9945/Y                       -       B0->Y  F     AOI221X2       1  3.1   173   155    3005    (-,-) 
  dec_way1/g1293__6161/Y                       -       B->Y   F     OR3X2          8 16.1   245   399    3404    (-,-) 
  dec_way1/g1289__1881/Y                       -       S0->Y  F     MX2X1          1  3.3   102   252    3656    (-,-) 
  cache_controller_u/g4558__2802/Y             -       A1->Y  R     AOI21X1        1  3.3   187   172    3828    (-,-) 
  cache_controller_u/g4541__9315/Y             -       B0->Y  F     OAI2BB1X1      1  3.6   235   251    4079    (-,-) 
  cache_controller_u/g4532__5122/Y             -       C->Y   F     OR3X6          1 47.9   255   379    4458    (-,-) 
  data_cpu[1]                                  <<<     -      F     (port)         -    -     -     0    4458    (-,-) 
#----------------------------------------------------------------------------------------------------------------------

