###############################################################
#  Generated by:      Cadence Innovus 25.10-p002_1
#  OS:                Linux x86_64(Host ID gmicro02)
#  Generated on:      Fri Jul 10 12:03:31 2026
#  Design:            cache_ECC
#  Command:           report_gates -out_file /home/epiphane/projets/cache_ECC/backend/layout/reports/cache_ECC_stdcell_worst_50_0/cache_ECC_gates_layout.rpt
###############################################################
Library cell information:
 ---------------------------------------
| Cell      |  Instance  |  Area(um^2)  |
|---------------------------------------|
| ADDFX1    |         32 |      164.160 | 
| ADDHX1    |          8 |       30.096 | 
| AND2X1    |         42 |       57.456 | 
| AND2X2    |         12 |       20.520 | 
| AND2X4    |          8 |       21.888 | 
| AND2X6    |         16 |       60.192 | 
| AND2X8    |         15 |       66.690 | 
| AND3X1    |          2 |        4.788 | 
| AND3XL    |         74 |      151.848 | 
| AND4X1    |          2 |        4.788 | 
| AO21X1    |          2 |        4.788 | 
| AO22X1    |         16 |       43.776 | 
| AOI21X1   |          4 |        6.840 | 
| AOI221X1  |          1 |        2.394 | 
| AOI22X1   |        310 |      636.120 | 
| AOI2BB1X1 |          1 |        2.052 | 
| BUFX12    |          2 |       10.260 | 
| BUFX2     |         35 |       59.850 | 
| BUFX3     |          6 |       12.312 | 
| CLKBUFX12 |          2 |       10.260 | 
| CLKBUFX6  |          9 |       27.702 | 
| CLKBUFX8  |          8 |       30.096 | 
| CLKINVX6  |          5 |       11.970 | 
| CLKINVX8  |          4 |       12.312 | 
| CLKXOR2X1 |         58 |      158.688 | 
| CLKXOR2X2 |          3 |       10.260 | 
| DFFHQX1   |         75 |      410.400 | 
| DFFRHQX1  |         56 |      344.736 | 
| DFFRHQX2  |          1 |        7.866 | 
| DFFRX1    |          4 |       27.360 | 
| EDFFHQX1  |        576 |     4924.800 | 
| INVX1     |         27 |       18.468 | 
| INVX2     |          2 |        2.052 | 
| INVXL     |          2 |        1.368 | 
| MX2X1     |         56 |      134.064 | 
| MXI2XL    |          4 |        9.576 | 
| NAND2BX1  |         15 |       20.520 | 
| NAND2BXL  |          1 |        1.368 | 
| NAND2X1   |         97 |       99.522 | 
| NAND3BX2  |          1 |        3.078 | 
| NAND3X1   |          3 |        5.130 | 
| NOR2BX1   |         10 |       13.680 | 
| NOR2BX2   |          1 |        2.736 | 
| NOR2X1    |         15 |       15.390 | 
| NOR2X2    |          3 |        5.130 | 
| OA21X1    |          4 |        8.208 | 
| OA22X1    |          6 |       14.364 | 
| OAI21X1   |          9 |       15.390 | 
| OAI22X1   |          7 |       14.364 | 
| OAI2BB1X1 |         25 |       42.750 | 
| OAI31X1   |          1 |        2.052 | 
| OR2X1     |         43 |       58.824 | 
| OR2X2     |          1 |        1.710 | 
| OR3X1     |          4 |        8.208 | 
| OR3X2     |          1 |        2.394 | 
| OR3X8     |          1 |        5.472 | 
| OR4X1     |          6 |       12.312 | 
| XNOR2X1   |        146 |      349.524 | 
| XNOR2X2   |         11 |       33.858 | 
| XNOR2X4   |          1 |        3.762 | 
| XOR2X4    |          1 |        4.104 | 
|---------------------------------------|
| Total     |       1893 |     8246.646 |
 ---------------------------------------
Library cell type information:
 -------------------------------------------------------
| Cell Type        |   Instance   |        Area         |
|                  |              |       um^2  |   %   |
|-------------------------------------------------------|
| Buffer           |           62 |     150.480 |   1.8 | 
| Inverter         |           40 |      46.170 |   0.6 | 
| Combinational    |         1079 |    2334.834 |  28.3 | 
| Flop             |          712 |    5715.162 |  69.3 | 
| Multi-Bit Flop   |            0 |       0.000 |   0.0 | 
| Latch            |            0 |       0.000 |   0.0 | 
| Clock Gater      |            0 |       0.000 |   0.0 | 
| Macro            |            0 |       0.000 |   0.0 | 
| Physical Cell    |            0 |       0.000 |   0.0 | 
|-------------------------------------------------------|
| Total            |         1893 |    8246.646 | 100.0 | 
 -------------------------------------------------------
