###############################################################
#  Generated by:      Cadence Innovus 25.10-p002_1
#  OS:                Linux x86_64(Host ID gmicro02)
#  Generated on:      Fri Jul 10 12:03:31 2026
#  Design:            cache_ECC
#  Command:           report_timing -late > "${OUT_RPT}/setup_timing.rpt"
###############################################################
Path 1: MET (16.189 ns) Late Output Delay Assertion
               View: analysis_normal_slow_max
              Group: clk
         Startpoint: (R) memory_cache/data_out2_raw_reg[data2][2]/CK
              Clock: (R) clk
           Endpoint: (F) data_cpu[5]
              Clock: (R) clk

                       Capture       Launch
         Clock Edge:+   20.000        0.000
        Src Latency:+    0.000        0.100
        Net Latency:+    0.100 (P)    0.000 (P)
            Arrival:=   20.100        0.100

       Output Delay:-    0.300
        Uncertainty:-    0.050
      Required Time:=   19.750
       Launch Clock:=    0.100
          Data Path:+    3.461
              Slack:=   16.189

#-----------------------------------------------------------------------------------------------------------------
# Timing Point                                 Flags  Arc          Edge  Cell       Fanout  Trans   Delay  Arrival  
#                                                                                            (ns)    (ns)     (ns)  
#-----------------------------------------------------------------------------------------------------------------
  memory_cache/data_out2_raw_reg[data2][2]/CK  -      CK           R     (arrival)     712  0.004       -    0.100  
  memory_cache/data_out2_raw_reg[data2][2]/Q   -      CK->Q        F     DFFHQX1         4  0.004   0.230    0.330  
  dec_way2/u_encoder/g359__2802/Y              -      A->Y         R     XNOR2X1         2  0.076   0.228    0.557  
  dec_way2/u_encoder/g348__6417/Y              -      B->Y         R     XNOR2X1         3  0.051   0.153    0.711  
  dec_way2/u_encoder/g343__9945/Y              -      B->Y         F     CLKXOR2X1       1  0.063   0.166    0.877  
  dec_way2/u_encoder/g338__5115/Y              -      B->Y         R     XNOR2X1         1  0.036   0.168    1.045  
  dec_way2/g1328__6161/Y                       -      B->Y         F     XNOR2X1         1  0.032   0.139    1.183  
  dec_way2/g1322__7098/CO                      -      CI->CO       F     ADDFX1          1  0.048   0.188    1.372  
  dec_way2/g1316__3680/S                       -      B->S         R     ADDFX1          1  0.066   0.312    1.684  
  dec_way2/g1311__4319/S                       -      CI->S        F     ADDFX1          2  0.052   0.287    1.971  
  dec_way2/g1310__6260/Y                       -      B->Y         R     NAND2X1         2  0.061   0.053    2.024  
  dec_way2/g1306__6417/Y                       -      A1N->Y       R     OAI2BB1X1       1  0.038   0.132    2.155  
  dec_way2/g1305__7410/Y                       -      C->Y         R     AND4X1          8  0.038   0.396    2.551  
  dec_way2/g1297__7482/Y                       -      S0->Y        F     MX2X1           1  0.184   0.228    2.780  
  cache_controller_u/g4866__1666/Y             -      A1->Y        F     AO22X1          1  0.051   0.168    2.948  
  cache_controller_u/g4858__5115/Y             -      B0->Y        R     AOI21X1         1  0.048   0.080    3.028  
  cache_controller_u/g4856__6131/Y             -      B0->Y        F     OAI2BB1X1       1  0.082   0.106    3.135  
  cache_controller_u/g4847__5526/Y             -      C->Y         F     OR3X2           1  0.079   0.256    3.391  
  FE_OFC132_data_cpu_5/Y                       -      A->Y         F     CLKBUFX12       1  0.107   0.170    3.561  
  data_cpu[5]                                  -      data_cpu[5]  F     -               1  0.126   0.000    3.561  
#-----------------------------------------------------------------------------------------------------------------

