             0V	    VSS
           0.9V	    VDD
             0V	    VSS
           0.9V	    VDD
Using Power View: analysis_normal_slow_max.
AAE_INFO: opIsDesignInPostRouteState() is 1
#################################################################################
# Design Stage: PostRoute
# Design Name: cache_ECC
# Design Mode: 45nm
# Analysis Mode: MMMC Non-OCV 
# Parasitics Mode: SPEF/RCDB 
# Signoff Settings: SI Off 
#################################################################################
Calculate delays in BcWc mode...
Start delay calculation (fullDC) (8 T). (MEM=3523.76)
Initializing multi-corner resistance tables ...
AAE_INFO: 8 threads acquired from CTE.
Total number of fetched objects 2438
AAE_INFO: Total number of nets for which stage creation was skipped for all views 0
End delay calculation. (MEM=3534.68 CPU=0:00:00.5 REAL=0:00:00.0)
End delay calculation (fullDC). (MEM=3534.68 CPU=0:00:00.7 REAL=0:00:01.0)
Load RC corner of view analysis_normal_slow_max

Begin Power Analysis

             0V	    VSS
           0.9V	    VDD
Begin Processing Timing Library for Power Calculation

Ended Processing Timing Library for Power Calculation: (cpu=0:00:00, real=0:00:00, mem(process/total/peak)=3469.92MB/13144.43MB/3561.13MB)



Begin Processing Power Net/Grid for Power Calculation

Ended Processing Power Net/Grid for Power Calculation: (cpu=0:00:00, real=0:00:00, mem(process/total/peak)=3469.92MB/13144.43MB/3561.13MB)

Begin Processing Timing Window Data for Power Calculation

CK: assigning clock clk to net clk
Ended Processing Timing Window Data for Power Calculation: (cpu=0:00:00, real=0:00:00, mem(process/total/peak)=3476.36MB/13664.46MB/3561.13MB)

Begin Processing User Attributes

Ended Processing User Attributes: (cpu=0:00:00, real=0:00:00, mem(process/total/peak)=3476.36MB/13664.46MB/3561.13MB)

Begin Processing Signal Activity


Starting Levelizing
2026-Jul-08 16:03:06 (2026-Jul-08 19:03:06 GMT)
2026-Jul-08 16:03:06 (2026-Jul-08 19:03:06 GMT): 10%
2026-Jul-08 16:03:06 (2026-Jul-08 19:03:06 GMT): 20%
2026-Jul-08 16:03:06 (2026-Jul-08 19:03:06 GMT): 30%
2026-Jul-08 16:03:06 (2026-Jul-08 19:03:06 GMT): 40%
2026-Jul-08 16:03:06 (2026-Jul-08 19:03:06 GMT): 50%
2026-Jul-08 16:03:06 (2026-Jul-08 19:03:06 GMT): 60%
2026-Jul-08 16:03:06 (2026-Jul-08 19:03:06 GMT): 70%
2026-Jul-08 16:03:06 (2026-Jul-08 19:03:06 GMT): 80%
2026-Jul-08 16:03:06 (2026-Jul-08 19:03:06 GMT): 90%

Finished Levelizing
2026-Jul-08 16:03:06 (2026-Jul-08 19:03:06 GMT)

Starting Activity Propagation
2026-Jul-08 16:03:06 (2026-Jul-08 19:03:06 GMT)
2026-Jul-08 16:03:06 (2026-Jul-08 19:03:06 GMT): 10%
2026-Jul-08 16:03:06 (2026-Jul-08 19:03:06 GMT): 20%

Finished Activity Propagation
2026-Jul-08 16:03:06 (2026-Jul-08 19:03:06 GMT)
Ended Processing Signal Activity: (cpu=0:00:00, real=0:00:00, mem(process/total/peak)=3476.36MB/13664.46MB/3561.13MB)

Begin Power Computation

      ----------------------------------------------------------
      # of cell(s) missing both power/leakage table: 0
      # of cell(s) missing power table: 0
      # of cell(s) missing leakage table: 0
      ----------------------------------------------------------



Starting Calculating power
2026-Jul-08 16:03:06 (2026-Jul-08 19:03:06 GMT)
2026-Jul-08 16:03:06 (2026-Jul-08 19:03:06 GMT): 10%
2026-Jul-08 16:03:06 (2026-Jul-08 19:03:06 GMT): 20%
2026-Jul-08 16:03:06 (2026-Jul-08 19:03:06 GMT): 30%
2026-Jul-08 16:03:06 (2026-Jul-08 19:03:06 GMT): 40%
2026-Jul-08 16:03:06 (2026-Jul-08 19:03:06 GMT): 50%
2026-Jul-08 16:03:06 (2026-Jul-08 19:03:06 GMT): 60%
2026-Jul-08 16:03:06 (2026-Jul-08 19:03:06 GMT): 70%
2026-Jul-08 16:03:06 (2026-Jul-08 19:03:06 GMT): 80%
2026-Jul-08 16:03:06 (2026-Jul-08 19:03:06 GMT): 90%

Finished Calculating power
2026-Jul-08 16:03:06 (2026-Jul-08 19:03:06 GMT)
      # of MSMV cell(s) missing power_level: 0
Ended Power Computation: (cpu=0:00:00, real=0:00:00, mem(process/total/peak)=3483.30MB/13752.50MB/3561.13MB)

Begin Processing User Attributes

Begin Processing set_power
Ended Processing set_power: (cpu=0:00:00, real=0:00:00,
mem(process/total/peak)=3483.30MB/13752.50MB/3561.13MB)
Ended Processing User Attributes: (cpu=0:00:00, real=0:00:00, mem(process/total/peak)=3483.30MB/13752.50MB/3561.13MB)

Ended Power Analysis: (cpu=0:00:00, real=0:00:00, mem(process/total/peak)=3483.30MB/13752.50MB/3561.13MB)

Begin Boundary Leakage Calculation
Ended Boundary Leakage Calculation: (cpu=0:00:00, real=0:00:00,
mem(process/total/peak)=3483.30MB/13752.50MB/3561.13MB)
Begin Static Power Report Generation
*----------------------------------------------------------------------------------------
*	Innovus 25.10-p002_1 (64bit) 04/23/2025 12:43 (Linux 4.18.0-305.el8.x86_64)
*	
*
* 	Date & Time:	2026-Jul-08 16:03:06 (2026-Jul-08 19:03:06 GMT)
*
*----------------------------------------------------------------------------------------
*
*	Design: cache_ECC
*
*	Liberty Libraries used:
*	        analysis_normal_slow_max: /home/tools/design_kits/cadence/GPDK045/gsclib045_svt_v4.4/gsclib045/timing/slow_vdd1v0_basicCells.lib
*
*	Parasitic Files used:
*
*       Power View : analysis_normal_slow_max
*
*       User-Defined Activity : N.A.
*
*       Activity File: N.A.
*
*       Hierarchical Global Activity: N.A.
*
*       Global Activity: N.A.
*
*       Sequential Element Activity: 0.200000
*
*       Primary Input Activity: 0.200000
*
*       Default icg ratio: N.A.
*
*       Global Comb ClockGate Ratio: N.A.
*
*	Power Units = 1mW
*
*	Time Units = 1e-09 secs
*
*       report_power
*
-----------------------------------------------------------------------------------------
*



Total Power
-----------------------------------------------------------------------------------------
Total Internal Power:        0.70830172 	   79.3770%
Total Switching Power:       0.18383849 	   20.6022%
Total Leakage Power:         0.00018560 	    0.0208%
Total Power:                 0.89232581
-----------------------------------------------------------------------------------------


Group                           Internal   Switching     Leakage       Total  Percentage 
                                Power      Power         Power         Power  (%)        
-----------------------------------------------------------------------------------------
Sequential                        0.5633     0.02416    9.77e-05      0.5875       65.84
Macro                                  0           0           0           0           0
IO                                     0           0           0           0           0
Combinational                      0.145      0.1597   8.791e-05      0.3048       34.16
Clock (Combinational)                  0           0           0           0           0
Clock (Sequential)                     0           0           0           0           0
-----------------------------------------------------------------------------------------
Total                             0.7083      0.1838   0.0001856      0.8923         100
-----------------------------------------------------------------------------------------


Rail                  Voltage   Internal   Switching     Leakage       Total  Percentage 
                                Power      Power         Power         Power  (%)        
-----------------------------------------------------------------------------------------
VDD                       0.9     0.7083      0.1838   0.0001856      0.8923         100
 
 
-----------------------------------------------------------------------------------------
*	Power Distribution Summary: 
*              Highest Average Power:     dec_way1/g13744__1617 (NOR2X4):         0.002487
*              Highest Leakage Power: cache_controller_u/g7051__7098 (CLKAND2X12):        4.096e-07
*                Total Cap:      6.70387e-12 F
*                Total instances in design:  2387
*                Total instances in design with no power:     0
*                Total instances in design with no activty:     0

*                Total Fillers and Decap:     0
-----------------------------------------------------------------------------------------
 
** INFO:  (VOLTUS_POWR-3465): There are 0 decaps and 0 fillers in the design

Ended Static Power Report Generation: (cpu=0:00:00, real=0:00:00,
mem(process/total/peak)=3484.25MB/13752.50MB/3561.13MB)

