###############################################################
#  Generated by:      Cadence Innovus 25.10-p002_1
#  OS:                Linux x86_64(Host ID gmicro02)
#  Generated on:      Wed Jul  8 16:03:02 2026
#  Design:            cache_ECC
#  Command:           report_gates -out_file /home/epiphane/projets/cache_ECC/backend/layout/reports/cache_ECC_stdcell_worst_335_0/cache_ECC_gates_layout.rpt
###############################################################
Library cell information:
 ----------------------------------------
| Cell       |  Instance  |  Area(um^2)  |
|----------------------------------------|
| ACHCONX2   |          1 |       12.654 | 
| ADDFHX1    |          1 |        7.524 | 
| ADDFX1     |          4 |       20.520 | 
| ADDHX1     |          3 |       11.286 | 
| AND2X1     |        175 |      239.400 | 
| AND2X2     |         12 |       20.520 | 
| AND2X4     |         14 |       38.304 | 
| AND2X6     |         19 |       71.478 | 
| AND2X8     |         12 |       53.352 | 
| AND2XL     |          9 |       12.312 | 
| AO21X1     |          1 |        2.394 | 
| AO22X1     |          9 |       24.624 | 
| AOI21X1    |          5 |        8.550 | 
| AOI21X2    |         10 |       27.360 | 
| AOI21X4    |          1 |        5.130 | 
| AOI221X2   |          2 |        8.892 | 
| AOI222X4   |          7 |       67.032 | 
| AOI22X1    |        311 |      638.172 | 
| AOI2BB1X1  |          7 |       14.364 | 
| AOI2BB2X1  |          1 |        3.420 | 
| BMXIX2     |          1 |        7.524 | 
| BUFX2      |         34 |       58.140 | 
| BUFX3      |          6 |       12.312 | 
| BUFX4      |          1 |        2.394 | 
| CLKAND2X12 |          1 |        7.524 | 
| CLKAND2X2  |          1 |        2.052 | 
| CLKAND2X3  |         11 |       33.858 | 
| CLKAND2X6  |          2 |        9.576 | 
| CLKBUFX8   |         11 |       41.382 | 
| CLKINVX12  |          6 |       24.624 | 
| CLKINVX6   |          7 |       16.758 | 
| CLKINVX8   |          5 |       15.390 | 
| CLKMX2X3   |          1 |        4.104 | 
| CLKXOR2X1  |         28 |       76.608 | 
| CLKXOR2X2  |          6 |       20.520 | 
| DFFHQX1    |         54 |      295.488 | 
| DFFHQX4    |          2 |       16.416 | 
| DFFQX1     |          2 |       11.628 | 
| DFFQX2     |         13 |       84.474 | 
| DFFQX4     |          3 |       21.546 | 
| DFFQXL     |          1 |        5.472 | 
| DFFRHQX1   |         55 |      338.580 | 
| DFFRX1     |          6 |       41.040 | 
| EDFFHQX1   |        576 |     4924.800 | 
| INVX1      |        108 |       73.872 | 
| INVX2      |          3 |        3.078 | 
| INVX3      |          3 |        4.104 | 
| INVXL      |         63 |       43.092 | 
| MX2X1      |         89 |      213.066 | 
| MX2XL      |          1 |        2.394 | 
| MXI2X1     |          8 |       21.888 | 
| MXI2X2     |          2 |        8.892 | 
| MXI2XL     |          9 |       21.546 | 
| NAND2BX1   |         19 |       25.992 | 
| NAND2BX2   |          1 |        2.394 | 
| NAND2X1    |        112 |      114.912 | 
| NAND2X2    |         22 |       37.620 | 
| NAND2X4    |          3 |       10.260 | 
| NAND4X4    |          1 |        6.840 | 
| NAND4XL    |          1 |        1.710 | 
| NOR2BX1    |         53 |       72.504 | 
| NOR2BX2    |          2 |        5.472 | 
| NOR2X1     |        190 |      194.940 | 
| NOR2X2     |         24 |       41.040 | 
| NOR2X4     |         12 |       36.936 | 
| NOR3BX1    |          4 |        8.208 | 
| NOR3BX2    |          1 |        3.420 | 
| NOR3BX4    |          1 |        5.814 | 
| NOR3X1     |          3 |        5.130 | 
| NOR3X2     |          1 |        2.736 | 
| NOR3X4     |          6 |       30.780 | 
| NOR3X6     |          1 |        7.182 | 
| OA21X1     |          8 |       16.416 | 
| OAI21X1    |         15 |       25.650 | 
| OAI21X2    |          2 |        6.156 | 
| OAI21X4    |          1 |        4.788 | 
| OAI22X1    |         11 |       22.572 | 
| OAI22X2    |          2 |        6.840 | 
| OAI2BB1X1  |         24 |       41.040 | 
| OAI2BB2X2  |          1 |        5.472 | 
| OR2X1      |         23 |       31.464 | 
| OR2X2      |          1 |        1.710 | 
| OR2XL      |         21 |       28.728 | 
| OR3X1      |          2 |        4.104 | 
| OR4X1      |          3 |        6.156 | 
| XNOR2X1    |         64 |      153.216 | 
| XNOR2X2    |         10 |       30.780 | 
| XNOR3X1    |          8 |       60.192 | 
| XNOR3XL    |          1 |        7.524 | 
| XOR2XL     |          2 |        5.472 | 
| XOR3X1     |          8 |       60.192 | 
|----------------------------------------|
| Total      |       2387 |     8883.792 |
 ----------------------------------------
Library cell type information:
 -------------------------------------------------------
| Cell Type        |   Instance   |        Area         |
|                  |              |       um^2  |   %   |
|-------------------------------------------------------|
| Buffer           |           52 |     114.228 |   1.3 | 
| Inverter         |          195 |     180.918 |   2.0 | 
| Combinational    |         1428 |    2849.202 |  32.1 | 
| Flop             |          712 |    5739.444 |  64.6 | 
| Multi-Bit Flop   |            0 |       0.000 |   0.0 | 
| Latch            |            0 |       0.000 |   0.0 | 
| Clock Gater      |            0 |       0.000 |   0.0 | 
| Macro            |            0 |       0.000 |   0.0 | 
| Physical Cell    |            0 |       0.000 |   0.0 | 
|-------------------------------------------------------|
| Total            |         2387 |    8883.792 | 100.0 | 
 -------------------------------------------------------
