###############################################################
#  Generated by:      Cadence Innovus 25.10-p002_1
#  OS:                Linux x86_64(Host ID gmicro02)
#  Generated on:      Wed Jul  8 16:03:02 2026
#  Design:            cache_ECC
#  Command:           report_timing -late > "${OUT_RPT}/setup_timing.rpt"
###############################################################
Path 1: MET (0.016 ns) Late Output Delay Assertion
               View: analysis_normal_slow_max
              Group: clk
         Startpoint: (R) memory_cache/data_out1_raw_reg[redun2][3]/CK
              Clock: (R) clk
           Endpoint: (R) data_cpu[0]
              Clock: (R) clk

                       Capture       Launch
         Clock Edge:+    2.985        0.000
        Src Latency:+    0.000        0.100
        Net Latency:+    0.100 (P)    0.000 (P)
            Arrival:=    3.085        0.100

       Output Delay:-    0.300
        Uncertainty:-    0.050
      Required Time:=    2.735
       Launch Clock:=    0.100
          Data Path:+    2.619
              Slack:=    0.016

#------------------------------------------------------------------------------------------------------------------
# Timing Point                                  Flags  Arc          Edge  Cell       Fanout  Trans   Delay  Arrival  
#                                                                                             (ns)    (ns)     (ns)  
#------------------------------------------------------------------------------------------------------------------
  memory_cache/data_out1_raw_reg[redun2][3]/CK  -      CK           R     (arrival)     712  0.004       -    0.100  
  memory_cache/data_out1_raw_reg[redun2][3]/Q   -      CK->Q        F     DFFQX2          4  0.004   0.271    0.371  
  dec_way1/u_decoder/g749/Y                     -      A->Y         R     INVX1           1  0.139   0.092    0.464  
  dec_way1/u_decoder/g734__7410/Y               -      B->Y         F     NOR2X1          1  0.041   0.048    0.511  
  dec_way1/u_decoder/g726__7482/Y               -      B->Y         R     NOR2X2          6  0.050   0.102    0.614  
  dec_way1/u_decoder/FE_OFC133_n_32/Y           -      A->Y         F     INVX1           2  0.128   0.099    0.713  
  dec_way1/u_decoder/g707__8428/Y               -      B->Y         R     NOR2X1          1  0.054   0.067    0.779  
  dec_way1/u_decoder/g703__2398/Y               -      B->Y         F     NOR2X1          2  0.060   0.061    0.841  
  dec_way1/u_decoder/FE_OFC117_n_56/Y           -      A->Y         R     INVX1           3  0.052   0.053    0.894  
  dec_way1/u_decoder/g687__5115/Y               -      B->Y         F     NOR2X1          1  0.043   0.045    0.938  
  dec_way1/u_decoder/g678__2802/Y               -      B->Y         R     NOR2X1          2  0.050   0.080    1.018  
  dec_way1/u_decoder/FE_DBTC18_n_71/Y           -      A->Y         F     INVXL           2  0.086   0.098    1.116  
  dec_way1/g13827__5477/Y                       -      A1->Y        R     OAI22X2         3  0.080   0.121    1.237  
  dec_way1/g13790__1705/Y                       -      C->Y         R     XNOR3X1         2  0.127   0.198    1.435  
  dec_way1/g13779/Y                             -      A->Y         F     INVX1           2  0.046   0.049    1.484  
  dec_way1/g13771__6260/Y                       -      A1->Y        R     OAI21X1         1  0.038   0.062    1.547  
  dec_way1/g13767__5477/Y                       -      B->Y         R     AND2X1          2  0.056   0.156    1.703  
  dec_way1/g13761__2346/Y                       -      A->Y         F     NAND2X1         1  0.045   0.073    1.776  
  dec_way1/g13756__4733/Y                       -      A->Y         R     NOR2X1          1  0.058   0.075    1.852  
  dec_way1/g13749__7098/Y                       -      A->Y         F     NOR2X1          1  0.057   0.059    1.911  
  dec_way1/g13746__1705/Y                       -      B->Y         R     NOR2X1          1  0.039   0.065    1.976  
  dec_way1/g13745__2802/Y                       -      B->Y         F     NOR2X2          1  0.070   0.063    2.039  
  dec_way1/g13744__1617/Y                       -      B->Y         R     NOR2X4          8  0.047   0.083    2.122  
  dec_way1/g13743__3680/Y                       -      S0->Y        R     MX2X1           1  0.105   0.182    2.303  
  cache_controller_u/g6978__6417/Y              -      A1->Y        F     AOI21X2         1  0.040   0.146    2.450  
  cache_controller_u/g6964__8246/Y              -      A->Y         F     CLKAND2X3       1  0.192   0.189    2.639  
  cache_controller_u/g6960/Y                    -      A->Y         R     CLKINVX12       1  0.058   0.080    2.719  
  data_cpu[0]                                   -      data_cpu[0]  R     -               1  0.095   0.000    2.719  
#------------------------------------------------------------------------------------------------------------------

