============================================================
  Generated by:           Genus(TM) Synthesis Solution 21.18-s082_1
  Generated on:           Jul 08 2026  04:13:29 pm
  Module:                 cache_ECC
  Operating conditions:   PVT_0P9V_125C 
  Operating conditions:   PVT_1P32V_0C 
  Interconnect mode:      global
  Area mode:              physical library
============================================================


Path 1: MET (126 ps) Late External Delay Assertion at pin data_cpu[0]
          Group: clk
     Startpoint: (R) memory_cache/data_out2_raw_reg[data2][4]/CK
          Clock: (R) clk
       Endpoint: (F) data_cpu[0]
          Clock: (R) clk

                     Capture       Launch     
        Clock Edge:+    4000            0     
       Src Latency:+       0            0     
       Net Latency:+     100 (I)      100 (I) 
           Arrival:=    4100          100     
                                              
      Output Delay:-     300                  
       Uncertainty:-      50                  
     Required Time:=    3750                  
      Launch Clock:-     100                  
         Data Path:-    3524                  
             Slack:=     126                  

Exceptions/Constraints:
  output_delay             300             cache_ECC.sdc_line_35_42_1 

#---------------------------------------------------------------------------------------------------------------------
#                Timing Point                 Flags    Arc   Edge   Cell     Fanout Load Trans Delay Arrival Instance 
#                                                                                   (fF)  (ps)  (ps)   (ps)  Location 
#---------------------------------------------------------------------------------------------------------------------
  memory_cache/data_out2_raw_reg[data2][4]/CK -       -      R     (arrival)    712    -     0     0     100    (-,-) 
  memory_cache/data_out2_raw_reg[data2][4]/Q  -       CK->Q  F     DFFHQX1        3  7.8   205   296     396    (-,-) 
  dec_way2/u_encoder/g365/Y                   -       A->Y   R     CLKINVX4       1  4.5    63   116     511    (-,-) 
  dec_way2/u_encoder/g360__7482/Y             -       A->Y   F     NOR2X4         1  4.3    61    66     577    (-,-) 
  dec_way2/u_encoder/g350__2802/Y             -       B0->Y  R     AOI2BB1X4      2  5.4    88    94     671    (-,-) 
  dec_way2/u_encoder/g336__7410/Y             -       S0->Y  F     CLKMX2X3       2  7.3    92   234     905    (-,-) 
  dec_way2/u_encoder/g331/Y                   -       A->Y   R     CLKINVX4       1  4.5    44    64     969    (-,-) 
  dec_way2/u_encoder/g330__9945/Y             -       B0->Y  F     OAI22X4        1  3.3   117   113    1082    (-,-) 
  dec_way2/g1839__2883/Y                      -       B->Y   R     XNOR2X1        1  3.7    94   235    1317    (-,-) 
  dec_way2/g1799__2398/CO                     -       CI->CO R     ADDFHX2        2  5.0    89   242    1560    (-,-) 
  dec_way2/g1786__9315/S                      -       A->S   F     ADDHX1         1  3.3   100   247    1807    (-,-) 
  dec_way2/g1780__7482/Y                      -       B->Y   R     XNOR2X2        2  5.2    87   256    2062    (-,-) 
  dec_way2/g2__7482/Y                         -       B->Y   F     XOR2X1         3 10.3   272   305    2367    (-,-) 
  dec_way2/g1765__2802/Y                      -       A1->Y  R     AOI22X4        1  3.7   101   205    2572    (-,-) 
  dec_way2/g1762__6783/Y                      -       B->Y   F     NAND2X2        1  5.8   198   168    2740    (-,-) 
  dec_way2/g1760__8428/Y                      -       A->Y   R     NAND2X8        8 16.1    87   125    2865    (-,-) 
  dec_way2/g1759__4319/Y                      -       S0->Y  F     MX2X1          1  3.1    96   209    3074    (-,-) 
  cache_controller_u/g4538__6161/Y            -       A1->Y  F     AO22X1         1  3.6   112   224    3299    (-,-) 
  cache_controller_u/g4532__7098/Y            -       C->Y   F     OR3X6          1 47.9   255   325    3624    (-,-) 
  data_cpu[0]                                 <<<     -      F     (port)         -    -     -     0    3624    (-,-) 
#---------------------------------------------------------------------------------------------------------------------

