============================================================
  Generated by:           Genus(TM) Synthesis Solution 21.18-s082_1
  Generated on:           Jul 08 2026  04:13:29 pm
  Module:                 cache_ECC
  Operating conditions:   PVT_0P9V_125C 
  Operating conditions:   PVT_1P32V_0C 
  Interconnect mode:      global
  Area mode:              physical library
============================================================

                                               Library 
   Gate     Instances    Area       Library     Domain 
-------------------------------------------------------
ACHCONX2            1    12.654    slow_vdd1v0   worst 
ADDFHX1             1     7.524    slow_vdd1v0   worst 
ADDFHX2             3    24.624    slow_vdd1v0   worst 
ADDFX1             14    71.820    slow_vdd1v0   worst 
ADDFX2              1     7.866    slow_vdd1v0   worst 
ADDHX1              9    33.858    slow_vdd1v0   worst 
ADDHX2              1     5.130    slow_vdd1v0   worst 
AND2X1            166   227.088    slow_vdd1v0   worst 
AND2X2              2     3.420    slow_vdd1v0   worst 
AND2X4             21    57.456    slow_vdd1v0   worst 
AND2X6             16    60.192    slow_vdd1v0   worst 
AND2X8             16    71.136    slow_vdd1v0   worst 
AND3X2              3     8.208    slow_vdd1v0   worst 
AO21X1              3     7.182    slow_vdd1v0   worst 
AO21X4              1     3.420    slow_vdd1v0   worst 
AO22X1              8    21.888    slow_vdd1v0   worst 
AOI21X2             3     8.208    slow_vdd1v0   worst 
AOI21X4             8    41.040    slow_vdd1v0   worst 
AOI221X4            1     7.866    slow_vdd1v0   worst 
AOI222X2            1     5.472    slow_vdd1v0   worst 
AOI22X1           316   648.432    slow_vdd1v0   worst 
AOI22X2             2     7.524    slow_vdd1v0   worst 
AOI22X4             4    24.624    slow_vdd1v0   worst 
AOI2BB1X1           3     6.156    slow_vdd1v0   worst 
AOI2BB1X2           2     6.156    slow_vdd1v0   worst 
AOI2BB1X4           9    36.936    slow_vdd1v0   worst 
AOI2BB2X4           1     7.524    slow_vdd1v0   worst 
BMXIX2              1     7.524    slow_vdd1v0   worst 
BUFX2               4     6.840    slow_vdd1v0   worst 
CLKAND2X12          1     7.524    slow_vdd1v0   worst 
CLKAND2X2           1     2.052    slow_vdd1v0   worst 
CLKAND2X3           1     3.078    slow_vdd1v0   worst 
CLKAND2X6           3    14.364    slow_vdd1v0   worst 
CLKINVX12           4    16.416    slow_vdd1v0   worst 
CLKINVX3            1     1.710    slow_vdd1v0   worst 
CLKINVX4           21    35.910    slow_vdd1v0   worst 
CLKINVX6            7    16.758    slow_vdd1v0   worst 
CLKINVX8            7    21.546    slow_vdd1v0   worst 
CLKMX2X2           12    36.936    slow_vdd1v0   worst 
CLKMX2X3           30   123.120    slow_vdd1v0   worst 
CLKMX2X6            8    35.568    slow_vdd1v0   worst 
CLKXOR2X1          56   153.216    slow_vdd1v0   worst 
CLKXOR2X2           9    30.780    slow_vdd1v0   worst 
DFFHQX1            21   114.912    slow_vdd1v0   worst 
DFFQX2             53   344.394    slow_vdd1v0   worst 
DFFQX4              1     7.182    slow_vdd1v0   worst 
DFFRHQX1           51   313.956    slow_vdd1v0   worst 
DFFRHQX2            2    15.732    slow_vdd1v0   worst 
DFFRHQX4            3    28.728    slow_vdd1v0   worst 
DFFRX1              1     6.840    slow_vdd1v0   worst 
DFFRX2              4    30.096    slow_vdd1v0   worst 
EDFFHQX1          576  4924.800    slow_vdd1v0   worst 
INVX1              49    33.516    slow_vdd1v0   worst 
INVX2              18    18.468    slow_vdd1v0   worst 
INVX3              19    25.992    slow_vdd1v0   worst 
INVX6               2     4.788    slow_vdd1v0   worst 
INVX8               5    15.390    slow_vdd1v0   worst 
MX2X1              54   129.276    slow_vdd1v0   worst 
MXI2X1              2     5.472    slow_vdd1v0   worst 
MXI2X2              1     4.446    slow_vdd1v0   worst 
NAND2BX1            7     9.576    slow_vdd1v0   worst 
NAND2BX2            9    21.546    slow_vdd1v0   worst 
NAND2BX4            3    11.286    slow_vdd1v0   worst 
NAND2X1            83    85.158    slow_vdd1v0   worst 
NAND2X2            14    23.940    slow_vdd1v0   worst 
NAND2X4             4    13.680    slow_vdd1v0   worst 
NAND2X6             1     4.788    slow_vdd1v0   worst 
NAND2X8             2    10.944    slow_vdd1v0   worst 
NAND3X2             2     5.472    slow_vdd1v0   worst 
NOR2BX1            13    17.784    slow_vdd1v0   worst 
NOR2BX2            14    38.304    slow_vdd1v0   worst 
NOR2BX4             6    22.572    slow_vdd1v0   worst 
NOR2X1              6     6.156    slow_vdd1v0   worst 
NOR2X2              9    15.390    slow_vdd1v0   worst 
NOR2X4             34   104.652    slow_vdd1v0   worst 
NOR2X6             13    53.352    slow_vdd1v0   worst 
NOR2X8              5    27.360    slow_vdd1v0   worst 
NOR3X2              2     5.472    slow_vdd1v0   worst 
NOR3X4              2    10.260    slow_vdd1v0   worst 
OA21X1              5    10.260    slow_vdd1v0   worst 
OA22X1              3     7.182    slow_vdd1v0   worst 
OAI21X1             3     5.130    slow_vdd1v0   worst 
OAI21X2             4    12.312    slow_vdd1v0   worst 
OAI21X4             7    33.516    slow_vdd1v0   worst 
OAI222X4            1     9.234    slow_vdd1v0   worst 
OAI22X1             7    14.364    slow_vdd1v0   worst 
OAI22X4             2    12.996    slow_vdd1v0   worst 
OAI2BB1X1          32    54.720    slow_vdd1v0   worst 
OAI2BB1X2           1     3.078    slow_vdd1v0   worst 
OAI2BB2X4           1     8.550    slow_vdd1v0   worst 
OAI31X4             2    13.680    slow_vdd1v0   worst 
OR2X1              32    43.776    slow_vdd1v0   worst 
OR2X2               7    11.970    slow_vdd1v0   worst 
OR2X6               1     3.762    slow_vdd1v0   worst 
OR3X6              10    47.880    slow_vdd1v0   worst 
OR4X1               1     2.052    slow_vdd1v0   worst 
OR4X2               1     3.420    slow_vdd1v0   worst 
XNOR2X1            78   186.732    slow_vdd1v0   worst 
XNOR2X2             6    18.468    slow_vdd1v0   worst 
XNOR2X4            10    37.620    slow_vdd1v0   worst 
XNOR3X1             3    22.572    slow_vdd1v0   worst 
XOR2X1              2     5.472    slow_vdd1v0   worst 
XOR2X4              6    24.624    slow_vdd1v0   worst 
XOR3X1              4    30.096    slow_vdd1v0   worst 
XOR3XL              1     7.524    slow_vdd1v0   worst 
-------------------------------------------------------
total            2103  9079.416                


                                         
     Type      Instances   Area   Area % 
-----------------------------------------
sequential           712 5786.640   63.7 
inverter             133  190.494    2.1 
buffer                 4    6.840    0.1 
logic               1254 3095.442   34.1 
physical_cells         0    0.000    0.0 
-----------------------------------------
total               2103 9079.416  100.0 

