============================================================
  Generated by:           Genus(TM) Synthesis Solution 21.18-s082_1
  Generated on:           Jul 08 2026  04:13:29 pm
  Module:                 cache_ECC
  Library domain:         worst
    Domain index:         0
    Technology library:   slow_vdd1v0 1.0
  Library domain:         best
    Domain index:         1
    Technology library:   fast_vdd1v2 1.0
  Operating conditions:   PVT_0P9V_125C 
  Operating conditions:   PVT_1P32V_0C 
  Interconnect mode:      global
  Area mode:              physical library
============================================================

      Instance              Module         Cell Count  Cell Area  Net Area   Total Area 
----------------------------------------------------------------------------------------
cache_ECC                                        2103   9079.416  2590.178    11669.594 
  cache_controller_u cache_controller             318    914.166   304.626     1218.792 
  dec_way1           ECC_full_decoder             239    724.698   231.264      955.962 
    u_decoder        ECC_decoder                   62    186.390    46.374      232.764 
    u_encoder        ECC_encoder_316               46    133.722    29.459      163.181 
  dec_way2           ECC_full_decoder_193         247    757.188   239.322      996.510 
    u_decoder        ECC_decoder_314               61    184.338    45.633      229.971 
    u_encoder        ECC_encoder_315               48    139.878    30.942      170.820 
  enc                ECC_full_encoder              28     90.972    13.950      104.922 
    u_encoder        ECC_encoder                   28     90.972    13.950      104.922 
  memory_cache       cache_SRAM                  1271   6592.392  1327.808     7920.200 
