============================================================
  Generated by:           Genus(TM) Synthesis Solution 21.18-s082_1
  Generated on:           Jul 08 2026  04:13:29 pm
  Module:                 cache_ECC
  Library domain:         worst
    Domain index:         0
    Technology library:   slow_vdd1v0 1.0
  Library domain:         best
    Domain index:         1
    Technology library:   fast_vdd1v2 1.0
  Operating conditions:   PVT_0P9V_125C 
  Operating conditions:   PVT_1P32V_0C 
  Interconnect mode:      global
  Area mode:              physical library
============================================================

      Instance              Module         Cell Count  Normalized Cell Area  Normalized Net Area   Normalized Total Area 
-------------------------------------------------------------------------------------------------------------------------
cache_ECC                                        2103              8849.333             2524.540               11373.873 
  cache_controller_u cache_controller             318               891.000              296.907                1187.907 
  dec_way1           ECC_full_decoder             239               706.333              225.403                 931.736 
    u_decoder        ECC_decoder                   62               181.667               45.199                 226.866 
    u_encoder        ECC_encoder_316               46               130.333               28.713                 159.046 
  dec_way2           ECC_full_decoder_193         247               738.000              233.257                 971.257 
    u_decoder        ECC_decoder_314               61               179.667               44.477                 224.143 
    u_encoder        ECC_encoder_315               48               136.333               30.157                 166.491 
  enc                ECC_full_encoder              28                88.667               13.597                 102.263 
    u_encoder        ECC_encoder                   28                88.667               13.597                 102.263 
  memory_cache       cache_SRAM                  1271              6425.333             1294.159                7719.493 
