============================================================
  Generated by:           Genus(TM) Synthesis Solution 21.18-s082_1
  Generated on:           Jul 08 2026  04:13:29 pm
  Module:                 cache_ECC
  Operating conditions:   PVT_0P9V_125C 
  Operating conditions:   PVT_1P32V_0C 
  Interconnect mode:      global
  Area mode:              physical library
============================================================

Timing
--------

Clock Period 
-------------
clk   4000.0 


  Cost    Critical         Violating 
 Group   Path Slack  TNS     Paths   
-------------------------------------
clk           125.7   0.0          0 
default    No paths   0.0            
-------------------------------------
Total                 0.0          0 

Instance Count
--------------
Leaf Instance Count             2103 
Physical Instance count            0 
Sequential Instance Count        712 
Combinational Instance Count    1391 
Hierarchical Instance Count       10 

Area
----
Cell Area                          9079.416
Physical Cell Area                 0.000
Total Cell Area (Cell+Physical)    9079.416
Net Area                           2590.178
Total Area (Cell+Physical+Net)     11669.594

Max Fanout                         712 (clk)
Min Fanout                         0 (n_0)
Average Fanout                     2.6
Terms to net ratio                 3.5923
Terms to instance ratio            3.7033
Runtime                            47.241023999999996 seconds
Elapsed Runtime                    48 seconds
Genus peak memory usage            1695.83 
Innovus peak memory usage          no_value 
Hostname                           gmicro02
