###############################################################
#  Generated by:      Cadence Innovus 25.10-p002_1
#  OS:                Linux x86_64(Host ID gmicro02)
#  Generated on:      Wed Jul  8 16:22:19 2026
#  Design:            cache_ECC
#  Command:           report_gates -out_file /home/epiphane/projets/cache_ECC/backend/layout/reports/cache_ECC_stdcell_worst_300_0/cache_ECC_gates_layout.rpt
###############################################################
Library cell information:
 ----------------------------------------
| Cell       |  Instance  |  Area(um^2)  |
|----------------------------------------|
| ADDFX1     |         10 |       51.300 | 
| AND2X1     |        202 |      276.336 | 
| AND2X2     |          9 |       15.390 | 
| AND2X4     |         16 |       43.776 | 
| AND2X6     |         21 |       79.002 | 
| AND2X8     |         11 |       48.906 | 
| AND3XL     |          2 |        4.104 | 
| AND4X1     |          1 |        2.394 | 
| AO21X1     |          2 |        4.788 | 
| AO22X1     |          8 |       21.888 | 
| AOI211X1   |          1 |        2.394 | 
| AOI21X1    |         14 |       23.940 | 
| AOI21X2    |          1 |        2.736 | 
| AOI221X4   |          8 |       62.928 | 
| AOI222X1   |          1 |        3.078 | 
| AOI22X1    |        311 |      638.172 | 
| AOI2BB1X1  |          7 |       14.364 | 
| AOI2BB1X2  |          1 |        3.078 | 
| AOI2BB2X1  |          1 |        3.420 | 
| BMXIX2     |          3 |       22.572 | 
| BUFX2      |         32 |       54.720 | 
| BUFX3      |          4 |        8.208 | 
| CLKAND2X12 |          1 |        7.524 | 
| CLKAND2X2  |          2 |        4.104 | 
| CLKAND2X3  |          1 |        3.078 | 
| CLKBUFX6   |         11 |       33.858 | 
| CLKBUFX8   |          4 |       15.048 | 
| CLKINVX6   |         11 |       26.334 | 
| CLKINVX8   |          3 |        9.234 | 
| CLKXOR2X1  |         48 |      131.328 | 
| CLKXOR2X2  |          5 |       17.100 | 
| DFFHQX1    |         70 |      383.040 | 
| DFFQX2     |          5 |       32.490 | 
| DFFRHQX1   |         56 |      344.736 | 
| DFFRX1     |          5 |       34.200 | 
| EDFFHQX1   |        576 |     4924.800 | 
| INVX1      |        118 |       80.712 | 
| INVX2      |          2 |        2.052 | 
| INVX3      |          3 |        4.104 | 
| INVXL      |         36 |       24.624 | 
| MX2X1      |         78 |      186.732 | 
| MXI2X1     |          6 |       16.416 | 
| MXI2XL     |          9 |       21.546 | 
| NAND2BX1   |         20 |       27.360 | 
| NAND2X1    |        110 |      112.860 | 
| NAND2X2    |          7 |       11.970 | 
| NAND3X1    |          2 |        3.420 | 
| NOR2BX1    |         40 |       54.720 | 
| NOR2BX2    |          3 |        8.208 | 
| NOR2BX4    |          1 |        3.762 | 
| NOR2X1     |        205 |      210.330 | 
| NOR2X2     |          6 |       10.260 | 
| NOR2X6     |          1 |        4.104 | 
| NOR3BX1    |          2 |        4.104 | 
| NOR3X1     |          4 |        6.840 | 
| OA21X1     |          4 |        8.208 | 
| OA22X1     |          3 |        7.182 | 
| OAI21X1    |         20 |       34.200 | 
| OAI222X1   |          1 |        2.736 | 
| OAI22X1    |         11 |       22.572 | 
| OAI22X2    |          1 |        3.420 | 
| OAI2BB1X1  |         24 |       41.040 | 
| OR2X1      |         27 |       36.936 | 
| OR2XL      |         17 |       23.256 | 
| OR3X1      |          3 |        6.156 | 
| OR3XL      |          2 |        4.104 | 
| OR4X1      |          1 |        2.052 | 
| XNOR2X1    |         64 |      153.216 | 
| XNOR2X2    |          9 |       27.702 | 
| XNOR2X4    |          1 |        3.762 | 
| XNOR3X1    |          7 |       52.668 | 
| XOR2X1     |          3 |        8.208 | 
| XOR2X4     |          1 |        4.104 | 
| XOR3X1     |          5 |       37.620 | 
|----------------------------------------|
| Total      |       2321 |     8627.634 |
 ----------------------------------------
Library cell type information:
 -------------------------------------------------------
| Cell Type        |   Instance   |        Area         |
|                  |              |       um^2  |   %   |
|-------------------------------------------------------|
| Buffer           |           51 |     111.834 |   1.3 | 
| Inverter         |          173 |     147.060 |   1.7 | 
| Combinational    |         1385 |    2649.474 |  30.7 | 
| Flop             |          712 |    5719.266 |  66.3 | 
| Multi-Bit Flop   |            0 |       0.000 |   0.0 | 
| Latch            |            0 |       0.000 |   0.0 | 
| Clock Gater      |            0 |       0.000 |   0.0 | 
| Macro            |            0 |       0.000 |   0.0 | 
| Physical Cell    |            0 |       0.000 |   0.0 | 
|-------------------------------------------------------|
| Total            |         2321 |    8627.634 | 100.0 | 
 -------------------------------------------------------
