###############################################################
#  Generated by:      Cadence Innovus 25.10-p002_1
#  OS:                Linux x86_64(Host ID gmicro02)
#  Generated on:      Wed Jul  8 16:22:19 2026
#  Design:            cache_ECC
#  Command:           report_timing -early > "${OUT_RPT}/hold_timing.rpt"
###############################################################
Path 1: MET (0.011 ns) Hold Check with Pin memory_cache/valid_array_reg[2][0]/CK->D
               View: analysis_normal_fast_min
              Group: clk
         Startpoint: (R) memory_cache/valid_array_reg[2][0]/CK
              Clock: (R) clk
           Endpoint: (F) memory_cache/valid_array_reg[2][0]/D
              Clock: (R) clk

                       Capture       Launch
         Clock Edge:+    0.000        0.000
        Src Latency:+    0.100        0.100
        Net Latency:+    0.000 (P)    0.000 (P)
            Arrival:=    0.100        0.100

               Hold:+    0.001
        Uncertainty:+    0.050
      Required Time:=    0.151
       Launch Clock:=    0.100
          Data Path:+    0.061
              Slack:=    0.011

#-----------------------------------------------------------------------------------------------------
# Timing Point                           Flags  Arc    Edge  Cell       Fanout  Trans   Delay  Arrival  
#                                                                                (ns)    (ns)     (ns)  
#-----------------------------------------------------------------------------------------------------
  memory_cache/valid_array_reg[2][0]/CK  -      CK     R     (arrival)     712  0.004       -    0.100  
  memory_cache/valid_array_reg[2][0]/Q   -      CK->Q  F     DFFRHQX1        2  0.004   0.041    0.141  
  memory_cache/FE_RC_6_0/Y               -      A->Y   F     OR2XL           1  0.007   0.020    0.161  
  memory_cache/valid_array_reg[2][0]/D   -      D      F     DFFRHQX1        1  0.007   0.000    0.161  
#-----------------------------------------------------------------------------------------------------

