###############################################################
#  Generated by:      Cadence Innovus 25.10-p002_1
#  OS:                Linux x86_64(Host ID gmicro02)
#  Generated on:      Wed Jul  8 16:22:19 2026
#  Design:            cache_ECC
#  Command:           report_timing -late > "${OUT_RPT}/setup_timing.rpt"
###############################################################
Path 1: MET (0.025 ns) Late Output Delay Assertion
               View: analysis_normal_slow_max
              Group: clk
         Startpoint: (R) memory_cache/data_out2_raw_reg[redun2][0]/CK
              Clock: (R) clk
           Endpoint: (F) data_cpu[1]
              Clock: (R) clk

                       Capture       Launch
         Clock Edge:+    3.333        0.000
        Src Latency:+    0.000        0.100
        Net Latency:+    0.100 (P)    0.000 (P)
            Arrival:=    3.433        0.100

       Output Delay:-    0.300
        Uncertainty:-    0.050
      Required Time:=    3.083
       Launch Clock:=    0.100
          Data Path:+    2.958
              Slack:=    0.025

#------------------------------------------------------------------------------------------------------------------
# Timing Point                                  Flags  Arc          Edge  Cell       Fanout  Trans   Delay  Arrival  
#                                                                                             (ns)    (ns)     (ns)  
#------------------------------------------------------------------------------------------------------------------
  memory_cache/data_out2_raw_reg[redun2][0]/CK  -      CK           R     (arrival)     712  0.004       -    0.100  
  memory_cache/data_out2_raw_reg[redun2][0]/Q   -      CK->Q        F     DFFHQX1         4  0.004   0.265    0.365  
  dec_way2/u_decoder/g475/Y                     -      A->Y         R     INVX1           2  0.142   0.101    0.466  
  dec_way2/u_decoder/g451__7410/Y               -      B->Y         F     NOR2X1          1  0.053   0.050    0.516  
  dec_way2/u_decoder/g447__9945/Y               -      A->Y         R     NOR2X1          3  0.045   0.103    0.620  
  dec_way2/u_decoder/g443/Y                     -      A->Y         F     INVX1           2  0.114   0.091    0.711  
  dec_way2/u_decoder/g432__5122/Y               -      B->Y         R     NOR2X1          1  0.053   0.062    0.773  
  dec_way2/u_decoder/g427__6783/Y               -      A->Y         F     NOR2X1          2  0.053   0.068    0.842  
  dec_way2/u_decoder/g421/Y                     -      A->Y         R     INVX1           3  0.059   0.057    0.899  
  dec_way2/u_decoder/g412__1666/Y               -      B->Y         F     NOR2X1          1  0.045   0.045    0.944  
  dec_way2/u_decoder/g409__9945/Y               -      B->Y         R     NOR2X1          2  0.052   0.082    1.025  
  dec_way2/u_decoder/FE_DBTC10_n_69/Y           -      A->Y         F     INVXL           2  0.087   0.100    1.126  
  dec_way2/g2532__6131/Y                        -      A1->Y        R     OAI22X2         1  0.083   0.107    1.232  
  dec_way2/g2497__2346/S                        -      CI->S        F     ADDFX1          2  0.101   0.316    1.548  
  dec_way2/g2488__4733/Y                        -      S0->Y        R     MX2X1           2  0.071   0.189    1.737  
  dec_way2/g2482__6131/Y                        -      B->Y         R     AND2X1          2  0.044   0.146    1.883  
  dec_way2/g2476__2802/Y                        -      B->Y         F     NOR2X1          1  0.037   0.041    1.924  
  dec_way2/g2562__2346/Y                        -      B->Y         R     NOR2BX1         1  0.044   0.056    1.980  
  dec_way2/g2467__6260/Y                        -      A->Y         F     NOR2X1          1  0.050   0.055    2.035  
  dec_way2/g2460__7410/Y                        -      B->Y         R     NOR3X1          1  0.038   0.098    2.133  
  dec_way2/g2458__2346/Y                        -      B->Y         F     NOR2X1          1  0.087   0.073    2.207  
  dec_way2/g2457__2883/Y                        -      B->Y         F     CLKAND2X3       8  0.044   0.113    2.320  
  dec_way2/g2453__4733/Y                        -      S0->Y        F     MX2X1           1  0.068   0.161    2.481  
  cache_controller_u/g5579__7098/Y              -      B1->Y        R     AOI221X4        1  0.077   0.191    2.672  
  cache_controller_u/g5577__5122/Y              -      A->Y         R     AND2X1          1  0.206   0.230    2.902  
  cache_controller_u/FE_OFC124_n_198/Y          -      A->Y         F     CLKINVX6        1  0.071   0.156    3.058  
  data_cpu[1]                                   -      data_cpu[1]  F     -               1  0.223   0.000    3.058  
#------------------------------------------------------------------------------------------------------------------

